Note: Failed to import the optional openff.evaluator package. 
Note: Failed to import the optional openff-toolkit package. 
Note: Failed to import the optional openff.recharge package.
#======================================================================#
#| [1m            Welcome to ForceBalance version 1.8.1! =D             [0m |#
#| [1m                 Force Field Optimization System                  [0m |#
#| [1m                                                                  [0m |#
#| [1m                             Authors:                             [0m |#
#| [1m                          Lee-Ping Wang                           [0m |#
#| [1m                  Yudong Qiu, Keri A. McKiernan                   [0m |#
#| [1m          Jeffrey R. Wagner, Hyesu Jang, Simon Boothroyd          [0m |#
#| [1m          Arthur Vigil, Erik G. Brandt, John Stoppelman           [0m |#
#| [1m                  Johnny Israeli, Matt Thompson                   [0m |#
#======================================================================#

                          [44m     [0m                                        
                       [44m        [0m      [43m     [0m                              
                    [44m        [0m   [44m  [0m    [43m         [0m                          
                 [44m       [0m    [44m      [0m      [43m         [0m                       
             [44m        [0m    [44m        [0m          [43m         [0m                    
          [44m        [0m    [44m        [0m                 [43m        [0m                 
       [44m        [0m    [44m       [0m                        [43m        [0m              
    [44m        [0m   [44m        [0m                              [43m         [0m          
   [44m      [0m   [44m        [0m               `.:+@@###@'          [43m         [0m       
    [44m [0m    [44m        [0m          ,;'+###############.             [43m     [0m       
      [44m        [0m         +################':`                    [43m [0m        
      [44m     [0m              `.,,...####+.                                  
                                ,#####      +##.               [44m   [0m   [44m   [0m
 [43m    [0m                            #####      ######             [44m   [0m   [44m   [0m
 [43m    [0m                ###'        ####'     :#####'             [44m   [0m   [44m   [0m
 [43m    [0m                :####@      ####.    ,####'               [44m   [0m   [44m   [0m
 [43m    [0m                 ######     ####    +###+                 [44m   [0m   [44m   [0m
 [43m    [0m                  #####     ####   ###;                   [44m   [0m   [44m   [0m
 [43m    [0m                   :##      ####  ++`                     [44m   [0m   [44m   [0m
 [43m    [0m                            ####``..:;+##############+`   [44m   [0m   [44m   [0m
 [43m    [0m             .,:;;'++##################################`  [44m   [0m   [44m   [0m
 [43m    [0m    `############################++++''';;;;;;;;;;;'';    [44m   [0m   [44m   [0m
 [43m    [0m      ,########':,.``       ####                          [44m   [0m   [44m   [0m
 [43m    [0m                            ####                          [44m   [0m   [44m   [0m
 [43m    [0m                            ####                          [44m   [0m   [44m   [0m
 [43m    [0m                            ####                          [44m   [0m   [44m   [0m
 [43m    [0m                            ####                          [44m   [0m   [44m   [0m
 [43m    [0m                            ####                          [44m   [0m   [44m   [0m
 [43m    [0m                            ####                          [44m   [0m   [44m   [0m
 [43m    [0m                            ####                          [44m   [0m   [44m   [0m
      [44m    [0m                       ####                                   
     [44m        [0m                    ####                                   
    [44m [0m    [44m       [0m                 ####                       [43m     [0m       
   [44m     [0m    [44m        [0m             ####                    [43m        [0m       
   [44m        [0m    [44m        [0m          ###                  [43m         [0m         
      [44m        [0m    [44m        [0m        +`               [43m        [0m             
          [44m        [0m   [44m        [0m                   [43m        [0m                
             [44m        [0m   [44m         [0m           [43m         [0m                   
                [44m        [0m    [44m       [0m      [43m         [0m                      
                   [44m        [0m    [44m   [0m    [43m        [0m                          
                      [44m        [0m       [43m      [0m                             
                          [44m      [0m      [43m  [0m                                
                             [44m  [0m                                         

Reading options from file: valid_3.in
#========================================================#
#| [95m  Options at their default values are not printed   [0m |#
#| [95m        Use 'verbose_options True' to Enable        [0m |#
#========================================================#
Reading force field from file: dasa.frcmod
Reading force field from file: dasa.mol2
#=========================================================#
#| [92m Starting parameter indices, physical values and IDs [0m |#
#=========================================================#
   0 [  2.3580e+02 ] : BONDSK/cy-c3
   1 [  1.5277e+00 ] : BONDSB/cy-c3
   2 [  2.0983e+02 ] : BONDSK/cy-os
   3 [  1.4139e+00 ] : BONDSB/cy-os
   4 [  2.7907e+02 ] : BONDSK/cv-cv
   5 [  1.5281e+00 ] : BONDSB/cv-cv
   6 [  6.4264e+02 ] : BONDSK/cv-o
   7 [  1.2319e+00 ] : BONDSB/cv-o
   8 [  2.5636e+02 ] : BONDSK/cv-os
   9 [  1.3769e+00 ] : BONDSB/cv-os
  10 [  3.8759e+02 ] : BONDSK/cv-ce
  11 [  1.4129e+00 ] : BONDSB/cv-ce
  12 [  3.3039e+02 ] : BONDSK/c3-hc
  13 [  1.0966e+00 ] : BONDSB/c3-hc
  14 [  3.5811e+02 ] : BONDSK/ce-ha
  15 [  1.0852e+00 ] : BONDSB/ce-ha
  16 [  3.2426e+02 ] : BONDSK/c2-ha
  17 [  1.0870e+00 ] : BONDSB/c2-ha
  18 [  3.8744e+02 ] : BONDSK/c2-c2
  19 [  1.3902e+00 ] : BONDSB/c2-c2
  20 [  4.0160e+02 ] : BONDSK/c2-ce
  21 [  1.3972e+00 ] : BONDSB/c2-ce
  22 [  3.7269e+02 ] : BONDSK/c2-oh
  23 [  1.3459e+00 ] : BONDSB/c2-oh
  24 [  3.1397e+02 ] : BONDSK/ce-h4
  25 [  1.0900e+00 ] : BONDSB/ce-h4
  26 [  4.7093e+02 ] : BONDSK/ce-n3
  27 [  1.3398e+00 ] : BONDSB/ce-n3
  28 [  3.2121e+02 ] : BONDSK/c3-h1
  29 [  1.0948e+00 ] : BONDSB/c3-h1
  30 [  2.4168e+02 ] : BONDSK/c3-c3
  31 [  1.5336e+00 ] : BONDSB/c3-c3
  32 [  2.4290e+02 ] : BONDSK/c3-n3
  33 [  1.4694e+00 ] : BONDSB/c3-n3
  34 [  4.0051e+02 ] : BONDSK/oh-ho
  35 [  9.6519e-01 ] : BONDSB/oh-ho
  36 [  4.5779e+01 ] : ANGLESK/cy-c3-hc
  37 [  1.0874e+02 ] : ANGLESB/cy-c3-hc
  38 [  5.9050e+01 ] : ANGLESK/cy-os-cv
  39 [  1.0982e+02 ] : ANGLESB/cy-os-cv
  40 [  5.8163e+01 ] : ANGLESK/cv-cv-cv
  41 [  1.6364e+02 ] : ANGLESB/cv-cv-cv
  42 [  5.5841e+01 ] : ANGLESK/cv-cv-ce
  43 [  1.4956e+02 ] : ANGLESB/cv-cv-ce
  44 [  5.3906e+01 ] : ANGLESK/cv-cv-o
  45 [  1.5791e+02 ] : ANGLESB/cv-cv-o
  46 [  5.8211e+01 ] : ANGLESK/cv-cv-os
  47 [  1.4379e+02 ] : ANGLESB/cv-cv-os
  48 [  4.0267e+01 ] : ANGLESK/cv-ce-ha
  49 [  1.4604e+02 ] : ANGLESB/cv-ce-ha
  50 [  6.9600e+01 ] : ANGLESK/cv-ce-c2
  51 [  1.4312e+02 ] : ANGLESB/cv-ce-c2
  52 [  6.2657e+01 ] : ANGLESK/c3-cy-c3
  53 [  1.2005e+02 ] : ANGLESB/c3-cy-c3
  54 [  6.4937e+01 ] : ANGLESK/c3-cy-os
  55 [  1.1301e+02 ] : ANGLESB/c3-cy-os
  56 [  3.6590e+01 ] : ANGLESK/hc-c3-hc
  57 [  1.0768e+02 ] : ANGLESB/hc-c3-hc
  58 [  6.5390e+01 ] : ANGLESK/ce-c2-ce
  59 [  1.2098e+02 ] : ANGLESB/ce-c2-ce
  60 [  3.3701e+01 ] : ANGLESK/ce-c2-oh
  61 [  1.1481e+02 ] : ANGLESB/ce-c2-oh
  62 [  3.2879e+01 ] : ANGLESK/ha-ce-c2
  63 [  1.5574e+02 ] : ANGLESB/ha-ce-c2
  64 [  4.3176e+01 ] : ANGLESK/c2-ce-c2
  65 [  1.5144e+02 ] : ANGLESB/c2-ce-c2
  66 [  5.1287e+01 ] : ANGLESK/c2-oh-ho
  67 [  1.0637e+02 ] : ANGLESB/c2-oh-ho
  68 [  3.1652e+01 ] : ANGLESK/ha-c2-ce
  69 [  1.2244e+02 ] : ANGLESB/ha-c2-ce
  70 [  3.2256e+01 ] : ANGLESK/c2-ce-h4
  71 [  1.5095e+02 ] : ANGLESB/c2-ce-h4
  72 [  6.2893e+01 ] : ANGLESK/c2-ce-n3
  73 [  1.4244e+02 ] : ANGLESB/c2-ce-n3
  74 [  6.4556e+01 ] : ANGLESK/ce-n3-c3
  75 [  1.2025e+02 ] : ANGLESB/ce-n3-c3
  76 [  4.7151e+01 ] : ANGLESK/h4-ce-n3
  77 [  1.3671e+02 ] : ANGLESB/h4-ce-n3
  78 [  4.1444e+01 ] : ANGLESK/c3-c3-hc
  79 [  1.1038e+02 ] : ANGLESB/c3-c3-hc
  80 [  6.0818e+01 ] : ANGLESK/c3-n3-c3
  81 [  1.1764e+02 ] : ANGLESB/c3-n3-c3
  82 [  3.7337e+01 ] : ANGLESK/h1-c3-h1
  83 [  1.0937e+02 ] : ANGLESB/h1-c3-h1
  84 [  4.3509e+01 ] : ANGLESK/h1-c3-c3
  85 [  1.1210e+02 ] : ANGLESB/h1-c3-c3
  86 [  4.9833e+01 ] : ANGLESK/h1-c3-n3
  87 [  1.0945e+02 ] : ANGLESB/h1-c3-n3
  88 [  5.9716e+01 ] : ANGLESK/c3-c3-n3
  89 [  1.1382e+02 ] : ANGLESB/c3-c3-n3
  90 [  8.7289e+01 ] : ANGLESK/o-cv-os
  91 [  1.3496e+02 ] : ANGLESB/o-cv-os
  92 [  9.3357e+01 ] : ANGLESK/os-cy-os
  93 [  1.0844e+02 ] : ANGLESB/os-cy-os
  94 [  1.2030e+00 ] : PDIHS2K/cv-cv-cv-o
  95 [  3.0665e-02 ] : PDIHS2K/cv-cv-cv-os
  96 [  3.7403e+00 ] : PDIHS2K/cv-cv-ce-ha
  97 [  3.8773e+00 ] : PDIHS2K/cv-cv-ce-c2
  98 [  5.2895e-01 ] : PDIHS2K/cy-os-cv-cv
  99 [  4.1847e+00 ] : PDIHS2K/cy-os-cv-o
 100 [ -2.8624e-01 ] : PDIHS3K/cv-os-cy-c3
 101 [  8.5206e-01 ] : PDIHS3K/cv-os-cy-os
 102 [  6.9241e+00 ] : PDIHS2K/cv-ce-c2-ce
 103 [  3.9407e+00 ] : PDIHS2K/cv-ce-c2-oh
 104 [  1.8367e-01 ] : PDIHS3K/c3-cy-c3-hc
 105 [  2.1110e-01 ] : PDIHS3K/hc-c3-cy-os
 106 [  9.7348e-02 ] : PDIHS1K/hc-c3-cy-os
 107 [  2.3646e-01 ] : PDIHS2K/ce-cv-cv-o
 108 [  3.7565e+00 ] : PDIHS2K/ce-cv-cv-os
 109 [  1.8754e+00 ] : PDIHS2K/ce-c2-ce-ha
 110 [  4.5576e+00 ] : PDIHS2K/ce-c2-ce-c2
 111 [  6.2190e-01 ] : PDIHS2K/ce-c2-oh-ho
 112 [  4.0775e+00 ] : PDIHS2K/ha-ce-c2-oh
 113 [  2.1421e+00 ] : PDIHS2K/ce-c2-ce-h4
 114 [  4.0441e+00 ] : PDIHS2K/ce-c2-ce-n3
 115 [  2.5730e+00 ] : PDIHS2K/ha-c2-ce-ha
 116 [  4.6818e+00 ] : PDIHS2K/c2-ce-c2-oh
 117 [  3.3186e+00 ] : PDIHS2K/c2-ce-n3-c3
 118 [  3.0075e+00 ] : PDIHS2K/ha-c2-ce-h4
 119 [  2.7341e+00 ] : PDIHS2K/ha-c2-ce-n3
 120 [  2.5294e-01 ] : PDIHS3K/ce-n3-c3-h1
 121 [  1.4991e-01 ] : PDIHS3K/ce-n3-c3-c3
 122 [  2.1344e+00 ] : PDIHS2K/h4-ce-n3-c3
 123 [  5.1747e+00 ] : PDIHS2K/ha-c2-ce-c2
 124 [  1.2129e-01 ] : PDIHS3K/c3-n3-c3-h1
 125 [  3.9682e-01 ] : PDIHS3K/c3-n3-c3-c3
 126 [ -3.3575e-02 ] : PDIHS2K/c3-n3-c3-c3
 127 [  1.8191e-01 ] : PDIHS3K/h1-c3-c3-hc
 128 [  2.5496e-01 ] : PDIHS3K/hc-c3-c3-n3
 129 [  1.5715e+00 ] : IDIHSK/cv-o-cv-os
 130 [ -1.2595e+01 ] : IDIHSK/ce-cv-cv-cv
 131 [ -7.1587e+00 ] : IDIHSK/c2-cv-ce-ha
 132 [  2.4786e+00 ] : IDIHSK/ce-ce-c2-oh
 133 [ -7.4885e+00 ] : IDIHSK/c2-c2-ce-ha
 134 [ -4.4187e+00 ] : IDIHSK/c2-h4-ce-n3
-----------------------------------------------------------
#=========================================================#
#| [91m Rescaling Factors by Type (Lower Takes Precedence): [0m |#
#=========================================================#
   BONDSK                               : 9.37583e+05
   BONDSB                               : 5.29177e-02
   ANGLESK                              : 6.05928e+02
   ANGLESB                              : 5.72958e+01
   PDIHS1K                              : 9.64853e+01
   PDIHS2K                              : 9.64853e+01
   PDIHS3K                              : 9.64853e+01
   IDIHSK                               : 1.25951e+01
-----------------------------------------------------------
#========================================================#
#| [91m   Rescaling Types / Factors by Parameter Number:   [0m |#
#========================================================#
   0 [    BONDSK                        : 9.37583e+05 ] : BONDSK/cy-c3
   1 [    BONDSB                        : 5.29177e-02 ] : BONDSB/cy-c3
   2 [    BONDSK                        : 9.37583e+05 ] : BONDSK/cy-os
   3 [    BONDSB                        : 5.29177e-02 ] : BONDSB/cy-os
   4 [    BONDSK                        : 9.37583e+05 ] : BONDSK/cv-cv
   5 [    BONDSB                        : 5.29177e-02 ] : BONDSB/cv-cv
   6 [    BONDSK                        : 9.37583e+05 ] : BONDSK/cv-o
   7 [    BONDSB                        : 5.29177e-02 ] : BONDSB/cv-o
   8 [    BONDSK                        : 9.37583e+05 ] : BONDSK/cv-os
   9 [    BONDSB                        : 5.29177e-02 ] : BONDSB/cv-os
  10 [    BONDSK                        : 9.37583e+05 ] : BONDSK/cv-ce
  11 [    BONDSB                        : 5.29177e-02 ] : BONDSB/cv-ce
  12 [    BONDSK                        : 9.37583e+05 ] : BONDSK/c3-hc
  13 [    BONDSB                        : 5.29177e-02 ] : BONDSB/c3-hc
  14 [    BONDSK                        : 9.37583e+05 ] : BONDSK/ce-ha
  15 [    BONDSB                        : 5.29177e-02 ] : BONDSB/ce-ha
  16 [    BONDSK                        : 9.37583e+05 ] : BONDSK/c2-ha
  17 [    BONDSB                        : 5.29177e-02 ] : BONDSB/c2-ha
  18 [    BONDSK                        : 9.37583e+05 ] : BONDSK/c2-c2
  19 [    BONDSB                        : 5.29177e-02 ] : BONDSB/c2-c2
  20 [    BONDSK                        : 9.37583e+05 ] : BONDSK/c2-ce
  21 [    BONDSB                        : 5.29177e-02 ] : BONDSB/c2-ce
  22 [    BONDSK                        : 9.37583e+05 ] : BONDSK/c2-oh
  23 [    BONDSB                        : 5.29177e-02 ] : BONDSB/c2-oh
  24 [    BONDSK                        : 9.37583e+05 ] : BONDSK/ce-h4
  25 [    BONDSB                        : 5.29177e-02 ] : BONDSB/ce-h4
  26 [    BONDSK                        : 9.37583e+05 ] : BONDSK/ce-n3
  27 [    BONDSB                        : 5.29177e-02 ] : BONDSB/ce-n3
  28 [    BONDSK                        : 9.37583e+05 ] : BONDSK/c3-h1
  29 [    BONDSB                        : 5.29177e-02 ] : BONDSB/c3-h1
  30 [    BONDSK                        : 9.37583e+05 ] : BONDSK/c3-c3
  31 [    BONDSB                        : 5.29177e-02 ] : BONDSB/c3-c3
  32 [    BONDSK                        : 9.37583e+05 ] : BONDSK/c3-n3
  33 [    BONDSB                        : 5.29177e-02 ] : BONDSB/c3-n3
  34 [    BONDSK                        : 9.37583e+05 ] : BONDSK/oh-ho
  35 [    BONDSB                        : 5.29177e-02 ] : BONDSB/oh-ho
  36 [    ANGLESK                       : 6.05928e+02 ] : ANGLESK/cy-c3-hc
  37 [    ANGLESB                       : 5.72958e+01 ] : ANGLESB/cy-c3-hc
  38 [    ANGLESK                       : 6.05928e+02 ] : ANGLESK/cy-os-cv
  39 [    ANGLESB                       : 5.72958e+01 ] : ANGLESB/cy-os-cv
  40 [    ANGLESK                       : 6.05928e+02 ] : ANGLESK/cv-cv-cv
  41 [    ANGLESB                       : 5.72958e+01 ] : ANGLESB/cv-cv-cv
  42 [    ANGLESK                       : 6.05928e+02 ] : ANGLESK/cv-cv-ce
  43 [    ANGLESB                       : 5.72958e+01 ] : ANGLESB/cv-cv-ce
  44 [    ANGLESK                       : 6.05928e+02 ] : ANGLESK/cv-cv-o
  45 [    ANGLESB                       : 5.72958e+01 ] : ANGLESB/cv-cv-o
  46 [    ANGLESK                       : 6.05928e+02 ] : ANGLESK/cv-cv-os
  47 [    ANGLESB                       : 5.72958e+01 ] : ANGLESB/cv-cv-os
  48 [    ANGLESK                       : 6.05928e+02 ] : ANGLESK/cv-ce-ha
  49 [    ANGLESB                       : 5.72958e+01 ] : ANGLESB/cv-ce-ha
  50 [    ANGLESK                       : 6.05928e+02 ] : ANGLESK/cv-ce-c2
  51 [    ANGLESB                       : 5.72958e+01 ] : ANGLESB/cv-ce-c2
  52 [    ANGLESK                       : 6.05928e+02 ] : ANGLESK/c3-cy-c3
  53 [    ANGLESB                       : 5.72958e+01 ] : ANGLESB/c3-cy-c3
  54 [    ANGLESK                       : 6.05928e+02 ] : ANGLESK/c3-cy-os
  55 [    ANGLESB                       : 5.72958e+01 ] : ANGLESB/c3-cy-os
  56 [    ANGLESK                       : 6.05928e+02 ] : ANGLESK/hc-c3-hc
  57 [    ANGLESB                       : 5.72958e+01 ] : ANGLESB/hc-c3-hc
  58 [    ANGLESK                       : 6.05928e+02 ] : ANGLESK/ce-c2-ce
  59 [    ANGLESB                       : 5.72958e+01 ] : ANGLESB/ce-c2-ce
  60 [    ANGLESK                       : 6.05928e+02 ] : ANGLESK/ce-c2-oh
  61 [    ANGLESB                       : 5.72958e+01 ] : ANGLESB/ce-c2-oh
  62 [    ANGLESK                       : 6.05928e+02 ] : ANGLESK/ha-ce-c2
  63 [    ANGLESB                       : 5.72958e+01 ] : ANGLESB/ha-ce-c2
  64 [    ANGLESK                       : 6.05928e+02 ] : ANGLESK/c2-ce-c2
  65 [    ANGLESB                       : 5.72958e+01 ] : ANGLESB/c2-ce-c2
  66 [    ANGLESK                       : 6.05928e+02 ] : ANGLESK/c2-oh-ho
  67 [    ANGLESB                       : 5.72958e+01 ] : ANGLESB/c2-oh-ho
  68 [    ANGLESK                       : 6.05928e+02 ] : ANGLESK/ha-c2-ce
  69 [    ANGLESB                       : 5.72958e+01 ] : ANGLESB/ha-c2-ce
  70 [    ANGLESK                       : 6.05928e+02 ] : ANGLESK/c2-ce-h4
  71 [    ANGLESB                       : 5.72958e+01 ] : ANGLESB/c2-ce-h4
  72 [    ANGLESK                       : 6.05928e+02 ] : ANGLESK/c2-ce-n3
  73 [    ANGLESB                       : 5.72958e+01 ] : ANGLESB/c2-ce-n3
  74 [    ANGLESK                       : 6.05928e+02 ] : ANGLESK/ce-n3-c3
  75 [    ANGLESB                       : 5.72958e+01 ] : ANGLESB/ce-n3-c3
  76 [    ANGLESK                       : 6.05928e+02 ] : ANGLESK/h4-ce-n3
  77 [    ANGLESB                       : 5.72958e+01 ] : ANGLESB/h4-ce-n3
  78 [    ANGLESK                       : 6.05928e+02 ] : ANGLESK/c3-c3-hc
  79 [    ANGLESB                       : 5.72958e+01 ] : ANGLESB/c3-c3-hc
  80 [    ANGLESK                       : 6.05928e+02 ] : ANGLESK/c3-n3-c3
  81 [    ANGLESB                       : 5.72958e+01 ] : ANGLESB/c3-n3-c3
  82 [    ANGLESK                       : 6.05928e+02 ] : ANGLESK/h1-c3-h1
  83 [    ANGLESB                       : 5.72958e+01 ] : ANGLESB/h1-c3-h1
  84 [    ANGLESK                       : 6.05928e+02 ] : ANGLESK/h1-c3-c3
  85 [    ANGLESB                       : 5.72958e+01 ] : ANGLESB/h1-c3-c3
  86 [    ANGLESK                       : 6.05928e+02 ] : ANGLESK/h1-c3-n3
  87 [    ANGLESB                       : 5.72958e+01 ] : ANGLESB/h1-c3-n3
  88 [    ANGLESK                       : 6.05928e+02 ] : ANGLESK/c3-c3-n3
  89 [    ANGLESB                       : 5.72958e+01 ] : ANGLESB/c3-c3-n3
  90 [    ANGLESK                       : 6.05928e+02 ] : ANGLESK/o-cv-os
  91 [    ANGLESB                       : 5.72958e+01 ] : ANGLESB/o-cv-os
  92 [    ANGLESK                       : 6.05928e+02 ] : ANGLESK/os-cy-os
  93 [    ANGLESB                       : 5.72958e+01 ] : ANGLESB/os-cy-os
  94 [    PDIHS2K                       : 9.64853e+01 ] : PDIHS2K/cv-cv-cv-o
  95 [    PDIHS2K                       : 9.64853e+01 ] : PDIHS2K/cv-cv-cv-os
  96 [    PDIHS2K                       : 9.64853e+01 ] : PDIHS2K/cv-cv-ce-ha
  97 [    PDIHS2K                       : 9.64853e+01 ] : PDIHS2K/cv-cv-ce-c2
  98 [    PDIHS2K                       : 9.64853e+01 ] : PDIHS2K/cy-os-cv-cv
  99 [    PDIHS2K                       : 9.64853e+01 ] : PDIHS2K/cy-os-cv-o
 100 [    PDIHS3K                       : 9.64853e+01 ] : PDIHS3K/cv-os-cy-c3
 101 [    PDIHS3K                       : 9.64853e+01 ] : PDIHS3K/cv-os-cy-os
 102 [    PDIHS2K                       : 9.64853e+01 ] : PDIHS2K/cv-ce-c2-ce
 103 [    PDIHS2K                       : 9.64853e+01 ] : PDIHS2K/cv-ce-c2-oh
 104 [    PDIHS3K                       : 9.64853e+01 ] : PDIHS3K/c3-cy-c3-hc
 105 [    PDIHS3K                       : 9.64853e+01 ] : PDIHS3K/hc-c3-cy-os
 106 [    PDIHS1K                       : 9.64853e+01 ] : PDIHS1K/hc-c3-cy-os
 107 [    PDIHS2K                       : 9.64853e+01 ] : PDIHS2K/ce-cv-cv-o
 108 [    PDIHS2K                       : 9.64853e+01 ] : PDIHS2K/ce-cv-cv-os
 109 [    PDIHS2K                       : 9.64853e+01 ] : PDIHS2K/ce-c2-ce-ha
 110 [    PDIHS2K                       : 9.64853e+01 ] : PDIHS2K/ce-c2-ce-c2
 111 [    PDIHS2K                       : 9.64853e+01 ] : PDIHS2K/ce-c2-oh-ho
 112 [    PDIHS2K                       : 9.64853e+01 ] : PDIHS2K/ha-ce-c2-oh
 113 [    PDIHS2K                       : 9.64853e+01 ] : PDIHS2K/ce-c2-ce-h4
 114 [    PDIHS2K                       : 9.64853e+01 ] : PDIHS2K/ce-c2-ce-n3
 115 [    PDIHS2K                       : 9.64853e+01 ] : PDIHS2K/ha-c2-ce-ha
 116 [    PDIHS2K                       : 9.64853e+01 ] : PDIHS2K/c2-ce-c2-oh
 117 [    PDIHS2K                       : 9.64853e+01 ] : PDIHS2K/c2-ce-n3-c3
 118 [    PDIHS2K                       : 9.64853e+01 ] : PDIHS2K/ha-c2-ce-h4
 119 [    PDIHS2K                       : 9.64853e+01 ] : PDIHS2K/ha-c2-ce-n3
 120 [    PDIHS3K                       : 9.64853e+01 ] : PDIHS3K/ce-n3-c3-h1
 121 [    PDIHS3K                       : 9.64853e+01 ] : PDIHS3K/ce-n3-c3-c3
 122 [    PDIHS2K                       : 9.64853e+01 ] : PDIHS2K/h4-ce-n3-c3
 123 [    PDIHS2K                       : 9.64853e+01 ] : PDIHS2K/ha-c2-ce-c2
 124 [    PDIHS3K                       : 9.64853e+01 ] : PDIHS3K/c3-n3-c3-h1
 125 [    PDIHS3K                       : 9.64853e+01 ] : PDIHS3K/c3-n3-c3-c3
 126 [    PDIHS2K                       : 9.64853e+01 ] : PDIHS2K/c3-n3-c3-c3
 127 [    PDIHS3K                       : 9.64853e+01 ] : PDIHS3K/h1-c3-c3-hc
 128 [    PDIHS3K                       : 9.64853e+01 ] : PDIHS3K/hc-c3-c3-n3
 129 [    IDIHSK                        : 1.25951e+01 ] : IDIHSK/cv-o-cv-os
 130 [    IDIHSK                        : 1.25951e+01 ] : IDIHSK/ce-cv-cv-cv
 131 [    IDIHSK                        : 1.25951e+01 ] : IDIHSK/c2-cv-ce-ha
 132 [    IDIHSK                        : 1.25951e+01 ] : IDIHSK/ce-ce-c2-oh
 133 [    IDIHSK                        : 1.25951e+01 ] : IDIHSK/c2-c2-ce-ha
 134 [    IDIHSK                        : 1.25951e+01 ] : IDIHSK/c2-h4-ce-n3
----------------------------------------------------------
Building charge constraints...
#========================================================#
#| [92m               Setup for force field                [0m |#
#========================================================#
fnms                      ['dasa.frcmod', 'dasa.mol2'] 
----------------------------------------------------------
Relative energy fitting: Subtracting (MM - QM) energy gap from all relative energy calculations - this is the default.
The 'amberhome' option was not specified; using default.
Received an error message:

[====] [91mError Message[0m [====]
STOP PMEMD Terminated Abnormally!
[====] [91mEnd o'Message[0m [====]
/global/software/Amber/20-GCC-4.8.1/build2/bin/pmemd.cuda -h gave a return code of 1 (it may have crashed) -- carrying on
pmemd.cuda gave a nonzero returncode; CUDA environment variables likely missing
[1;91mPress Enter or wait 10 seconds (I assume no responsibility for what happens after this!)[0m
Cannot find a unique file with extension .mdin in /home/curtie/7_FF_fitting/0_ff-optimizer/5_dasa_optimization_testing/1_optimizing_charges/2_BAT/1_opt/targets/valid_1 (0 found; )
Fitting the forces on all atoms
#========================================================#
#| [92m             Setup for target valid_1 :             [0m |#
#========================================================#
leapcmd                   setup.leap 
name                      valid_1 
type                      ABINITIO_AMBER 
backup                    False 
tgtdir                    targets/valid_1 
shots                     400 
----------------------------------------------------------
Relative energy fitting: Subtracting (MM - QM) energy gap from all relative energy calculations - this is the default.
Received an error message:

[====] [91mError Message[0m [====]
STOP PMEMD Terminated Abnormally!
[====] [91mEnd o'Message[0m [====]
/global/software/Amber/20-GCC-4.8.1/build2/bin/pmemd.cuda -h gave a return code of 1 (it may have crashed) -- carrying on
pmemd.cuda gave a nonzero returncode; CUDA environment variables likely missing
[1;91mPress Enter or wait 10 seconds (I assume no responsibility for what happens after this!)[0m
Fitting the forces on all atoms
#========================================================#
#| [92m             Setup for target valid_2 :             [0m |#
#========================================================#
leapcmd                   setup.leap 
name                      valid_2 
type                      ABINITIO_AMBER 
backup                    False 
tgtdir                    targets/valid_2 
shots                     400 
----------------------------------------------------------
Relative energy fitting: Subtracting (MM - QM) energy gap from all relative energy calculations - this is the default.
Received an error message:

[====] [91mError Message[0m [====]
STOP PMEMD Terminated Abnormally!
[====] [91mEnd o'Message[0m [====]
/global/software/Amber/20-GCC-4.8.1/build2/bin/pmemd.cuda -h gave a return code of 1 (it may have crashed) -- carrying on
pmemd.cuda gave a nonzero returncode; CUDA environment variables likely missing
[1;91mPress Enter or wait 10 seconds (I assume no responsibility for what happens after this!)[0m
Fitting the forces on all atoms
#========================================================#
#| [92m             Setup for target valid_3 :             [0m |#
#========================================================#
leapcmd                   setup.leap 
name                      valid_3 
type                      ABINITIO_AMBER 
backup                    False 
tgtdir                    targets/valid_3 
shots                     400 
----------------------------------------------------------
Using parabolic regularization (Gaussian prior) with strength 0.0e+00 (+), 0.0e+00 (x)
#========================================================#
#| [92m           Setup for objective function :           [0m |#
#========================================================#

----------------------------------------------------------
#========================================================#
#| [92m                Setup for optimizer                 [0m |#
#========================================================#
jobtype                   SINGLE 
backup                    False 
input_file                valid_3.in 
----------------------------------------------------------
Calculation started at 2022-04-07 04:24 PM

#================================================================================================#
#|                Target: valid_1  Type: AbInitio_AMBER  Objective = 2.55575e-01                |#
#|                        Difference   Denominator     Percent                                  |#
#|  Observable            (Calc-Ref)     RMS (Ref)   Difference       Term   x Wt =   Contrib.  |#
#================================================================================================#
    Energy (kJ/mol)          34.0637       96.1952     35.4110%     0.1254    1.000     0.1254 
    Gradient (kJ/mol/A)      90.4287      250.6300     36.0806%     0.1302    1.000     0.1302 
--------------------------------------------------------------------------------------------------
Maximum force difference on atom 38 (O), frame 399, 237.8810 kJ/mol/A

#================================================================================================#
#|                Target: valid_2  Type: AbInitio_AMBER  Objective = 2.44216e-01                |#
#|                        Difference   Denominator     Percent                                  |#
#|  Observable            (Calc-Ref)     RMS (Ref)   Difference       Term   x Wt =   Contrib.  |#
#================================================================================================#
    Energy (kJ/mol)          21.2419       57.9196     36.6748%     0.1345    1.000     0.1345 
    Gradient (kJ/mol/A)      67.6400      204.2098     33.1228%     0.1097    1.000     0.1097 
--------------------------------------------------------------------------------------------------
Maximum force difference on atom 45 (C), frame 399, 205.6141 kJ/mol/A

#================================================================================================#
#|                Target: valid_3  Type: AbInitio_AMBER  Objective = 2.57410e-01                |#
#|                        Difference   Denominator     Percent                                  |#
#|  Observable            (Calc-Ref)     RMS (Ref)   Difference       Term   x Wt =   Contrib.  |#
#================================================================================================#
    Energy (kJ/mol)          19.2922       49.7553     38.7740%     0.1503    1.000     0.1503 
    Gradient (kJ/mol/A)      63.1057      192.8588     32.7212%     0.1071    1.000     0.1071 
--------------------------------------------------------------------------------------------------
Maximum force difference on atom 45 (C), frame 399, 298.9951 kJ/mol/A
#====================================================================#
#| [94m                  Objective Function Breakdown                  [0m |#
#| [94m  Target Name              Residual  x  Weight  =  Contribution [0m |#
#====================================================================#
valid_1                        0.25557      0.333 [94m     8.51916e-02[0m 
valid_2                        0.24422      0.333 [94m     8.14053e-02[0m 
valid_3                        0.25741      0.333 [94m     8.58034e-02[0m 
Regularization                 0.00000      1.000 [94m     0.00000e+00[0m 
Total                                             [94m     2.52400e-01[0m 
----------------------------------------------------------------------
#========================================================#
#| [92m    Objective Function Single Point: 0.25240033     [0m |#
#========================================================#
Parameter file same as original; will not be printed to results folder.
Wall time since calculation start: 1.4 seconds
#========================================================#
#| [1;44;93m               Calculation Finished.                [0m |#
#| [1;44;93m     ---==(  May the Force be with you!  )==---     [0m |#
#========================================================#
