Note: Failed to import the optional openff.evaluator package. 
Note: Failed to import the optional openff-toolkit package. 
Note: Failed to import the optional openff.recharge package.
#======================================================================#
#| [1m            Welcome to ForceBalance version 1.8.1! =D             [0m |#
#| [1m                 Force Field Optimization System                  [0m |#
#| [1m                                                                  [0m |#
#| [1m                             Authors:                             [0m |#
#| [1m                          Lee-Ping Wang                           [0m |#
#| [1m                  Yudong Qiu, Keri A. McKiernan                   [0m |#
#| [1m          Jeffrey R. Wagner, Hyesu Jang, Simon Boothroyd          [0m |#
#| [1m          Arthur Vigil, Erik G. Brandt, John Stoppelman           [0m |#
#| [1m                  Johnny Israeli, Matt Thompson                   [0m |#
#======================================================================#

                          [44m     [0m                                        
                       [44m        [0m      [43m     [0m                              
                    [44m        [0m   [44m  [0m    [43m         [0m                          
                 [44m       [0m    [44m      [0m      [43m         [0m                       
             [44m        [0m    [44m        [0m          [43m         [0m                    
          [44m        [0m    [44m        [0m                 [43m        [0m                 
       [44m        [0m    [44m       [0m                        [43m        [0m              
    [44m        [0m   [44m        [0m                              [43m         [0m          
   [44m      [0m   [44m        [0m               `.:+@@###@'          [43m         [0m       
    [44m [0m    [44m        [0m          ,;'+###############.             [43m     [0m       
      [44m        [0m         +################':`                    [43m [0m        
      [44m     [0m              `.,,...####+.                                  
                                ,#####      +##.               [44m   [0m   [44m   [0m
 [43m    [0m                            #####      ######             [44m   [0m   [44m   [0m
 [43m    [0m                ###'        ####'     :#####'             [44m   [0m   [44m   [0m
 [43m    [0m                :####@      ####.    ,####'               [44m   [0m   [44m   [0m
 [43m    [0m                 ######     ####    +###+                 [44m   [0m   [44m   [0m
 [43m    [0m                  #####     ####   ###;                   [44m   [0m   [44m   [0m
 [43m    [0m                   :##      ####  ++`                     [44m   [0m   [44m   [0m
 [43m    [0m                            ####``..:;+##############+`   [44m   [0m   [44m   [0m
 [43m    [0m             .,:;;'++##################################`  [44m   [0m   [44m   [0m
 [43m    [0m    `############################++++''';;;;;;;;;;;'';    [44m   [0m   [44m   [0m
 [43m    [0m      ,########':,.``       ####                          [44m   [0m   [44m   [0m
 [43m    [0m                            ####                          [44m   [0m   [44m   [0m
 [43m    [0m                            ####                          [44m   [0m   [44m   [0m
 [43m    [0m                            ####                          [44m   [0m   [44m   [0m
 [43m    [0m                            ####                          [44m   [0m   [44m   [0m
 [43m    [0m                            ####                          [44m   [0m   [44m   [0m
 [43m    [0m                            ####                          [44m   [0m   [44m   [0m
 [43m    [0m                            ####                          [44m   [0m   [44m   [0m
      [44m    [0m                       ####                                   
     [44m        [0m                    ####                                   
    [44m [0m    [44m       [0m                 ####                       [43m     [0m       
   [44m     [0m    [44m        [0m             ####                    [43m        [0m       
   [44m        [0m    [44m        [0m          ###                  [43m         [0m         
      [44m        [0m    [44m        [0m        +`               [43m        [0m             
          [44m        [0m   [44m        [0m                   [43m        [0m                
             [44m        [0m   [44m         [0m           [43m         [0m                   
                [44m        [0m    [44m       [0m      [43m         [0m                      
                   [44m        [0m    [44m   [0m    [43m        [0m                          
                      [44m        [0m       [43m      [0m                             
                          [44m      [0m      [43m  [0m                                
                             [44m  [0m                                         

Reading options from file: valid_4.in
#========================================================#
#| [95m  Options at their default values are not printed   [0m |#
#| [95m        Use 'verbose_options True' to Enable        [0m |#
#========================================================#
Reading force field from file: dasa.frcmod
Reading force field from file: dasa.mol2
#=========================================================#
#| [92m Starting parameter indices, physical values and IDs [0m |#
#=========================================================#
   0 [  2.4538e+02 ] : BONDSK/cy-c3
   1 [  1.5276e+00 ] : BONDSB/cy-c3
   2 [  2.1458e+02 ] : BONDSK/cy-os
   3 [  1.4129e+00 ] : BONDSB/cy-os
   4 [  2.8035e+02 ] : BONDSK/cv-cv
   5 [  1.5297e+00 ] : BONDSB/cv-cv
   6 [  6.7212e+02 ] : BONDSK/cv-o
   7 [  1.2313e+00 ] : BONDSB/cv-o
   8 [  2.7375e+02 ] : BONDSK/cv-os
   9 [  1.3746e+00 ] : BONDSB/cv-os
  10 [  3.9745e+02 ] : BONDSK/cv-ce
  11 [  1.4113e+00 ] : BONDSB/cv-ce
  12 [  3.3863e+02 ] : BONDSK/c3-hc
  13 [  1.0962e+00 ] : BONDSB/c3-hc
  14 [  3.6305e+02 ] : BONDSK/ce-ha
  15 [  1.0846e+00 ] : BONDSB/ce-ha
  16 [  3.4161e+02 ] : BONDSK/c2-ha
  17 [  1.0868e+00 ] : BONDSB/c2-ha
  18 [  3.8744e+02 ] : BONDSK/c2-c2
  19 [  1.3902e+00 ] : BONDSB/c2-c2
  20 [  4.0578e+02 ] : BONDSK/c2-ce
  21 [  1.3969e+00 ] : BONDSB/c2-ce
  22 [  3.7665e+02 ] : BONDSK/c2-oh
  23 [  1.3456e+00 ] : BONDSB/c2-oh
  24 [  3.2708e+02 ] : BONDSK/ce-h4
  25 [  1.0902e+00 ] : BONDSB/ce-h4
  26 [  4.7755e+02 ] : BONDSK/ce-n3
  27 [  1.3406e+00 ] : BONDSB/ce-n3
  28 [  3.3127e+02 ] : BONDSK/c3-h1
  29 [  1.0947e+00 ] : BONDSB/c3-h1
  30 [  2.5107e+02 ] : BONDSK/c3-c3
  31 [  1.5347e+00 ] : BONDSB/c3-c3
  32 [  2.4434e+02 ] : BONDSK/c3-n3
  33 [  1.4700e+00 ] : BONDSB/c3-n3
  34 [  4.1905e+02 ] : BONDSK/oh-ho
  35 [  9.6572e-01 ] : BONDSB/oh-ho
  36 [  4.7707e+01 ] : ANGLESK/cy-c3-hc
  37 [  1.0856e+02 ] : ANGLESB/cy-c3-hc
  38 [  5.7840e+01 ] : ANGLESK/cy-os-cv
  39 [  1.0966e+02 ] : ANGLESB/cy-os-cv
  40 [  6.2955e+01 ] : ANGLESK/cv-cv-cv
  41 [  1.5925e+02 ] : ANGLESB/cv-cv-cv
  42 [  5.4296e+01 ] : ANGLESK/cv-cv-ce
  43 [  1.4892e+02 ] : ANGLESB/cv-cv-ce
  44 [  5.5418e+01 ] : ANGLESK/cv-cv-o
  45 [  1.5841e+02 ] : ANGLESB/cv-cv-o
  46 [  6.0413e+01 ] : ANGLESK/cv-cv-os
  47 [  1.4387e+02 ] : ANGLESB/cv-cv-os
  48 [  3.9649e+01 ] : ANGLESK/cv-ce-ha
  49 [  1.4767e+02 ] : ANGLESB/cv-ce-ha
  50 [  6.8899e+01 ] : ANGLESK/cv-ce-c2
  51 [  1.4401e+02 ] : ANGLESB/cv-ce-c2
  52 [  7.0168e+01 ] : ANGLESK/c3-cy-c3
  53 [  1.1737e+02 ] : ANGLESB/c3-cy-c3
  54 [  6.8706e+01 ] : ANGLESK/c3-cy-os
  55 [  1.1054e+02 ] : ANGLESB/c3-cy-os
  56 [  3.7396e+01 ] : ANGLESK/hc-c3-hc
  57 [  1.0716e+02 ] : ANGLESB/hc-c3-hc
  58 [  6.7853e+01 ] : ANGLESK/ce-c2-ce
  59 [  1.2146e+02 ] : ANGLESB/ce-c2-ce
  60 [  3.1608e+01 ] : ANGLESK/ce-c2-oh
  61 [  1.1608e+02 ] : ANGLESB/ce-c2-oh
  62 [  3.3797e+01 ] : ANGLESK/ha-ce-c2
  63 [  1.5603e+02 ] : ANGLESB/ha-ce-c2
  64 [  4.4179e+01 ] : ANGLESK/c2-ce-c2
  65 [  1.5192e+02 ] : ANGLESB/c2-ce-c2
  66 [  5.0553e+01 ] : ANGLESK/c2-oh-ho
  67 [  1.0640e+02 ] : ANGLESB/c2-oh-ho
  68 [  3.1997e+01 ] : ANGLESK/ha-c2-ce
  69 [  1.2371e+02 ] : ANGLESB/ha-c2-ce
  70 [  3.2674e+01 ] : ANGLESK/c2-ce-h4
  71 [  1.4990e+02 ] : ANGLESB/c2-ce-h4
  72 [  5.9275e+01 ] : ANGLESK/c2-ce-n3
  73 [  1.4292e+02 ] : ANGLESB/c2-ce-n3
  74 [  6.4676e+01 ] : ANGLESK/ce-n3-c3
  75 [  1.2042e+02 ] : ANGLESB/ce-n3-c3
  76 [  4.8645e+01 ] : ANGLESK/h4-ce-n3
  77 [  1.3563e+02 ] : ANGLESB/h4-ce-n3
  78 [  4.2549e+01 ] : ANGLESK/c3-c3-hc
  79 [  1.1000e+02 ] : ANGLESB/c3-c3-hc
  80 [  5.6156e+01 ] : ANGLESK/c3-n3-c3
  81 [  1.1814e+02 ] : ANGLESB/c3-n3-c3
  82 [  3.7570e+01 ] : ANGLESK/h1-c3-h1
  83 [  1.0972e+02 ] : ANGLESB/h1-c3-h1
  84 [  4.4713e+01 ] : ANGLESK/h1-c3-c3
  85 [  1.1250e+02 ] : ANGLESB/h1-c3-c3
  86 [  4.9968e+01 ] : ANGLESK/h1-c3-n3
  87 [  1.0979e+02 ] : ANGLESB/h1-c3-n3
  88 [  6.1039e+01 ] : ANGLESK/c3-c3-n3
  89 [  1.1422e+02 ] : ANGLESB/c3-c3-n3
  90 [  8.5573e+01 ] : ANGLESK/o-cv-os
  91 [  1.3592e+02 ] : ANGLESB/o-cv-os
  92 [  9.0829e+01 ] : ANGLESK/os-cy-os
  93 [  1.0686e+02 ] : ANGLESB/os-cy-os
  94 [  8.6506e-01 ] : PDIHS2K/cv-cv-cv-o
  95 [  4.1261e-01 ] : PDIHS2K/cv-cv-cv-os
  96 [  3.7184e+00 ] : PDIHS2K/cv-cv-ce-ha
  97 [  3.7473e+00 ] : PDIHS2K/cv-cv-ce-c2
  98 [  5.6650e-01 ] : PDIHS2K/cy-os-cv-cv
  99 [  4.1132e+00 ] : PDIHS2K/cy-os-cv-o
 100 [ -1.8557e-01 ] : PDIHS3K/cv-os-cy-c3
 101 [  7.1844e-01 ] : PDIHS3K/cv-os-cy-os
 102 [  6.7602e+00 ] : PDIHS2K/cv-ce-c2-ce
 103 [  3.9094e+00 ] : PDIHS2K/cv-ce-c2-oh
 104 [  1.3105e-01 ] : PDIHS3K/c3-cy-c3-hc
 105 [  2.3249e-01 ] : PDIHS3K/hc-c3-cy-os
 106 [  4.6179e-02 ] : PDIHS1K/hc-c3-cy-os
 107 [  4.1214e-01 ] : PDIHS2K/ce-cv-cv-o
 108 [  3.1371e+00 ] : PDIHS2K/ce-cv-cv-os
 109 [  1.9742e+00 ] : PDIHS2K/ce-c2-ce-ha
 110 [  4.1836e+00 ] : PDIHS2K/ce-c2-ce-c2
 111 [  5.9745e-01 ] : PDIHS2K/ce-c2-oh-ho
 112 [  4.1306e+00 ] : PDIHS2K/ha-ce-c2-oh
 113 [  2.3528e+00 ] : PDIHS2K/ce-c2-ce-h4
 114 [  3.9179e+00 ] : PDIHS2K/ce-c2-ce-n3
 115 [  2.4384e+00 ] : PDIHS2K/ha-c2-ce-ha
 116 [  4.3111e+00 ] : PDIHS2K/c2-ce-c2-oh
 117 [  2.6026e+00 ] : PDIHS2K/c2-ce-n3-c3
 118 [  3.1294e+00 ] : PDIHS2K/ha-c2-ce-h4
 119 [  2.6401e+00 ] : PDIHS2K/ha-c2-ce-n3
 120 [  2.1812e-01 ] : PDIHS3K/ce-n3-c3-h1
 121 [  2.1327e-01 ] : PDIHS3K/ce-n3-c3-c3
 122 [  2.6090e+00 ] : PDIHS2K/h4-ce-n3-c3
 123 [  5.5186e+00 ] : PDIHS2K/ha-c2-ce-c2
 124 [  1.0673e-01 ] : PDIHS3K/c3-n3-c3-h1
 125 [  4.5987e-01 ] : PDIHS3K/c3-n3-c3-c3
 126 [ -1.4091e-01 ] : PDIHS2K/c3-n3-c3-c3
 127 [  1.5115e-01 ] : PDIHS3K/h1-c3-c3-hc
 128 [  3.0758e-01 ] : PDIHS3K/hc-c3-c3-n3
 129 [  1.5487e+00 ] : IDIHSK/cv-o-cv-os
 130 [ -1.1971e+01 ] : IDIHSK/ce-cv-cv-cv
 131 [ -7.5665e+00 ] : IDIHSK/c2-cv-ce-ha
 132 [  2.2617e+00 ] : IDIHSK/ce-ce-c2-oh
 133 [ -7.5584e+00 ] : IDIHSK/c2-c2-ce-ha
 134 [ -4.6104e+00 ] : IDIHSK/c2-h4-ce-n3
-----------------------------------------------------------
#=========================================================#
#| [91m Rescaling Factors by Type (Lower Takes Precedence): [0m |#
#=========================================================#
   BONDSK                               : 9.37583e+05
   BONDSB                               : 5.29177e-02
   ANGLESK                              : 6.05928e+02
   ANGLESB                              : 5.72958e+01
   PDIHS1K                              : 9.64853e+01
   PDIHS2K                              : 9.64853e+01
   PDIHS3K                              : 9.64853e+01
   IDIHSK                               : 1.19713e+01
-----------------------------------------------------------
#========================================================#
#| [91m   Rescaling Types / Factors by Parameter Number:   [0m |#
#========================================================#
   0 [    BONDSK                        : 9.37583e+05 ] : BONDSK/cy-c3
   1 [    BONDSB                        : 5.29177e-02 ] : BONDSB/cy-c3
   2 [    BONDSK                        : 9.37583e+05 ] : BONDSK/cy-os
   3 [    BONDSB                        : 5.29177e-02 ] : BONDSB/cy-os
   4 [    BONDSK                        : 9.37583e+05 ] : BONDSK/cv-cv
   5 [    BONDSB                        : 5.29177e-02 ] : BONDSB/cv-cv
   6 [    BONDSK                        : 9.37583e+05 ] : BONDSK/cv-o
   7 [    BONDSB                        : 5.29177e-02 ] : BONDSB/cv-o
   8 [    BONDSK                        : 9.37583e+05 ] : BONDSK/cv-os
   9 [    BONDSB                        : 5.29177e-02 ] : BONDSB/cv-os
  10 [    BONDSK                        : 9.37583e+05 ] : BONDSK/cv-ce
  11 [    BONDSB                        : 5.29177e-02 ] : BONDSB/cv-ce
  12 [    BONDSK                        : 9.37583e+05 ] : BONDSK/c3-hc
  13 [    BONDSB                        : 5.29177e-02 ] : BONDSB/c3-hc
  14 [    BONDSK                        : 9.37583e+05 ] : BONDSK/ce-ha
  15 [    BONDSB                        : 5.29177e-02 ] : BONDSB/ce-ha
  16 [    BONDSK                        : 9.37583e+05 ] : BONDSK/c2-ha
  17 [    BONDSB                        : 5.29177e-02 ] : BONDSB/c2-ha
  18 [    BONDSK                        : 9.37583e+05 ] : BONDSK/c2-c2
  19 [    BONDSB                        : 5.29177e-02 ] : BONDSB/c2-c2
  20 [    BONDSK                        : 9.37583e+05 ] : BONDSK/c2-ce
  21 [    BONDSB                        : 5.29177e-02 ] : BONDSB/c2-ce
  22 [    BONDSK                        : 9.37583e+05 ] : BONDSK/c2-oh
  23 [    BONDSB                        : 5.29177e-02 ] : BONDSB/c2-oh
  24 [    BONDSK                        : 9.37583e+05 ] : BONDSK/ce-h4
  25 [    BONDSB                        : 5.29177e-02 ] : BONDSB/ce-h4
  26 [    BONDSK                        : 9.37583e+05 ] : BONDSK/ce-n3
  27 [    BONDSB                        : 5.29177e-02 ] : BONDSB/ce-n3
  28 [    BONDSK                        : 9.37583e+05 ] : BONDSK/c3-h1
  29 [    BONDSB                        : 5.29177e-02 ] : BONDSB/c3-h1
  30 [    BONDSK                        : 9.37583e+05 ] : BONDSK/c3-c3
  31 [    BONDSB                        : 5.29177e-02 ] : BONDSB/c3-c3
  32 [    BONDSK                        : 9.37583e+05 ] : BONDSK/c3-n3
  33 [    BONDSB                        : 5.29177e-02 ] : BONDSB/c3-n3
  34 [    BONDSK                        : 9.37583e+05 ] : BONDSK/oh-ho
  35 [    BONDSB                        : 5.29177e-02 ] : BONDSB/oh-ho
  36 [    ANGLESK                       : 6.05928e+02 ] : ANGLESK/cy-c3-hc
  37 [    ANGLESB                       : 5.72958e+01 ] : ANGLESB/cy-c3-hc
  38 [    ANGLESK                       : 6.05928e+02 ] : ANGLESK/cy-os-cv
  39 [    ANGLESB                       : 5.72958e+01 ] : ANGLESB/cy-os-cv
  40 [    ANGLESK                       : 6.05928e+02 ] : ANGLESK/cv-cv-cv
  41 [    ANGLESB                       : 5.72958e+01 ] : ANGLESB/cv-cv-cv
  42 [    ANGLESK                       : 6.05928e+02 ] : ANGLESK/cv-cv-ce
  43 [    ANGLESB                       : 5.72958e+01 ] : ANGLESB/cv-cv-ce
  44 [    ANGLESK                       : 6.05928e+02 ] : ANGLESK/cv-cv-o
  45 [    ANGLESB                       : 5.72958e+01 ] : ANGLESB/cv-cv-o
  46 [    ANGLESK                       : 6.05928e+02 ] : ANGLESK/cv-cv-os
  47 [    ANGLESB                       : 5.72958e+01 ] : ANGLESB/cv-cv-os
  48 [    ANGLESK                       : 6.05928e+02 ] : ANGLESK/cv-ce-ha
  49 [    ANGLESB                       : 5.72958e+01 ] : ANGLESB/cv-ce-ha
  50 [    ANGLESK                       : 6.05928e+02 ] : ANGLESK/cv-ce-c2
  51 [    ANGLESB                       : 5.72958e+01 ] : ANGLESB/cv-ce-c2
  52 [    ANGLESK                       : 6.05928e+02 ] : ANGLESK/c3-cy-c3
  53 [    ANGLESB                       : 5.72958e+01 ] : ANGLESB/c3-cy-c3
  54 [    ANGLESK                       : 6.05928e+02 ] : ANGLESK/c3-cy-os
  55 [    ANGLESB                       : 5.72958e+01 ] : ANGLESB/c3-cy-os
  56 [    ANGLESK                       : 6.05928e+02 ] : ANGLESK/hc-c3-hc
  57 [    ANGLESB                       : 5.72958e+01 ] : ANGLESB/hc-c3-hc
  58 [    ANGLESK                       : 6.05928e+02 ] : ANGLESK/ce-c2-ce
  59 [    ANGLESB                       : 5.72958e+01 ] : ANGLESB/ce-c2-ce
  60 [    ANGLESK                       : 6.05928e+02 ] : ANGLESK/ce-c2-oh
  61 [    ANGLESB                       : 5.72958e+01 ] : ANGLESB/ce-c2-oh
  62 [    ANGLESK                       : 6.05928e+02 ] : ANGLESK/ha-ce-c2
  63 [    ANGLESB                       : 5.72958e+01 ] : ANGLESB/ha-ce-c2
  64 [    ANGLESK                       : 6.05928e+02 ] : ANGLESK/c2-ce-c2
  65 [    ANGLESB                       : 5.72958e+01 ] : ANGLESB/c2-ce-c2
  66 [    ANGLESK                       : 6.05928e+02 ] : ANGLESK/c2-oh-ho
  67 [    ANGLESB                       : 5.72958e+01 ] : ANGLESB/c2-oh-ho
  68 [    ANGLESK                       : 6.05928e+02 ] : ANGLESK/ha-c2-ce
  69 [    ANGLESB                       : 5.72958e+01 ] : ANGLESB/ha-c2-ce
  70 [    ANGLESK                       : 6.05928e+02 ] : ANGLESK/c2-ce-h4
  71 [    ANGLESB                       : 5.72958e+01 ] : ANGLESB/c2-ce-h4
  72 [    ANGLESK                       : 6.05928e+02 ] : ANGLESK/c2-ce-n3
  73 [    ANGLESB                       : 5.72958e+01 ] : ANGLESB/c2-ce-n3
  74 [    ANGLESK                       : 6.05928e+02 ] : ANGLESK/ce-n3-c3
  75 [    ANGLESB                       : 5.72958e+01 ] : ANGLESB/ce-n3-c3
  76 [    ANGLESK                       : 6.05928e+02 ] : ANGLESK/h4-ce-n3
  77 [    ANGLESB                       : 5.72958e+01 ] : ANGLESB/h4-ce-n3
  78 [    ANGLESK                       : 6.05928e+02 ] : ANGLESK/c3-c3-hc
  79 [    ANGLESB                       : 5.72958e+01 ] : ANGLESB/c3-c3-hc
  80 [    ANGLESK                       : 6.05928e+02 ] : ANGLESK/c3-n3-c3
  81 [    ANGLESB                       : 5.72958e+01 ] : ANGLESB/c3-n3-c3
  82 [    ANGLESK                       : 6.05928e+02 ] : ANGLESK/h1-c3-h1
  83 [    ANGLESB                       : 5.72958e+01 ] : ANGLESB/h1-c3-h1
  84 [    ANGLESK                       : 6.05928e+02 ] : ANGLESK/h1-c3-c3
  85 [    ANGLESB                       : 5.72958e+01 ] : ANGLESB/h1-c3-c3
  86 [    ANGLESK                       : 6.05928e+02 ] : ANGLESK/h1-c3-n3
  87 [    ANGLESB                       : 5.72958e+01 ] : ANGLESB/h1-c3-n3
  88 [    ANGLESK                       : 6.05928e+02 ] : ANGLESK/c3-c3-n3
  89 [    ANGLESB                       : 5.72958e+01 ] : ANGLESB/c3-c3-n3
  90 [    ANGLESK                       : 6.05928e+02 ] : ANGLESK/o-cv-os
  91 [    ANGLESB                       : 5.72958e+01 ] : ANGLESB/o-cv-os
  92 [    ANGLESK                       : 6.05928e+02 ] : ANGLESK/os-cy-os
  93 [    ANGLESB                       : 5.72958e+01 ] : ANGLESB/os-cy-os
  94 [    PDIHS2K                       : 9.64853e+01 ] : PDIHS2K/cv-cv-cv-o
  95 [    PDIHS2K                       : 9.64853e+01 ] : PDIHS2K/cv-cv-cv-os
  96 [    PDIHS2K                       : 9.64853e+01 ] : PDIHS2K/cv-cv-ce-ha
  97 [    PDIHS2K                       : 9.64853e+01 ] : PDIHS2K/cv-cv-ce-c2
  98 [    PDIHS2K                       : 9.64853e+01 ] : PDIHS2K/cy-os-cv-cv
  99 [    PDIHS2K                       : 9.64853e+01 ] : PDIHS2K/cy-os-cv-o
 100 [    PDIHS3K                       : 9.64853e+01 ] : PDIHS3K/cv-os-cy-c3
 101 [    PDIHS3K                       : 9.64853e+01 ] : PDIHS3K/cv-os-cy-os
 102 [    PDIHS2K                       : 9.64853e+01 ] : PDIHS2K/cv-ce-c2-ce
 103 [    PDIHS2K                       : 9.64853e+01 ] : PDIHS2K/cv-ce-c2-oh
 104 [    PDIHS3K                       : 9.64853e+01 ] : PDIHS3K/c3-cy-c3-hc
 105 [    PDIHS3K                       : 9.64853e+01 ] : PDIHS3K/hc-c3-cy-os
 106 [    PDIHS1K                       : 9.64853e+01 ] : PDIHS1K/hc-c3-cy-os
 107 [    PDIHS2K                       : 9.64853e+01 ] : PDIHS2K/ce-cv-cv-o
 108 [    PDIHS2K                       : 9.64853e+01 ] : PDIHS2K/ce-cv-cv-os
 109 [    PDIHS2K                       : 9.64853e+01 ] : PDIHS2K/ce-c2-ce-ha
 110 [    PDIHS2K                       : 9.64853e+01 ] : PDIHS2K/ce-c2-ce-c2
 111 [    PDIHS2K                       : 9.64853e+01 ] : PDIHS2K/ce-c2-oh-ho
 112 [    PDIHS2K                       : 9.64853e+01 ] : PDIHS2K/ha-ce-c2-oh
 113 [    PDIHS2K                       : 9.64853e+01 ] : PDIHS2K/ce-c2-ce-h4
 114 [    PDIHS2K                       : 9.64853e+01 ] : PDIHS2K/ce-c2-ce-n3
 115 [    PDIHS2K                       : 9.64853e+01 ] : PDIHS2K/ha-c2-ce-ha
 116 [    PDIHS2K                       : 9.64853e+01 ] : PDIHS2K/c2-ce-c2-oh
 117 [    PDIHS2K                       : 9.64853e+01 ] : PDIHS2K/c2-ce-n3-c3
 118 [    PDIHS2K                       : 9.64853e+01 ] : PDIHS2K/ha-c2-ce-h4
 119 [    PDIHS2K                       : 9.64853e+01 ] : PDIHS2K/ha-c2-ce-n3
 120 [    PDIHS3K                       : 9.64853e+01 ] : PDIHS3K/ce-n3-c3-h1
 121 [    PDIHS3K                       : 9.64853e+01 ] : PDIHS3K/ce-n3-c3-c3
 122 [    PDIHS2K                       : 9.64853e+01 ] : PDIHS2K/h4-ce-n3-c3
 123 [    PDIHS2K                       : 9.64853e+01 ] : PDIHS2K/ha-c2-ce-c2
 124 [    PDIHS3K                       : 9.64853e+01 ] : PDIHS3K/c3-n3-c3-h1
 125 [    PDIHS3K                       : 9.64853e+01 ] : PDIHS3K/c3-n3-c3-c3
 126 [    PDIHS2K                       : 9.64853e+01 ] : PDIHS2K/c3-n3-c3-c3
 127 [    PDIHS3K                       : 9.64853e+01 ] : PDIHS3K/h1-c3-c3-hc
 128 [    PDIHS3K                       : 9.64853e+01 ] : PDIHS3K/hc-c3-c3-n3
 129 [    IDIHSK                        : 1.19713e+01 ] : IDIHSK/cv-o-cv-os
 130 [    IDIHSK                        : 1.19713e+01 ] : IDIHSK/ce-cv-cv-cv
 131 [    IDIHSK                        : 1.19713e+01 ] : IDIHSK/c2-cv-ce-ha
 132 [    IDIHSK                        : 1.19713e+01 ] : IDIHSK/ce-ce-c2-oh
 133 [    IDIHSK                        : 1.19713e+01 ] : IDIHSK/c2-c2-ce-ha
 134 [    IDIHSK                        : 1.19713e+01 ] : IDIHSK/c2-h4-ce-n3
----------------------------------------------------------
Building charge constraints...
#========================================================#
#| [92m               Setup for force field                [0m |#
#========================================================#
fnms                      ['dasa.frcmod', 'dasa.mol2'] 
----------------------------------------------------------
Relative energy fitting: Subtracting (MM - QM) energy gap from all relative energy calculations - this is the default.
The 'amberhome' option was not specified; using default.
Received an error message:

[====] [91mError Message[0m [====]
STOP PMEMD Terminated Abnormally!
[====] [91mEnd o'Message[0m [====]
/global/software/Amber/20-GCC-4.8.1/build2/bin/pmemd.cuda -h gave a return code of 1 (it may have crashed) -- carrying on
pmemd.cuda gave a nonzero returncode; CUDA environment variables likely missing
[1;91mPress Enter or wait 10 seconds (I assume no responsibility for what happens after this!)[0m
Cannot find a unique file with extension .mdin in /home/curtie/7_FF_fitting/0_ff-optimizer/5_dasa_optimization_testing/1_optimizing_charges/2_BAT/1_opt/targets/valid_1 (0 found; )
Fitting the forces on all atoms
#========================================================#
#| [92m             Setup for target valid_1 :             [0m |#
#========================================================#
leapcmd                   setup.leap 
name                      valid_1 
type                      ABINITIO_AMBER 
backup                    False 
tgtdir                    targets/valid_1 
shots                     400 
----------------------------------------------------------
Relative energy fitting: Subtracting (MM - QM) energy gap from all relative energy calculations - this is the default.
Received an error message:

[====] [91mError Message[0m [====]
STOP PMEMD Terminated Abnormally!
[====] [91mEnd o'Message[0m [====]
/global/software/Amber/20-GCC-4.8.1/build2/bin/pmemd.cuda -h gave a return code of 1 (it may have crashed) -- carrying on
pmemd.cuda gave a nonzero returncode; CUDA environment variables likely missing
[1;91mPress Enter or wait 10 seconds (I assume no responsibility for what happens after this!)[0m
Fitting the forces on all atoms
#========================================================#
#| [92m             Setup for target valid_2 :             [0m |#
#========================================================#
leapcmd                   setup.leap 
name                      valid_2 
type                      ABINITIO_AMBER 
backup                    False 
tgtdir                    targets/valid_2 
shots                     400 
----------------------------------------------------------
Relative energy fitting: Subtracting (MM - QM) energy gap from all relative energy calculations - this is the default.
Received an error message:

[====] [91mError Message[0m [====]
STOP PMEMD Terminated Abnormally!
[====] [91mEnd o'Message[0m [====]
/global/software/Amber/20-GCC-4.8.1/build2/bin/pmemd.cuda -h gave a return code of 1 (it may have crashed) -- carrying on
pmemd.cuda gave a nonzero returncode; CUDA environment variables likely missing
[1;91mPress Enter or wait 10 seconds (I assume no responsibility for what happens after this!)[0m
Fitting the forces on all atoms
#========================================================#
#| [92m             Setup for target valid_3 :             [0m |#
#========================================================#
leapcmd                   setup.leap 
name                      valid_3 
type                      ABINITIO_AMBER 
backup                    False 
tgtdir                    targets/valid_3 
shots                     400 
----------------------------------------------------------
Relative energy fitting: Subtracting (MM - QM) energy gap from all relative energy calculations - this is the default.
Received an error message:

[====] [91mError Message[0m [====]
STOP PMEMD Terminated Abnormally!
[====] [91mEnd o'Message[0m [====]
/global/software/Amber/20-GCC-4.8.1/build2/bin/pmemd.cuda -h gave a return code of 1 (it may have crashed) -- carrying on
pmemd.cuda gave a nonzero returncode; CUDA environment variables likely missing
[1;91mPress Enter or wait 10 seconds (I assume no responsibility for what happens after this!)[0m
Fitting the forces on all atoms
#========================================================#
#| [92m             Setup for target valid_4 :             [0m |#
#========================================================#
leapcmd                   setup.leap 
name                      valid_4 
type                      ABINITIO_AMBER 
backup                    False 
tgtdir                    targets/valid_4 
shots                     400 
----------------------------------------------------------
Using parabolic regularization (Gaussian prior) with strength 0.0e+00 (+), 0.0e+00 (x)
#========================================================#
#| [92m           Setup for objective function :           [0m |#
#========================================================#

----------------------------------------------------------
#========================================================#
#| [92m                Setup for optimizer                 [0m |#
#========================================================#
jobtype                   SINGLE 
backup                    False 
input_file                valid_4.in 
----------------------------------------------------------
Calculation started at 2022-04-07 06:26 PM

#================================================================================================#
#|                Target: valid_1  Type: AbInitio_AMBER  Objective = 2.49628e-01                |#
#|                        Difference   Denominator     Percent                                  |#
#|  Observable            (Calc-Ref)     RMS (Ref)   Difference       Term   x Wt =   Contrib.  |#
#================================================================================================#
    Energy (kJ/mol)          33.6802       96.1952     35.0124%     0.1226    1.000     0.1226 
    Gradient (kJ/mol/A)      89.3316      250.6300     35.6428%     0.1270    1.000     0.1270 
--------------------------------------------------------------------------------------------------
Maximum force difference on atom 38 (O), frame 399, 232.3619 kJ/mol/A

#================================================================================================#
#|                Target: valid_2  Type: AbInitio_AMBER  Objective = 2.34786e-01                |#
#|                        Difference   Denominator     Percent                                  |#
#|  Observable            (Calc-Ref)     RMS (Ref)   Difference       Term   x Wt =   Contrib.  |#
#================================================================================================#
    Energy (kJ/mol)          20.8214       57.9196     35.9487%     0.1292    1.000     0.1292 
    Gradient (kJ/mol/A)      66.3464      204.2098     32.4893%     0.1056    1.000     0.1056 
--------------------------------------------------------------------------------------------------
Maximum force difference on atom 45 (C), frame 399, 202.5607 kJ/mol/A

#================================================================================================#
#|                Target: valid_3  Type: AbInitio_AMBER  Objective = 2.45551e-01                |#
#|                        Difference   Denominator     Percent                                  |#
#|  Observable            (Calc-Ref)     RMS (Ref)   Difference       Term   x Wt =   Contrib.  |#
#================================================================================================#
    Energy (kJ/mol)          18.7946       49.7553     37.7741%     0.1427    1.000     0.1427 
    Gradient (kJ/mol/A)      61.8542      192.8588     32.0723%     0.1029    1.000     0.1029 
--------------------------------------------------------------------------------------------------
Maximum force difference on atom 45 (C), frame 399, 294.2877 kJ/mol/A

#================================================================================================#
#|                Target: valid_4  Type: AbInitio_AMBER  Objective = 2.51237e-01                |#
#|                        Difference   Denominator     Percent                                  |#
#|  Observable            (Calc-Ref)     RMS (Ref)   Difference       Term   x Wt =   Contrib.  |#
#================================================================================================#
    Energy (kJ/mol)          17.9707       46.8908     38.3245%     0.1469    1.000     0.1469 
    Gradient (kJ/mol/A)      61.2311      189.5417     32.3048%     0.1044    1.000     0.1044 
--------------------------------------------------------------------------------------------------
Maximum force difference on atom 45 (C), frame 399, 268.8577 kJ/mol/A
#====================================================================#
#| [94m                  Objective Function Breakdown                  [0m |#
#| [94m  Target Name              Residual  x  Weight  =  Contribution [0m |#
#====================================================================#
valid_1                        0.24963      0.250 [94m     6.24069e-02[0m 
valid_2                        0.23479      0.250 [94m     5.86966e-02[0m 
valid_3                        0.24555      0.250 [94m     6.13878e-02[0m 
valid_4                        0.25124      0.250 [94m     6.28093e-02[0m 
Regularization                 0.00000      1.000 [94m     0.00000e+00[0m 
Total                                             [94m     2.45301e-01[0m 
----------------------------------------------------------------------
#========================================================#
#| [92m    Objective Function Single Point: 0.24530060     [0m |#
#========================================================#
Parameter file same as original; will not be printed to results folder.
Wall time since calculation start: 1.9 seconds
#========================================================#
#| [1;44;93m               Calculation Finished.                [0m |#
#| [1;44;93m     ---==(  May the Force be with you!  )==---     [0m |#
#========================================================#
