Jobname: geom
Scratch directory: server_2022-05-03-19.55.08/job_171/scr
Random number seed: 2085874291

XYZ coordinates server_2022-05-03-19.55.08/job_171/geom.xyz
Molden File Output: server_2022-05-03-19.55.08/job_171/scr/geom.molden
Using basis set: 6-31gss
dmrgstart not found
Spin multiplicity: 1
DIIS will use up to 10 vectors.
Condition number limit for the DIIS overlap matrix is            0
WF convergence threshold: 3.00e-05
Using DIIS algorithm to converge WF
Maximum number of SCF iterations: 100
Incremental fock with rebuild every 8 iterations
Will switch to conventional Fock if diffuse functions are detected
X-matrix tolerance: 1.00e-04
PRECISION: DYNAMIC
TeraChem will select linear algebra engine
DFT Functional requested: b3lyp1
Method: B3LYP 
  Hartree-Fock exact exchange:          0.20 
  Slater exchange functional:           0.80 
  Becke 1988 exchange functional:       0.72 
  Lee-Yang-Parr correlation functional: 0.81 
  VWN(I) correlation functional:        0.19 
Wavefunction: RESTRICTED
DFT grid type: 1
Using dynamic DFT grids.
Initial guess generated by maximum overlap

********************************************
**** SINGLE POINT GRADIENT CALCULATIONS ****
********************************************
SCF:   Initial guess is taken from previous step
Starting TensorBox...
TeraChem will select linear algebra engine
Using cuSolver for matrix diagonalization


Basis set:       6-31gss
Total atoms:     84
Total charge:    0
Total electrons: 316 (158-alpha, 158-beta)
Number electrons modeled by ECPs: 0
Total orbitals:  840
Total AO shells: 378 (210 S-shells; 126 P-shells; 42 D-shells; 0 F-shells; 0 G-shells)
Spin multiplicity: 1
Nuclear repulsion energy (QM atoms): 5183.848746323721 a.u.

Setting up the DFT grid...
time to set the grid = 0.02 s
DFT grid points: 79429 (945 points/atom)
Setting up the DFT grid...
time to set the grid = 0.05 s
DFT grid points: 222149 (2644 points/atom)

                      *** Start SCF Iterations ***

 Iter     DIIS Error       Energy change      Electrons        XC Energy           Energy        Time(s)
----------------------------------------------------------------------------------------------------------
Purifying guess...Purification run on GPU (mixed precision)  using TC2 purification.
Density matrix purification finished after a total of 0 matrix multiplies
THRESPDP set to 1.00e+00
                >>> SWITCHING TO GRID 1 <<<
   1     0.2519910482   -2017.5801521905   315.9983817029  -216.5629968938   -2017.5801521905     1.47  
                >>> SWITCHING TO GRID 0 <<<
   2     0.2456403109      +3.1770834656   315.9895954432  -231.1257341152   -2014.4030687249     1.25  
   3     0.4273793288      -0.8208925640   315.9874294827  -227.0050971857   -2015.2239612889     1.27  
   4     0.1880787118      -4.1338684387   315.9888013448  -225.9857307486   -2019.3578297276     1.23  
   5     0.0337155725     -10.7127857509   315.9869515521  -225.0930211454   -2030.0706154785     1.27  
   6     0.0397857571      +0.1932277326   315.9872737285  -225.0033185082   -2029.8773877460     1.17  
   7     0.0145076785      -0.2479089993   315.9868798220  -225.1422409009   -2030.1252967453     1.20  
   8     0.0034237835      -0.0335718160   315.9870194228  -225.0870472211   -2030.1588685613     1.13  
THRESPDP set to 7.07e-04
   9     0.0022794453      -0.0020696387   315.9869499745  -225.0859220647   -2030.1609382000     1.41  
                >>> SWITCHING TO GRID 1 <<<
  10     0.0006565007      -0.0025393888   315.9987287337  -225.0892793090   -2030.1634775887     1.45  
  11     0.0002073964      -0.0000712656   315.9987297572  -225.0903122250   -2030.1635488544     1.35  
  12     0.0001816644      -0.0000111114   315.9987310500  -225.0901413243   -2030.1635599657     1.29  
  13     0.0001701819      -0.0000036065   315.9987319574  -225.0893888035   -2030.1635635723     1.29  
  14     0.0000410351      -0.0000024314   315.9987318195  -225.0897221306   -2030.1635660037     1.78  
  15     0.0000190850      -0.0000002389   315.9987321060  -225.0899213411   -2030.1635662426     1.68  
----------------------------------------------------------------------------------------------------------
FINAL ENERGY: -2030.1635662426 a.u.
HOMO-LUMO GAP: 2.144 eV
CENTER OF MASS: {9.995494, 4.230630, 9.866353} ANGS
DIPOLE MOMENT: {2.594994, -4.366994, -4.307123} (|D| = 6.660025) DEBYE

Running Resp charge analysis...
Total number of ESP grid points from 4 layers: 2803
Electron static potential written to file server_2022-05-03-19.55.08/job_171/scr/esp.xyz (unit: Ansgtrom)
ESP unrestraint charges:
Atom          X          Y          Z     Charge   Exposure
-----------------------------------------------------------
   C  25.001074  19.360243  21.760195   0.728484     0.0000
   C  22.601124  16.202512  19.282765   0.715835     0.0717
   C  22.867575  14.673722  21.603348  -0.482557     0.0273
   C  23.432602  15.854802  24.037316   0.777436     0.0478
   C  27.780863  18.330342  21.561774  -0.484740     0.1058
   H  28.738954  18.857577  19.764643   0.140146     0.3085
   H  27.461498  16.240306  21.416266   0.091126     0.1649
   H  28.882574  18.744193  23.222841   0.145112     0.2979
   C  24.804545  22.310105  21.782873  -0.440126     0.1195
   H  25.764525  23.020643  23.527088   0.112895     0.3138
   H  22.797655  22.820332  21.907595   0.141329     0.2979
   H  25.790979  22.997965  20.221959   0.124973     0.2926
   C  21.792321  12.269991  21.818775  -0.125979     0.1126
   H  21.648701  11.627484  23.799210   0.132859     0.1277
   C  21.777203  10.132711  20.032986   0.320248     0.0512
   C  21.159262   7.640163  21.006195  -0.388766     0.0683
   H  20.796435   7.364263  23.086783   0.196073     0.1915
   C  21.420044   5.489654  19.452839  -0.055287     0.0444
   H  22.009640   5.792010  17.566891   0.151473     0.1011
   C  21.312331   3.110489  20.601794   0.009431     0.0410
   H  20.822892   3.101040  22.472622   0.169862     0.0851
   C  23.156702   0.398732  17.343907   0.004329     0.0068
   H  24.156368  -1.481545  17.134146   0.093080     0.2287
   H  24.766749   1.753666  17.236191   0.065220     0.2660
   C  21.450280   0.391173  14.996865  -0.254096     0.0751
   H  22.723955   0.251334  13.349025   0.075077     0.3457
   H  20.146370   2.044684  14.707738   0.054764     0.1383
   H  20.282429  -1.232101  14.686951   0.105364     0.2872
   C  21.132805  -1.434302  21.149815   0.124061     0.0375
   H  20.762421  -2.876163  19.706065   0.035720     0.2021
   H  19.415045  -0.975099  22.355460   0.059757     0.0851
   C  23.408035  -2.439636  22.822220  -0.344543     0.1536
   H  24.591004  -0.667073  23.249300   0.073080     0.2606
   H  24.604233  -3.671738  21.879248   0.113043     0.2660
   H  22.555769  -3.299462  24.532423   0.110266     0.3457
   N  21.777203   0.788016  19.736300  -0.124393     0.0068
   O  21.758305  15.792441  17.115248  -0.516083     0.1732
   O  23.702833  14.811672  26.074440  -0.502757     0.4331
   O  23.808659  18.523095  24.059992  -0.501601     0.1850
   O  23.576222  18.619469  19.517090  -0.492373     0.1378
   O  21.990742  10.512547  17.485634  -0.566530     0.0906
   H  22.491520  12.190623  17.168160   0.414466     0.0426
   C  11.468747  -1.617605  21.565552   0.895606     0.0000
   C  12.918167   0.808803  17.859801   0.650985     0.0580
   C  14.074679   2.501997  19.539767  -0.434498     0.0273
   C  14.730414   1.628944  22.028536   0.741424     0.0341
   C   9.017772  -0.466762  22.417820  -0.520896     0.0887
   H   8.972419   1.560914  22.198611   0.150909     0.2500
   H   8.868484  -0.578256  24.436047   0.134113     0.2819
   H   7.458749  -1.477766  21.442721   0.139704     0.2819
   C  11.585910  -4.280230  22.189162  -0.576813     0.0990
   H   9.752876  -5.145724  21.601458   0.140989     0.2766
   H  11.924172  -4.582585  24.299988   0.153866     0.2926
   H  13.008874  -5.259108  21.166821   0.164677     0.2979
   C  15.193397   4.701638  18.621361  -0.175775     0.0751
   H  16.380145   5.586030  19.878027   0.135367     0.0479
   C  15.223633   6.030116  16.227076   0.422635     0.0444
   C  16.563449   8.275111  16.174165  -0.297191     0.0648
   H  17.555554   9.023442  17.916493   0.157792     0.0585
   C  16.691951   9.677286  13.923501  -0.134591     0.0512
   H  15.779213   8.741872  12.438176   0.140330     0.0638
   C  18.145150  11.776773  13.439732   0.021052     0.0614
   H  19.749527  12.511875  14.575457   0.189951     0.0106
   C  15.796221  12.551560   9.420285   0.139525     0.0512
   H  15.601578  10.588135   9.017772   0.040028     0.2340
   H  16.238417  13.469967   7.693075   0.064587     0.2287
   C  13.526659  14.008539  10.491759  -0.348830     0.0956
   H  12.492979  12.933285  11.982753   0.110963     0.2606
   H  12.071570  14.526323   8.998876   0.090339     0.3670
   H  14.174835  15.652601  11.578351   0.107879     0.2340
   C  19.825116  15.002535  10.858365   0.023683     0.0410
   H  19.762755  15.671498  12.787776   0.072893     0.0904
   H  18.952063  16.253533   9.459969   0.074339     0.2181
   C  22.415930  14.216409   9.922951  -0.327839     0.0922
   H  22.317665  13.452959   7.921731   0.087035     0.3085
   H  23.251189  12.729195  10.860255   0.109047     0.2447
   H  23.793539  15.716852  10.217749   0.103560     0.3351
   N  18.037434  12.804784  11.071905  -0.203318     0.0341
   O  12.579907   0.880612  15.531658  -0.518375     0.3228
   O  16.242196   2.632388  23.460949  -0.542468     0.2717
   O  13.709963  -0.481880  22.801434  -0.533684     0.1063
   O  11.842914  -1.288793  18.840569  -0.495444     0.1378
   O  13.951847   5.255328  14.155938  -0.586323     0.2598
   H  13.545557   3.412845  14.148378   0.427084     0.0745
-----------------------------------------------------------
Quality of fit (RRMS): 0.136

Solving Resp charge with restraints iteratively...
Restraint parameters a:0.0005 , b:0.001 
ESP restraint charges:
Atom          X          Y          Z     Charge   Exposure
-----------------------------------------------------------
   C  25.001074  19.360243  21.760195   0.554535     0.0000
   C  22.601124  16.202512  19.282765   0.584786     0.0717
   C  22.867575  14.673722  21.603348  -0.292537     0.0273
   C  23.432602  15.854802  24.037316   0.632669     0.0478
   C  27.780863  18.330342  21.561774  -0.271475     0.1058
   H  28.738954  18.857577  19.764643   0.092678     0.3085
   H  27.461498  16.240306  21.416266   0.039111     0.1649
   H  28.882574  18.744193  23.222841   0.095449     0.2979
   C  24.804545  22.310105  21.782873  -0.354937     0.1195
   H  25.764525  23.020643  23.527088   0.093481     0.3138
   H  22.797655  22.820332  21.907595   0.124651     0.2979
   H  25.790979  22.997965  20.221959   0.104450     0.2926
   C  21.792321  12.269991  21.818775  -0.109242     0.1126
   H  21.648701  11.627484  23.799210   0.121317     0.1277
   C  21.777203  10.132711  20.032986   0.163876     0.0512
   C  21.159262   7.640163  21.006195  -0.260686     0.0683
   H  20.796435   7.364263  23.086783   0.170761     0.1915
   C  21.420044   5.489654  19.452839  -0.040110     0.0444
   H  22.009640   5.792010  17.566891   0.113651     0.1011
   C  21.312331   3.110489  20.601794  -0.040968     0.0410
   H  20.822892   3.101040  22.472622   0.166225     0.0851
   C  23.156702   0.398732  17.343907  -0.001019     0.0068
   H  24.156368  -1.481545  17.134146   0.081135     0.2287
   H  24.766749   1.753666  17.236191   0.061969     0.2660
   C  21.450280   0.391173  14.996865  -0.145348     0.0751
   H  22.723955   0.251334  13.349025   0.044703     0.3457
   H  20.146370   2.044684  14.707738   0.034300     0.1383
   H  20.282429  -1.232101  14.686951   0.077126     0.2872
   C  21.132805  -1.434302  21.149815   0.044438     0.0375
   H  20.762421  -2.876163  19.706065   0.044668     0.2021
   H  19.415045  -0.975099  22.355460   0.069945     0.0851
   C  23.408035  -2.439636  22.822220  -0.203234     0.1536
   H  24.591004  -0.667073  23.249300   0.039431     0.2606
   H  24.604233  -3.671738  21.879248   0.074339     0.2660
   H  22.555769  -3.299462  24.532423   0.075294     0.3457
   N  21.777203   0.788016  19.736300  -0.064566     0.0068
   O  21.758305  15.792441  17.115248  -0.469340     0.1732
   O  23.702833  14.811672  26.074440  -0.472326     0.4331
   O  23.808659  18.523095  24.059992  -0.423805     0.1850
   O  23.576222  18.619469  19.517090  -0.429164     0.1378
   O  21.990742  10.512547  17.485634  -0.480612     0.0906
   H  22.491520  12.190623  17.168160   0.387241     0.0426
   C  11.468747  -1.617605  21.565552   0.695237     0.0000
   C  12.918167   0.808803  17.859801   0.521494     0.0580
   C  14.074679   2.501997  19.539767  -0.252524     0.0273
   C  14.730414   1.628944  22.028536   0.602458     0.0341
   C   9.017772  -0.466762  22.417820  -0.320869     0.0887
   H   8.972419   1.560914  22.198611   0.102384     0.2500
   H   8.868484  -0.578256  24.436047   0.092615     0.2819
   H   7.458749  -1.477766  21.442721   0.094644     0.2819
   C  11.585910  -4.280230  22.189162  -0.425746     0.0990
   H   9.752876  -5.145724  21.601458   0.109549     0.2766
   H  11.924172  -4.582585  24.299988   0.117761     0.2926
   H  13.008874  -5.259108  21.166821   0.132254     0.2979
   C  15.193397   4.701638  18.621361  -0.167321     0.0751
   H  16.380145   5.586030  19.878027   0.107757     0.0479
   C  15.223633   6.030116  16.227076   0.289627     0.0444
   C  16.563449   8.275111  16.174165  -0.168400     0.0648
   H  17.555554   9.023442  17.916493   0.130761     0.0585
   C  16.691951   9.677286  13.923501  -0.151079     0.0512
   H  15.779213   8.741872  12.438176   0.117158     0.0638
   C  18.145150  11.776773  13.439732  -0.000254     0.0614
   H  19.749527  12.511875  14.575457   0.158212     0.0106
   C  15.796221  12.551560   9.420285   0.000952     0.0512
   H  15.601578  10.588135   9.017772   0.069415     0.2340
   H  16.238417  13.469967   7.693075   0.084009     0.2287
   C  13.526659  14.008539  10.491759  -0.163768     0.0956
   H  12.492979  12.933285  11.982753   0.068587     0.2606
   H  12.071570  14.526323   8.998876   0.047283     0.3670
   H  14.174835  15.652601  11.578351   0.065531     0.2340
   C  19.825116  15.002535  10.858365  -0.000539     0.0410
   H  19.762755  15.671498  12.787776   0.070889     0.0904
   H  18.952063  16.253533   9.459969   0.065133     0.2181
   C  22.415930  14.216409   9.922951  -0.237728     0.0922
   H  22.317665  13.452959   7.921731   0.064584     0.3085
   H  23.251189  12.729195  10.860255   0.081186     0.2447
   H  23.793539  15.716852  10.217749   0.081505     0.3351
   N  18.037434  12.804784  11.071905  -0.121417     0.0341
   O  12.579907   0.880612  15.531658  -0.485398     0.3228
   O  16.242196   2.632388  23.460949  -0.511351     0.2717
   O  13.709963  -0.481880  22.801434  -0.448339     0.1063
   O  11.842914  -1.288793  18.840569  -0.425108     0.1378
   O  13.951847   5.255328  14.155938  -0.522449     0.2598
   H  13.545557   3.412845  14.148378   0.398446     0.0745
-----------------------------------------------------------
Quality of fit (RRMS):  0.13


Running Mulliken population analysis...


Gradient units are Hartree/Bohr
---------------------------------------------------
        dE/dX            dE/dY            dE/dZ
   -0.0027769302    -0.0301408506    -0.0007492306
   -0.0199509246    -0.0297374199     0.0105122695
    0.0352381787    -0.0030019005     0.0208600434
   -0.0161873306    -0.0261931370    -0.0285127674
    0.0316631501     0.0249426135     0.0223574764
    0.0069578925    -0.0043384294    -0.0135777946
   -0.0130526547    -0.0129081456    -0.0044363627
   -0.0043244367    -0.0044474060    -0.0058023347
    0.0045227309     0.0336142431    -0.0493617453
    0.0068352259     0.0053637763     0.0115055173
   -0.0058485185    -0.0022010611     0.0067334048
   -0.0100623496    -0.0175627436     0.0317824583
   -0.0280652692     0.0587225215     0.0088340410
    0.0022932606    -0.0032094389     0.0104795479
    0.0340364588    -0.0166736827    -0.0451647687
   -0.0189604603    -0.0278100296     0.0081727600
   -0.0024543492    -0.0090426147     0.0253869287
   -0.0074591812     0.0123948642    -0.0282564155
   -0.0018348012     0.0008913630     0.0199979759
   -0.0104379306    -0.0123792633     0.0370106769
    0.0213275087    -0.0008445876    -0.0484638978
   -0.0057214052     0.0116098127     0.0164948957
    0.0119048154    -0.0140151493    -0.0222688516
    0.0165301447     0.0000888491     0.0022426729
   -0.0040816759    -0.0290325336     0.0253702680
    0.0018823920    -0.0086668532    -0.0014373916
   -0.0170068149     0.0095991669    -0.0073741977
    0.0099335468     0.0173502424    -0.0141768692
   -0.0003584083     0.0156385042    -0.0220691751
    0.0126767260     0.0007411818    -0.0070267629
   -0.0203822517     0.0107836904     0.0152570916
    0.0309711246    -0.0638963895    -0.0223720385
    0.0160433263     0.0280762578    -0.0062177662
   -0.0213022235     0.0302415420     0.0209039722
   -0.0134443093    -0.0037955904     0.0056306353
   -0.0210279871    -0.0054060767     0.0289824336
   -0.0062455981     0.0212722729    -0.0337765910
    0.0119212770     0.0030442572     0.0162217714
   -0.0066320141     0.0251186589     0.0299565591
   -0.0020103283     0.0065841942    -0.0117610200
   -0.0029739287     0.0458612225    -0.0138091239
   -0.0065000326    -0.0357848438     0.0041751355
   -0.0385956398    -0.0478485846     0.0208033494
    0.0397846928     0.0228169298     0.0326787481
   -0.0133425034    -0.0175478094     0.0205267907
   -0.0146526773    -0.0300160233    -0.0019383629
    0.0043718672    -0.0083474312     0.0040350094
    0.0029950538    -0.0089020418     0.0168293699
    0.0038928957     0.0148832839    -0.0152201227
   -0.0057953516    -0.0122016138    -0.0075579980
    0.0227747906     0.0454383783    -0.0282523667
   -0.0119899759    -0.0010030768    -0.0089958389
    0.0081645223    -0.0052898218     0.0280253640
   -0.0188815841     0.0071996340     0.0095070103
    0.0117554977    -0.0094438543     0.0462290823
   -0.0225354501    -0.0209437602    -0.0345231320
    0.0157348932     0.0412363416    -0.0370473728
   -0.0197351968    -0.0281693639    -0.0115027370
    0.0173635058     0.0147239082     0.0232052649
   -0.0153772850     0.0036526745    -0.0365536760
    0.0187353168     0.0038188126     0.0245007063
   -0.0043918660     0.0139388965     0.0284780276
    0.0255206708     0.0072400268    -0.0000261284
   -0.0135858863    -0.0226832421    -0.0209645405
    0.0141775337     0.0165886073     0.0028548848
   -0.0117880107    -0.0063889102     0.0215880284
    0.0310830045     0.0126373678    -0.0119337410
   -0.0059439172    -0.0001810325     0.0123155161
   -0.0201477741     0.0031331204    -0.0164357939
   -0.0001909582    -0.0048162483     0.0125311493
    0.0240008504     0.0219611379     0.0149045088
   -0.0126011378    -0.0223888078     0.0023287578
   -0.0032072433    -0.0096402494    -0.0081492910
    0.0096117174    -0.0157625354     0.0380894908
   -0.0028814682    -0.0198063138    -0.0161641723
   -0.0108254477     0.0413996760    -0.0348139349
    0.0008275780    -0.0089878305     0.0126399344
   -0.0143725076    -0.0141989866    -0.0158847395
   -0.0161664936    -0.0085905231    -0.0071513091
   -0.0091035315    -0.0083984126    -0.0012655991
    0.0388609614     0.0486143764    -0.0186718128
    0.0152373124     0.0289169610    -0.0304033760
   -0.0048064983    -0.0115337575     0.0161003746
    0.0003900955    -0.0059610188    -0.0169687749
---------------------------------------------------
Net gradient:  6.435319e-10 -2.914578e-08 -2.202594e-08
Net torque:   -2.026070e-04 -4.715530e-03 -2.166792e-03


Gradient units are Hartree/Bohr
---------------------------------------------------
        dE/dX            dE/dY            dE/dZ
   -0.0027769302    -0.0301408506    -0.0007492306
   -0.0199509246    -0.0297374199     0.0105122695
    0.0352381787    -0.0030019005     0.0208600434
   -0.0161873306    -0.0261931370    -0.0285127674
    0.0316631501     0.0249426135     0.0223574764
    0.0069578925    -0.0043384294    -0.0135777946
   -0.0130526547    -0.0129081456    -0.0044363627
   -0.0043244367    -0.0044474060    -0.0058023347
    0.0045227309     0.0336142431    -0.0493617453
    0.0068352259     0.0053637763     0.0115055173
   -0.0058485185    -0.0022010611     0.0067334048
   -0.0100623496    -0.0175627436     0.0317824583
   -0.0280652692     0.0587225215     0.0088340410
    0.0022932606    -0.0032094389     0.0104795479
    0.0340364588    -0.0166736827    -0.0451647687
   -0.0189604603    -0.0278100296     0.0081727600
   -0.0024543492    -0.0090426147     0.0253869287
   -0.0074591812     0.0123948642    -0.0282564155
   -0.0018348012     0.0008913630     0.0199979759
   -0.0104379306    -0.0123792633     0.0370106769
    0.0213275087    -0.0008445876    -0.0484638978
   -0.0057214052     0.0116098127     0.0164948957
    0.0119048154    -0.0140151493    -0.0222688516
    0.0165301447     0.0000888491     0.0022426729
   -0.0040816759    -0.0290325336     0.0253702680
    0.0018823920    -0.0086668532    -0.0014373916
   -0.0170068149     0.0095991669    -0.0073741977
    0.0099335468     0.0173502424    -0.0141768692
   -0.0003584083     0.0156385042    -0.0220691751
    0.0126767260     0.0007411818    -0.0070267629
   -0.0203822517     0.0107836904     0.0152570916
    0.0309711246    -0.0638963895    -0.0223720385
    0.0160433263     0.0280762578    -0.0062177662
   -0.0213022235     0.0302415420     0.0209039722
   -0.0134443093    -0.0037955904     0.0056306353
   -0.0210279871    -0.0054060767     0.0289824336
   -0.0062455981     0.0212722729    -0.0337765910
    0.0119212770     0.0030442572     0.0162217714
   -0.0066320141     0.0251186589     0.0299565591
   -0.0020103283     0.0065841942    -0.0117610200
   -0.0029739287     0.0458612225    -0.0138091239
   -0.0065000326    -0.0357848438     0.0041751355
   -0.0385956398    -0.0478485846     0.0208033494
    0.0397846928     0.0228169298     0.0326787481
   -0.0133425034    -0.0175478094     0.0205267907
   -0.0146526773    -0.0300160233    -0.0019383629
    0.0043718672    -0.0083474312     0.0040350094
    0.0029950538    -0.0089020418     0.0168293699
    0.0038928957     0.0148832839    -0.0152201227
   -0.0057953516    -0.0122016138    -0.0075579980
    0.0227747906     0.0454383783    -0.0282523667
   -0.0119899759    -0.0010030768    -0.0089958389
    0.0081645223    -0.0052898218     0.0280253640
   -0.0188815841     0.0071996340     0.0095070103
    0.0117554977    -0.0094438543     0.0462290823
   -0.0225354501    -0.0209437602    -0.0345231320
    0.0157348932     0.0412363416    -0.0370473728
   -0.0197351968    -0.0281693639    -0.0115027370
    0.0173635058     0.0147239082     0.0232052649
   -0.0153772850     0.0036526745    -0.0365536760
    0.0187353168     0.0038188126     0.0245007063
   -0.0043918660     0.0139388965     0.0284780276
    0.0255206708     0.0072400268    -0.0000261284
   -0.0135858863    -0.0226832421    -0.0209645405
    0.0141775337     0.0165886073     0.0028548848
   -0.0117880107    -0.0063889102     0.0215880284
    0.0310830045     0.0126373678    -0.0119337410
   -0.0059439172    -0.0001810325     0.0123155161
   -0.0201477741     0.0031331204    -0.0164357939
   -0.0001909582    -0.0048162483     0.0125311493
    0.0240008504     0.0219611379     0.0149045088
   -0.0126011378    -0.0223888078     0.0023287578
   -0.0032072433    -0.0096402494    -0.0081492910
    0.0096117174    -0.0157625354     0.0380894908
   -0.0028814682    -0.0198063138    -0.0161641723
   -0.0108254477     0.0413996760    -0.0348139349
    0.0008275780    -0.0089878305     0.0126399344
   -0.0143725076    -0.0141989866    -0.0158847395
   -0.0161664936    -0.0085905231    -0.0071513091
   -0.0091035315    -0.0083984126    -0.0012655991
    0.0388609614     0.0486143764    -0.0186718128
    0.0152373124     0.0289169610    -0.0304033760
   -0.0048064983    -0.0115337575     0.0161003746
    0.0003900955    -0.0059610188    -0.0169687749
---------------------------------------------------
Net gradient:  6.435319e-10 -2.914578e-08 -2.202594e-08
Net torque:   -2.026070e-04 -4.715530e-03 -2.166792e-03

