Jobname: geom
Scratch directory: server_2022-05-05-03.30.45/job_60/scr
Random number seed: 160719631

XYZ coordinates server_2022-05-05-03.30.45/job_60/geom.xyz
Molden File Output: server_2022-05-05-03.30.45/job_60/scr/geom.molden
Using basis set: 6-31gss
dmrgstart not found
Spin multiplicity: 1
DIIS will use up to 10 vectors.
Condition number limit for the DIIS overlap matrix is            0
WF convergence threshold: 3.00e-05
Using DIIS algorithm to converge WF
Maximum number of SCF iterations: 100
Incremental fock with rebuild every 8 iterations
Will switch to conventional Fock if diffuse functions are detected
X-matrix tolerance: 1.00e-04
PRECISION: DYNAMIC
TeraChem will select linear algebra engine
DFT Functional requested: b3lyp1
Method: B3LYP 
  Hartree-Fock exact exchange:          0.20 
  Slater exchange functional:           0.80 
  Becke 1988 exchange functional:       0.72 
  Lee-Yang-Parr correlation functional: 0.81 
  VWN(I) correlation functional:        0.19 
Wavefunction: RESTRICTED
DFT grid type: 1
Using dynamic DFT grids.
Initial guess generated by maximum overlap

********************************************
**** SINGLE POINT GRADIENT CALCULATIONS ****
********************************************
SCF:   Initial guess is taken from previous step
Starting TensorBox...
TeraChem will select linear algebra engine
Using cuSolver for matrix diagonalization


Basis set:       6-31gss
Total atoms:     84
Total charge:    0
Total electrons: 316 (158-alpha, 158-beta)
Number electrons modeled by ECPs: 0
Total orbitals:  840
Total AO shells: 378 (210 S-shells; 126 P-shells; 42 D-shells; 0 F-shells; 0 G-shells)
Spin multiplicity: 1
Nuclear repulsion energy (QM atoms): 5303.487203048191 a.u.

Setting up the DFT grid...
time to set the grid = 0.02 s
DFT grid points: 79270 (943 points/atom)
Setting up the DFT grid...
time to set the grid = 0.05 s
DFT grid points: 221614 (2638 points/atom)

                      *** Start SCF Iterations ***

 Iter     DIIS Error       Energy change      Electrons        XC Energy           Energy        Time(s)
----------------------------------------------------------------------------------------------------------
Purifying guess...Purification run on GPU (mixed precision)  using TC2 purification.
Density matrix purification finished after a total of 0 matrix multiplies
THRESPDP set to 1.00e+00
                >>> SWITCHING TO GRID 1 <<<
   1     0.2561883511   -2017.5901923792   316.0021910591  -216.8265216398   -2017.5901923792     1.46  
                >>> SWITCHING TO GRID 0 <<<
   2     0.3032635823      +4.5441688676   315.9901020489  -231.0758992375   -2013.0460235116     1.23  
   3     0.3852381832      +0.3713096611   315.9915268915  -227.5443226721   -2012.6747138505     1.27  
   4     0.1952766898     -11.5696074263   315.9899935978  -226.1933719476   -2024.2443212768     1.24  
   5     0.1107175105      -3.5437004184   315.9888879402  -224.9426947149   -2027.7880216952     1.25  
   6     0.0450304388      -2.0296224381   315.9893703513  -225.2998848564   -2029.8176441332     1.16  
   7     0.0537214945      -0.0228258369   315.9886179056  -225.3367200905   -2029.8404699701     1.14  
   8     0.0183207744      -0.2504616533   315.9892092520  -225.2421427527   -2030.0909316235     1.17  
THRESPDP set to 4.64e-02
   9     0.0033672613      -0.0620500866   315.9891218108  -225.2219085463   -2030.1529817101     1.30  
  10     0.0037503710      -0.0012495002   315.9891816323  -225.2417790994   -2030.1542312102     1.08  
                >>> SWITCHING TO GRID 1 <<<
  11     0.0009473280      -0.0030368651   316.0010721073  -225.2542706546   -2030.1572680753     1.27  
  12     0.0003399390      -0.0000977462   316.0010765671  -225.2495825320   -2030.1573658215     1.25  
THRESPDP set to 7.07e-04
  13     0.0002888227      -0.0000048015   316.0010835486  -225.2456569379   -2030.1573706230     1.67  
  14     0.0002261646      -0.0000027982   316.0010847342  -225.2477416627   -2030.1573734212     1.30  
  15     0.0000412581      -0.0000028657   316.0010857279  -225.2461602829   -2030.1573762869     1.27  
  16     0.0000208774      -0.0000003546   316.0010855927  -225.2459596404   -2030.1573766415     1.67  
----------------------------------------------------------------------------------------------------------
FINAL ENERGY: -2030.1573766415 a.u.
HOMO-LUMO GAP: 2.472 eV
CENTER OF MASS: {9.496103, 4.641320, 8.685273} ANGS
DIPOLE MOMENT: {-1.270246, -1.169371, -3.956028} (|D| = 4.316377) DEBYE

Running Resp charge analysis...
Total number of ESP grid points from 4 layers: 2763
Electron static potential written to file server_2022-05-05-03.30.45/job_60/scr/esp.xyz (unit: Ansgtrom)
ESP unrestraint charges:
Atom          X          Y          Z     Charge   Exposure
-----------------------------------------------------------
   C  24.749743  18.642148  17.207844   0.694812     0.0000
   C  22.801434  15.474967  14.713406   0.767189     0.0410
   C  22.383805  14.050113  16.994305  -0.474100     0.0273
   C  22.565218  15.388038  19.441502   0.702472     0.0648
   C  27.578661  17.780432  17.442170  -0.530100     0.0819
   H  28.859896  18.562779  15.841574   0.151523     0.3351
   H  27.709053  15.699843  17.396819   0.128335     0.2234
   H  28.202270  18.298216  19.392369   0.153909     0.2766
   C  24.500298  21.491854  17.457289  -0.449398     0.1058
   H  25.575552  22.037985  19.074894   0.129423     0.2713
   H  22.504748  22.077668  17.580123   0.146376     0.3032
   H  25.435713  22.338452  15.756536   0.100642     0.2979
   C  21.873577  11.519770  17.200288  -0.183276     0.0819
   H  21.858462  10.771438  19.057887   0.138163     0.1277
   C  21.391697   9.681067  15.418276   0.363096     0.0375
   C  21.380360   7.069465  16.000310  -0.249242     0.0648
   H  21.881138   6.725535  17.959956   0.156363     0.0957
   C  20.694390   5.056907  14.556559  -0.118018     0.0717
   H  19.689055   5.300682  12.802894   0.211131     0.0532
   C  20.516756   2.723095  15.650710  -0.064556     0.0444
   H  21.523980   2.348929  17.340125   0.192491     0.1011
   C  17.965624   0.661404  12.149049  -0.042060     0.0239
   H  16.372586   1.868939  12.133931   0.087044     0.2234
   H  17.188948  -1.302021  11.995981   0.106268     0.1862
   C  19.662598   1.139505   9.803899  -0.247813     0.1433
   H  18.812222   0.030236   8.222198   0.078196     0.3457
   H  21.425715   0.194642  10.068461   0.089572     0.2713
   H  20.059441   3.091592   9.599808   0.068409     0.2021
   C  19.012534  -1.515560  16.179835   0.371766     0.0102
   H  17.321229  -2.447195  15.512760  -0.032421     0.1862
   H  18.798995  -0.927855  18.220738   0.005223     0.0426
   C  21.095011  -3.562134  16.126923  -0.554740     0.1877
   H  20.590455  -4.575027  14.354360   0.152721     0.2713
   H  20.558329  -4.435187  17.888146   0.150584     0.2766
   H  22.767420  -2.399952  16.266761   0.144266     0.2447
   N  19.422604   0.716206  14.482860  -0.161728     0.0000
   O  22.397034  14.649156  12.617701  -0.583522     0.2205
   O  22.000191  14.618920  21.539097  -0.504657     0.4449
   O  23.222841  17.908934  19.460400  -0.456872     0.1457
   O  23.504412  17.993971  14.877813  -0.450306     0.1614
   O  20.694390  10.281999  12.984307  -0.672361     0.1969
   H  21.234852  12.107474  12.570457   0.517214     0.0372
   C  14.399712   0.470542  22.895920   0.711395     0.0000
   C  12.738644   2.333812  19.192057   0.608728     0.0410
   C  14.966630   3.998660  19.246861  -0.427468     0.0068
   C  17.136035   3.140724  20.660374   0.684134     0.0171
   C  13.728859   2.651286  24.545653  -0.457945     0.0785
   H  14.034995   4.450305  23.597010   0.147923     0.1489
   H  14.853247   2.651286  26.350340   0.119233     0.3085
   H  11.772993   2.568138  25.176819   0.123553     0.2979
   C  14.180505  -2.023897  24.192272  -0.432431     0.0887
   H  12.190623  -2.605932  24.456835   0.132800     0.2926
   H  14.891042  -1.848152  26.151918   0.121219     0.2819
   H  15.108359  -3.618825  23.090561   0.130740     0.3085
   C  15.382371   6.237986  17.884366  -0.175309     0.0614
   H  17.359023   6.825690  18.084677   0.132665     0.0213
   C  13.783662   7.592919  16.376366   0.408412     0.0546
   C  14.758760   9.730200  15.323788  -0.245616     0.0887
   H  16.778876  10.108144  15.703624   0.146819     0.0213
   C  13.413276  11.532998  13.917831  -0.156553     0.0956
   H  11.379930  11.340245  13.490754   0.172294     0.0851
   C  14.397822  13.800669  13.103360  -0.012747     0.0717
   H  16.181723  14.480970  14.023657   0.166317     0.0532
   C  11.177730  14.977969   9.635713   0.117013     0.0478
   H  10.805453  12.899270   9.563903   0.037443     0.2128
   H  11.228752  15.618586   7.685516   0.082047     0.2766
   C   8.923287  16.055114  11.104030  -0.232184     0.1536
   H   7.481426  15.837793   9.718861   0.067106     0.3138
   H   9.151943  17.954287  11.604807   0.066911     0.2394
   H   8.664394  14.851357  12.706518   0.075083     0.2181
   C  14.679392  17.757756  11.173950   0.155828     0.0341
   H  15.422054  18.203732  12.999426   0.024033     0.2128
   H  13.543666  19.265757  10.542781   0.051588     0.2021
   C  16.746752  17.733189   9.333357  -0.328834     0.0853
   H  15.905824  17.273986   7.417175   0.077581     0.2500
   H  18.254754  16.300778   9.977754   0.094340     0.1170
   H  17.631144  19.736300   9.397608   0.091142     0.3511
   N  13.496424  15.352134  11.308121  -0.184803     0.0205
   O  10.697739   2.632388  17.929721  -0.522762     0.3661
   O  19.218514   4.095036  20.446835  -0.508519     0.1929
   O  16.884703   0.840928  21.934050  -0.492123     0.1024
   O  12.723525   0.415740  20.722735  -0.429715     0.1457
   O  11.281664   7.037340  15.985192  -0.616358     0.2795
   H  10.788446   5.544456  17.007535   0.444999     0.0532
-----------------------------------------------------------
Quality of fit (RRMS): 0.127

Solving Resp charge with restraints iteratively...
Restraint parameters a:0.0005 , b:0.001 
ESP restraint charges:
Atom          X          Y          Z     Charge   Exposure
-----------------------------------------------------------
   C  24.749743  18.642148  17.207844   0.527414     0.0000
   C  22.801434  15.474967  14.713406   0.626738     0.0410
   C  22.383805  14.050113  16.994305  -0.292083     0.0273
   C  22.565218  15.388038  19.441502   0.567128     0.0648
   C  27.578661  17.780432  17.442170  -0.316540     0.0819
   H  28.859896  18.562779  15.841574   0.102836     0.3351
   H  27.709053  15.699843  17.396819   0.075470     0.2234
   H  28.202270  18.298216  19.392369   0.108842     0.2766
   C  24.500298  21.491854  17.457289  -0.345228     0.1058
   H  25.575552  22.037985  19.074894   0.100372     0.2713
   H  22.504748  22.077668  17.580123   0.121771     0.3032
   H  25.435713  22.338452  15.756536   0.079258     0.2979
   C  21.873577  11.519770  17.200288  -0.144429     0.0819
   H  21.858462  10.771438  19.057887   0.128844     0.1277
   C  21.391697   9.681067  15.418276   0.203462     0.0375
   C  21.380360   7.069465  16.000310  -0.085033     0.0648
   H  21.881138   6.725535  17.959956   0.102791     0.0957
   C  20.694390   5.056907  14.556559  -0.173983     0.0717
   H  19.689055   5.300682  12.802894   0.203164     0.0532
   C  20.516756   2.723095  15.650710  -0.047788     0.0444
   H  21.523980   2.348929  17.340125   0.180280     0.1011
   C  17.965624   0.661404  12.149049  -0.000927     0.0239
   H  16.372586   1.868939  12.133931   0.063410     0.2234
   H  17.188948  -1.302021  11.995981   0.089747     0.1862
   C  19.662598   1.139505   9.803899  -0.144022     0.1433
   H  18.812222   0.030236   8.222198   0.046646     0.3457
   H  21.425715   0.194642  10.068461   0.063801     0.2713
   H  20.059441   3.091592   9.599808   0.035536     0.2021
   C  19.012534  -1.515560  16.179835   0.275289     0.0102
   H  17.321229  -2.447195  15.512760  -0.000136     0.1862
   H  18.798995  -0.927855  18.220738   0.035465     0.0426
   C  21.095011  -3.562134  16.126923  -0.492926     0.1877
   H  20.590455  -4.575027  14.354360   0.136043     0.2713
   H  20.558329  -4.435187  17.888146   0.136790     0.2766
   H  22.767420  -2.399952  16.266761   0.132444     0.2447
   N  19.422604   0.716206  14.482860  -0.155767     0.0000
   O  22.397034  14.649156  12.617701  -0.533714     0.2205
   O  22.000191  14.618920  21.539097  -0.480305     0.4449
   O  23.222841  17.908934  19.460400  -0.384804     0.1457
   O  23.504412  17.993971  14.877813  -0.384669     0.1614
   O  20.694390  10.281999  12.984307  -0.622138     0.1969
   H  21.234852  12.107474  12.570457   0.497866     0.0372
   C  14.399712   0.470542  22.895920   0.441437     0.0000
   C  12.738644   2.333812  19.192057   0.423551     0.0410
   C  14.966630   3.998660  19.246861  -0.129763     0.0068
   C  17.136035   3.140724  20.660374   0.446536     0.0171
   C  13.728859   2.651286  24.545653  -0.004145     0.0785
   H  14.034995   4.450305  23.597010   0.015600     0.1489
   H  14.853247   2.651286  26.350340   0.028872     0.3085
   H  11.772993   2.568138  25.176819   0.020438     0.2979
   C  14.180505  -2.023897  24.192272  -0.310029     0.0887
   H  12.190623  -2.605932  24.456835   0.104843     0.2926
   H  14.891042  -1.848152  26.151918   0.092991     0.2819
   H  15.108359  -3.618825  23.090561   0.109435     0.3085
   C  15.382371   6.237986  17.884366  -0.147756     0.0614
   H  17.359023   6.825690  18.084677   0.112385     0.0213
   C  13.783662   7.592919  16.376366   0.231767     0.0546
   C  14.758760   9.730200  15.323788  -0.044253     0.0887
   H  16.778876  10.108144  15.703624   0.073426     0.0213
   C  13.413276  11.532998  13.917831  -0.234241     0.0956
   H  11.379930  11.340245  13.490754   0.176835     0.0851
   C  14.397822  13.800669  13.103360  -0.022048     0.0717
   H  16.181723  14.480970  14.023657   0.158943     0.0532
   C  11.177730  14.977969   9.635713   0.001516     0.0478
   H  10.805453  12.899270   9.563903   0.053986     0.2128
   H  11.228752  15.618586   7.685516   0.109375     0.2766
   C   8.923287  16.055114  11.104030  -0.088336     0.1536
   H   7.481426  15.837793   9.718861   0.034762     0.3138
   H   9.151943  17.954287  11.604807   0.027779     0.2394
   H   8.664394  14.851357  12.706518   0.040109     0.2181
   C  14.679392  17.757756  11.173950   0.001077     0.0341
   H  15.422054  18.203732  12.999426   0.059177     0.2128
   H  13.543666  19.265757  10.542781   0.080023     0.2021
   C  16.746752  17.733189   9.333357  -0.165997     0.0853
   H  15.905824  17.273986   7.417175   0.038200     0.2500
   H  18.254754  16.300778   9.977754   0.039484     0.1170
   H  17.631144  19.736300   9.397608   0.058894     0.3511
   N  13.496424  15.352134  11.308121  -0.072377     0.0205
   O  10.697739   2.632388  17.929721  -0.483912     0.3661
   O  19.218514   4.095036  20.446835  -0.433656     0.1929
   O  16.884703   0.840928  21.934050  -0.403224     0.1024
   O  12.723525   0.415740  20.722735  -0.333761     0.1457
   O  11.281664   7.037340  15.985192  -0.559520     0.2795
   H  10.788446   5.544456  17.007535   0.414659     0.0532
-----------------------------------------------------------
Quality of fit (RRMS): 0.121


Running Mulliken population analysis...


Gradient units are Hartree/Bohr
---------------------------------------------------
        dE/dX            dE/dY            dE/dZ
    0.0120668587    -0.0319036627    -0.0240172776
    0.0053874237    -0.0135866935    -0.0237695703
   -0.0119210489    -0.0384664449    -0.0221012880
    0.0100404246    -0.0130330887    -0.0309326694
    0.0027515025     0.0052239968     0.0082989871
    0.0239307861     0.0086320285    -0.0300871335
    0.0008036835    -0.0049446419     0.0040445563
   -0.0002988672    -0.0030893724     0.0183890653
   -0.0121665534    -0.0041382222     0.0391922463
   -0.0031364795    -0.0094475078    -0.0153572147
   -0.0090418019     0.0028331958    -0.0000474162
    0.0101034774     0.0001179289    -0.0121419054
   -0.0041317119     0.0240127577     0.0010129191
   -0.0045649033     0.0008697136    -0.0221256935
    0.0151276231     0.0174547251     0.0491697609
   -0.0190181261    -0.0500879335    -0.0334077521
   -0.0014804694     0.0054290722    -0.0003202624
    0.0209200972     0.0063066761     0.0172346590
   -0.0043774334    -0.0084801380     0.0066518355
   -0.0001280609     0.0173360495     0.0458006450
   -0.0011588203     0.0059103586    -0.0174081250
   -0.0268607805     0.0278070162     0.0191575116
    0.0192884879    -0.0211226982    -0.0055803842
   -0.0067341173    -0.0159346006    -0.0013871112
    0.0240150691     0.0380411750    -0.0058095239
   -0.0018660770    -0.0250865049    -0.0006110360
   -0.0181991617     0.0070829231    -0.0071958600
    0.0014098651    -0.0191667793     0.0171825198
   -0.0005467352    -0.0103677228    -0.0138619975
    0.0129765953    -0.0031612214    -0.0067093780
    0.0039737430    -0.0012469182     0.0252756452
    0.0413181885    -0.0338661487     0.0145308458
   -0.0271882828     0.0059641606    -0.0147308624
   -0.0146554173     0.0249542294    -0.0018533259
   -0.0193634309     0.0163763396     0.0049460890
    0.0048736912     0.0176623906    -0.0464397684
    0.0004243110    -0.0030675951     0.0429968957
    0.0026400167     0.0203864770     0.0106972910
   -0.0270775029     0.0167349765     0.0482593288
   -0.0092575149     0.0257875870    -0.0170939520
   -0.0056545231    -0.0063160255     0.0005254822
    0.0036133934     0.0233706968    -0.0085813505
   -0.0017286228    -0.0039640914     0.0220692394
    0.0465053299    -0.0514219961     0.0387456475
    0.0176353405     0.0094682323     0.0036148327
   -0.0087505908     0.0131290039     0.0192630820
    0.0019493178    -0.0155886515    -0.0420708715
    0.0022039179    -0.0005201347    -0.0034680723
    0.0041519279     0.0013828078     0.0187204511
    0.0054238638     0.0017054783     0.0034602250
   -0.0007636505     0.0344160856    -0.0065263565
   -0.0045311125    -0.0079474535     0.0068957707
   -0.0067268072     0.0055993349     0.0116733120
    0.0061123558    -0.0215978020    -0.0153832050
   -0.0173349449     0.0279635324    -0.0167196610
    0.0141525165    -0.0067687972     0.0027315345
    0.0405846924     0.0101020648     0.0034623827
   -0.0187489044    -0.0420793008     0.0093368589
    0.0149663317     0.0013526733     0.0047502259
    0.0249418326    -0.0014474306     0.0067643492
   -0.0119590809     0.0142818619    -0.0015195072
   -0.0207612435     0.0061820686    -0.0063439624
    0.0140479947     0.0063546197     0.0136511049
   -0.0042981260     0.0331054171    -0.0526205378
   -0.0094420009    -0.0127935699     0.0040182755
   -0.0179401767    -0.0100462222    -0.0007222657
   -0.0157484992     0.0284538907     0.0305116556
    0.0302646235    -0.0026365162     0.0019895155
   -0.0024327115    -0.0320383437    -0.0093403467
    0.0098683111     0.0028537504    -0.0139115044
   -0.0153386536    -0.0048270417    -0.0049371340
   -0.0015411243    -0.0094236141    -0.0158146513
    0.0340480933    -0.0163010177    -0.0017076915
   -0.0531551276    -0.0070513398     0.0203167725
   -0.0200385032    -0.0055324671    -0.0162235090
    0.0185600385    -0.0212264665     0.0190836992
    0.0088863670     0.0327381847     0.0109915647
    0.0276676033     0.0078097162     0.0181418594
   -0.0482807439     0.0018154392    -0.0193833708
   -0.0083825506     0.0046870155    -0.0208678432
   -0.0069955526    -0.0068650814    -0.0083957471
    0.0005350829     0.0418754812    -0.0326891866
   -0.0121156545    -0.0133836505    -0.0016521101
   -0.0023285764     0.0064037690     0.0083097500
---------------------------------------------------
Net gradient:  7.362853e-10 -6.958212e-09  3.745506e-10
Net torque:    3.669705e-04  1.068876e-03  3.907484e-03


Gradient units are Hartree/Bohr
---------------------------------------------------
        dE/dX            dE/dY            dE/dZ
    0.0120668587    -0.0319036627    -0.0240172776
    0.0053874237    -0.0135866935    -0.0237695703
   -0.0119210489    -0.0384664449    -0.0221012880
    0.0100404246    -0.0130330887    -0.0309326694
    0.0027515025     0.0052239968     0.0082989871
    0.0239307861     0.0086320285    -0.0300871335
    0.0008036835    -0.0049446419     0.0040445563
   -0.0002988672    -0.0030893724     0.0183890653
   -0.0121665534    -0.0041382222     0.0391922463
   -0.0031364795    -0.0094475078    -0.0153572147
   -0.0090418019     0.0028331958    -0.0000474162
    0.0101034774     0.0001179289    -0.0121419054
   -0.0041317119     0.0240127577     0.0010129191
   -0.0045649033     0.0008697136    -0.0221256935
    0.0151276231     0.0174547251     0.0491697609
   -0.0190181261    -0.0500879335    -0.0334077521
   -0.0014804694     0.0054290722    -0.0003202624
    0.0209200972     0.0063066761     0.0172346590
   -0.0043774334    -0.0084801380     0.0066518355
   -0.0001280609     0.0173360495     0.0458006450
   -0.0011588203     0.0059103586    -0.0174081250
   -0.0268607805     0.0278070162     0.0191575116
    0.0192884879    -0.0211226982    -0.0055803842
   -0.0067341173    -0.0159346006    -0.0013871112
    0.0240150691     0.0380411750    -0.0058095239
   -0.0018660770    -0.0250865049    -0.0006110360
   -0.0181991617     0.0070829231    -0.0071958600
    0.0014098651    -0.0191667793     0.0171825198
   -0.0005467352    -0.0103677228    -0.0138619975
    0.0129765953    -0.0031612214    -0.0067093780
    0.0039737430    -0.0012469182     0.0252756452
    0.0413181885    -0.0338661487     0.0145308458
   -0.0271882828     0.0059641606    -0.0147308624
   -0.0146554173     0.0249542294    -0.0018533259
   -0.0193634309     0.0163763396     0.0049460890
    0.0048736912     0.0176623906    -0.0464397684
    0.0004243110    -0.0030675951     0.0429968957
    0.0026400167     0.0203864770     0.0106972910
   -0.0270775029     0.0167349765     0.0482593288
   -0.0092575149     0.0257875870    -0.0170939520
   -0.0056545231    -0.0063160255     0.0005254822
    0.0036133934     0.0233706968    -0.0085813505
   -0.0017286228    -0.0039640914     0.0220692394
    0.0465053299    -0.0514219961     0.0387456475
    0.0176353405     0.0094682323     0.0036148327
   -0.0087505908     0.0131290039     0.0192630820
    0.0019493178    -0.0155886515    -0.0420708715
    0.0022039179    -0.0005201347    -0.0034680723
    0.0041519279     0.0013828078     0.0187204511
    0.0054238638     0.0017054783     0.0034602250
   -0.0007636505     0.0344160856    -0.0065263565
   -0.0045311125    -0.0079474535     0.0068957707
   -0.0067268072     0.0055993349     0.0116733120
    0.0061123558    -0.0215978020    -0.0153832050
   -0.0173349449     0.0279635324    -0.0167196610
    0.0141525165    -0.0067687972     0.0027315345
    0.0405846924     0.0101020648     0.0034623827
   -0.0187489044    -0.0420793008     0.0093368589
    0.0149663317     0.0013526733     0.0047502259
    0.0249418326    -0.0014474306     0.0067643492
   -0.0119590809     0.0142818619    -0.0015195072
   -0.0207612435     0.0061820686    -0.0063439624
    0.0140479947     0.0063546197     0.0136511049
   -0.0042981260     0.0331054171    -0.0526205378
   -0.0094420009    -0.0127935699     0.0040182755
   -0.0179401767    -0.0100462222    -0.0007222657
   -0.0157484992     0.0284538907     0.0305116556
    0.0302646235    -0.0026365162     0.0019895155
   -0.0024327115    -0.0320383437    -0.0093403467
    0.0098683111     0.0028537504    -0.0139115044
   -0.0153386536    -0.0048270417    -0.0049371340
   -0.0015411243    -0.0094236141    -0.0158146513
    0.0340480933    -0.0163010177    -0.0017076915
   -0.0531551276    -0.0070513398     0.0203167725
   -0.0200385032    -0.0055324671    -0.0162235090
    0.0185600385    -0.0212264665     0.0190836992
    0.0088863670     0.0327381847     0.0109915647
    0.0276676033     0.0078097162     0.0181418594
   -0.0482807439     0.0018154392    -0.0193833708
   -0.0083825506     0.0046870155    -0.0208678432
   -0.0069955526    -0.0068650814    -0.0083957471
    0.0005350829     0.0418754812    -0.0326891866
   -0.0121156545    -0.0133836505    -0.0016521101
   -0.0023285764     0.0064037690     0.0083097500
---------------------------------------------------
Net gradient:  7.362853e-10 -6.958212e-09  3.745506e-10
Net torque:    3.669705e-04  1.068876e-03  3.907484e-03

