Jobname: geom
Scratch directory: server_2022-05-08-03.11.00/job_14/scr
Random number seed: 620072039

XYZ coordinates server_2022-05-08-03.11.00/job_14/geom.xyz
Molden File Output: server_2022-05-08-03.11.00/job_14/scr/geom.molden
Using basis set: 6-31gss
dmrgstart not found
Spin multiplicity: 1
DIIS will use up to 10 vectors.
Condition number limit for the DIIS overlap matrix is            0
WF convergence threshold: 3.00e-05
Using DIIS algorithm to converge WF
Maximum number of SCF iterations: 100
Incremental fock with rebuild every 8 iterations
Will switch to conventional Fock if diffuse functions are detected
X-matrix tolerance: 1.00e-04
PRECISION: DYNAMIC
TeraChem will select linear algebra engine
DFT Functional requested: b3lyp1
Method: B3LYP 
  Hartree-Fock exact exchange:          0.20 
  Slater exchange functional:           0.80 
  Becke 1988 exchange functional:       0.72 
  Lee-Yang-Parr correlation functional: 0.81 
  VWN(I) correlation functional:        0.19 
Wavefunction: RESTRICTED
DFT grid type: 1
Using dynamic DFT grids.
Initial guess generated by maximum overlap

********************************************
**** SINGLE POINT GRADIENT CALCULATIONS ****
********************************************
SCF:   Initial guess is taken from previous step
Starting TensorBox...
TeraChem will select linear algebra engine
Using cuSolver for matrix diagonalization


Basis set:       6-31gss
Total atoms:     84
Total charge:    0
Total electrons: 316 (158-alpha, 158-beta)
Number electrons modeled by ECPs: 0
Total orbitals:  840
Total AO shells: 378 (210 S-shells; 126 P-shells; 42 D-shells; 0 F-shells; 0 G-shells)
Spin multiplicity: 1
Nuclear repulsion energy (QM atoms): 5101.563401314574 a.u.

Setting up the DFT grid...
time to set the grid = 0.02 s
DFT grid points: 79495 (946 points/atom)
Setting up the DFT grid...
time to set the grid = 0.04 s
DFT grid points: 222374 (2647 points/atom)

                      *** Start SCF Iterations ***

 Iter     DIIS Error       Energy change      Electrons        XC Energy           Energy        Time(s)
----------------------------------------------------------------------------------------------------------
Purifying guess...Purification run on GPU (mixed precision)  using TC2 purification.
Density matrix purification finished after a total of 0 matrix multiplies
THRESPDP set to 1.00e+00
                >>> SWITCHING TO GRID 1 <<<
   1     0.2346912422   -2017.7589136318   315.9984057380  -216.4352158307   -2017.7589136318     1.42  
                >>> SWITCHING TO GRID 0 <<<
   2     0.3068167323      +1.8379087736   315.9951963652  -230.9192878864   -2015.9210048581     1.18  
   3     0.3430256725      +5.5005688756   315.9943595574  -226.7634597154   -2010.4204359826     1.19  
   4     0.2572768433      -7.7670282456   315.9959080731  -225.3422096048   -2018.1874642282     1.21  
   5     0.0768234685     -11.4364395753   315.9947457781  -225.1467733159   -2029.6239038035     1.17  
   6     0.0566216750      -0.0944680039   315.9958224373  -224.6943782854   -2029.7183718074     1.14  
   7     0.0265970837      -0.3620659913   315.9952316351  -225.0645047904   -2030.0804377986     1.09  
   8     0.0207291574      -0.0437084830   315.9953844566  -224.9435504335   -2030.1241462816     1.08  
THRESPDP set to 7.07e-04
   9     0.0049842634      -0.0243785826   315.9953709892  -224.9338224769   -2030.1485248642     1.28  
  10     0.0024502188      -0.0023005487   315.9953696236  -224.9408468312   -2030.1508254129     1.15  
                >>> SWITCHING TO GRID 1 <<<
  11     0.0013363438      -0.0025715985   315.9995724012  -224.9558182833   -2030.1533970114     1.29  
  12     0.0003130598      -0.0002675264   315.9995745834  -224.9539483623   -2030.1536645378     1.29  
  13     0.0002567135      -0.0000093502   315.9995745645  -224.9467220525   -2030.1536738880     1.24  
  14     0.0001553465      -0.0000119745   315.9995748298  -224.9507900198   -2030.1536858625     1.22  
  15     0.0000434258      -0.0000029723   315.9995747828  -224.9505091942   -2030.1536888348     1.54  
  16     0.0000158822      -0.0000003504   315.9995747873  -224.9502556347   -2030.1536891851     1.64  
----------------------------------------------------------------------------------------------------------
FINAL ENERGY: -2030.1536891851 a.u.
HOMO-LUMO GAP: 2.000 eV
CENTER OF MASS: {9.136789, 4.534853, 8.590259} ANGS
DIPOLE MOMENT: {2.765197, -0.410351, -2.607082} (|D| = 3.822510) DEBYE

Running Resp charge analysis...
Total number of ESP grid points from 4 layers: 2847
Electron static potential written to file server_2022-05-08-03.11.00/job_14/scr/esp.xyz (unit: Ansgtrom)
ESP unrestraint charges:
Atom          X          Y          Z     Charge   Exposure
-----------------------------------------------------------
   C  24.834780  19.278985  14.278770   0.754497     0.0000
   C  23.137806  15.786772  12.058342   0.587567     0.0205
   C  22.457505  14.788997  14.560339  -0.145420     0.0068
   C  22.414040  16.414160  16.812894   0.625660     0.0171
   C  27.395357  18.058221  15.131037  -0.469510     0.0990
   H  28.147470  18.882142  16.799664   0.152482     0.2872
   H  28.718166  18.262311  13.602248   0.111170     0.3085
   H  27.058987  16.142039  15.261428   0.116935     0.1489
   C  24.997295  22.115464  13.864920  -0.470041     0.1160
   H  26.390024  23.111349  15.070565   0.133136     0.3032
   H  23.101902  22.909149  14.050113   0.153661     0.2340
   H  25.626574  22.234516  11.918502   0.110463     0.2766
   C  21.977515  12.243535  15.342686  -0.462187     0.0546
   H  22.000191  11.931730  17.434613   0.199120     0.1223
   C  21.272646  10.153498  13.844133   0.505592     0.0375
   C  21.172491   7.762994  14.896710  -0.225822     0.0614
   H  21.593899   7.500323  16.962180   0.143395     0.2074
   C  20.546992   5.667288  13.366032  -0.205784     0.0580
   H  20.238966   5.958306  11.330797   0.210205     0.0426
   C  20.333453   3.280564  14.405382  -0.028906     0.0887
   H  20.577227   2.966870  16.427388   0.156395     0.1277
   C  18.793324   1.358713  10.444515   0.111203     0.0273
   H  17.542327   2.927186  10.024996   0.023668     0.2340
   H  17.604687  -0.232436   9.856811   0.088321     0.2234
   C  21.019423   1.842483   8.585026  -0.326798     0.1160
   H  20.242745   2.082478   6.608372   0.107002     0.3351
   H  22.351679   0.136060   8.804234   0.059031     0.2394
   H  22.287428   3.541347   9.015883   0.116869     0.2074
   C  19.050328  -1.114938  14.562228  -0.030838     0.0239
   H  16.986748  -1.252888  14.382705   0.052531     0.2287
   H  19.849682  -0.827700  16.436837   0.134696     0.1330
   C  20.424159  -3.531898  13.386820  -0.177362     0.0887
   H  22.476401  -3.469537  13.863030   0.073711     0.3457
   H  19.987631  -3.866379  11.298672   0.061411     0.2394
   H  19.834565  -5.349815  14.305226   0.063350     0.3564
   N  19.388590   1.243440  13.139265  -0.086548     0.0273
   O  23.190718  14.524434  10.091137  -0.509839     0.3622
   O  21.641142  15.747087  18.846238  -0.472243     0.3268
   O  23.065996  18.978518  16.310225  -0.514926     0.1142
   O  23.770865  18.247195  11.916613  -0.422083     0.1417
   O  20.940054  10.359478  11.315680  -0.654505     0.2283
   H  21.626025  11.982753  10.684510   0.465028     0.0372
   C  10.316014  -1.249109  23.213394   0.830311     0.0000
   C  10.055232   1.800909  19.815667   0.683368     0.0648
   C  12.621480   2.426408  20.325892  -0.409130     0.0341
   C  14.295777   0.430858  21.467287   0.751414     0.0819
   C   9.562014   0.472432  25.592560  -0.508218     0.0853
   H  10.884822   0.105825  27.159141   0.124846     0.3138
   H   7.677957  -0.009449  26.303097   0.116636     0.3191
   H   9.454299   2.409401  25.352566   0.155913     0.2553
   C   9.616816  -3.998660  23.544096  -0.515783     0.1297
   H   7.623155  -4.032675  23.428824   0.145055     0.2713
   H  10.427509  -4.633608  25.475397   0.118062     0.2872
   H  10.510656  -5.068245  22.036095   0.162170     0.3085
   C  13.723190   4.746992  19.386698  -0.261189     0.0887
   H  15.620475   4.813132  20.027316   0.168150     0.1330
   C  12.768879   6.912618  17.948619   0.411811     0.0785
   C  14.617031   8.853366  17.479966  -0.383057     0.0819
   H  16.461404   8.813682  18.381365   0.159587     0.1383
   C  13.823346  11.073795  16.518096  -0.045222     0.0648
   H  11.780552  10.984978  16.508647   0.131747     0.0745
   C  15.354024  12.886042  15.442841   0.095406     0.0717
   H  17.508313  12.783997  15.722520   0.138569     0.0106
   C  11.878818  15.643152  13.825235   0.249024     0.0444
   H  11.113479  13.885707  13.384930   0.027519     0.1915
   H  11.718191  16.833680  12.160387   0.031084     0.2979
   C  10.401053  16.824231  15.998420  -0.371948     0.1160
   H   8.375266  16.739194  15.646931   0.108912     0.3457
   H  10.879152  18.778208  16.206290   0.107470     0.2074
   H  10.975529  15.998420  17.871138   0.108512     0.2234
   C  16.637149  16.833680  13.700514   0.426205     0.0102
   H  16.463294  17.530989  11.814567   0.008248     0.2394
   H  18.749861  16.236525  14.125702  -0.151240     0.0053
   C  16.472741  19.163712  15.603468  -0.275242     0.0546
   H  17.115248  18.850018  17.661379   0.120261     0.2340
   H  14.592464  20.123692  15.820785   0.051764     0.1755
   H  17.587680  20.628251  14.673722   0.051827     0.2287
   N  14.605693  15.076235  14.273101  -0.444332     0.0375
   O   8.352589   2.989547  18.712067  -0.514361     0.3346
   O  16.518096   0.260782  21.062886  -0.541152     0.3150
   O  12.955961  -1.264227  22.852457  -0.521322     0.1220
   O   9.182179  -0.508336  20.911707  -0.510551     0.1732
   O  10.276330   7.026001  17.230523  -0.588160     0.2756
   H   9.280444   5.378160  17.325009   0.442747     0.0691
-----------------------------------------------------------
Quality of fit (RRMS): 0.142

Solving Resp charge with restraints iteratively...
Restraint parameters a:0.0005 , b:0.001 
ESP restraint charges:
Atom          X          Y          Z     Charge   Exposure
-----------------------------------------------------------
   C  24.834780  19.278985  14.278770   2.000000     0.0000
   C  23.137806  15.786772  12.058342   0.459499     0.0205
   C  22.457505  14.788997  14.560339   0.000104     0.0068
   C  22.414040  16.414160  16.812894   0.478004     0.0171
   C  27.395357  18.058221  15.131037  -0.134354     0.0990
   H  28.147470  18.882142  16.799664   0.070790     0.2872
   H  28.718166  18.262311  13.602248   0.037031     0.3085
   H  27.058987  16.142039  15.261428   0.021766     0.1489
   C  24.997295  22.115464  13.864920  -0.342137     0.1160
   H  26.390024  23.111349  15.070565   0.098766     0.3032
   H  23.101902  22.909149  14.050113   0.124518     0.2340
   H  25.626574  22.234516  11.918502   0.081311     0.2766
   C  21.977515  12.243535  15.342686  -0.368788     0.0546
   H  22.000191  11.931730  17.434613   0.168204     0.1223
   C  21.272646  10.153498  13.844133   0.337764     0.0375
   C  21.172491   7.762994  14.896710  -0.153648     0.0614
   H  21.593899   7.500323  16.962180   0.131314     0.2074
   C  20.546992   5.667288  13.366032  -0.145077     0.0580
   H  20.238966   5.958306  11.330797   0.155888     0.0426
   C  20.333453   3.280564  14.405382  -0.110467     0.0887
   H  20.577227   2.966870  16.427388   0.168521     0.1277
   C  18.793324   1.358713  10.444515   0.000718     0.0273
   H  17.542327   2.927186  10.024996   0.048058     0.2340
   H  17.604687  -0.232436   9.856811   0.099735     0.2234
   C  21.019423   1.842483   8.585026  -0.161956     0.1160
   H  20.242745   2.082478   6.608372   0.068384     0.3351
   H  22.351679   0.136060   8.804234   0.015831     0.2394
   H  22.287428   3.541347   9.015883   0.083078     0.2074
   C  19.050328  -1.114938  14.562228  -0.011029     0.0239
   H  16.986748  -1.252888  14.382705   0.038584     0.2287
   H  19.849682  -0.827700  16.436837   0.110765     0.1330
   C  20.424159  -3.531898  13.386820  -0.091320     0.0887
   H  22.476401  -3.469537  13.863030   0.050783     0.3457
   H  19.987631  -3.866379  11.298672   0.037510     0.2394
   H  19.834565  -5.349815  14.305226   0.039511     0.3564
   N  19.388590   1.243440  13.139265  -0.015926     0.0273
   O  23.190718  14.524434  10.091137  -0.466590     0.3622
   O  21.641142  15.747087  18.846238  -0.432109     0.3268
   O  23.065996  18.978518  16.310225  -0.461067     0.1142
   O  23.770865  18.247195  11.916613  -0.361635     0.1417
   O  20.940054  10.359478  11.315680  -0.551626     0.2283
   H  21.626025  11.982753  10.684510   0.401790     0.0372
   C  10.316014  -1.249109  23.213394   0.595620     0.0000
   C  10.055232   1.800909  19.815667   0.597829     0.0648
   C  12.621480   2.426408  20.325892  -0.262429     0.0341
   C  14.295777   0.430858  21.467287   0.616055     0.0819
   C   9.562014   0.472432  25.592560  -0.278117     0.0853
   H  10.884822   0.105825  27.159141   0.076462     0.3138
   H   7.677957  -0.009449  26.303097   0.075403     0.3191
   H   9.454299   2.409401  25.352566   0.094441     0.2553
   C   9.616816  -3.998660  23.544096  -0.410907     0.1297
   H   7.623155  -4.032675  23.428824   0.123734     0.2713
   H  10.427509  -4.633608  25.475397   0.096543     0.2872
   H  10.510656  -5.068245  22.036095   0.142948     0.3085
   C  13.723190   4.746992  19.386698  -0.254594     0.0887
   H  15.620475   4.813132  20.027316   0.155331     0.1330
   C  12.768879   6.912618  17.948619   0.311365     0.0785
   C  14.617031   8.853366  17.479966  -0.307155     0.0819
   H  16.461404   8.813682  18.381365   0.147701     0.1383
   C  13.823346  11.073795  16.518096  -0.002368     0.0648
   H  11.780552  10.984978  16.508647   0.094585     0.0745
   C  15.354024  12.886042  15.442841  -0.003663     0.0717
   H  17.508313  12.783997  15.722520   0.123265     0.0106
   C  11.878818  15.643152  13.825235   0.075391     0.0444
   H  11.113479  13.885707  13.384930   0.050385     0.1915
   H  11.718191  16.833680  12.160387   0.058183     0.2979
   C  10.401053  16.824231  15.998420  -0.143201     0.1160
   H   8.375266  16.739194  15.646931   0.057240     0.3457
   H  10.879152  18.778208  16.206290   0.051963     0.2074
   H  10.975529  15.998420  17.871138   0.051456     0.2234
   C  16.637149  16.833680  13.700514   0.058374     0.0102
   H  16.463294  17.530989  11.814567   0.070958     0.2394
   H  18.749861  16.236525  14.125702   0.001487     0.0053
   C  16.472741  19.163712  15.603468  -0.051458     0.0546
   H  17.115248  18.850018  17.661379   0.059127     0.2340
   H  14.592464  20.123692  15.820785   0.012203     0.1755
   H  17.587680  20.628251  14.673722   0.010578     0.2287
   N  14.605693  15.076235  14.273101  -0.212424     0.0375
   O   8.352589   2.989547  18.712067  -0.494886     0.3346
   O  16.518096   0.260782  21.062886  -0.505591     0.3150
   O  12.955961  -1.264227  22.852457  -0.423745     0.1220
   O   9.182179  -0.508336  20.911707  -0.436524     0.1732
   O  10.276330   7.026001  17.230523  -0.530664     0.2756
   H   9.280444   5.378160  17.325009   0.415671     0.0691
-----------------------------------------------------------
Quality of fit (RRMS): 0.134


Running Mulliken population analysis...


Gradient units are Hartree/Bohr
---------------------------------------------------
        dE/dX            dE/dY            dE/dZ
   -0.0014734967    -0.0150350714    -0.0280051454
    0.0029889543     0.0270862439    -0.0037097591
   -0.0063180690     0.0147048588    -0.0202909316
   -0.0031594337    -0.0262062119     0.0285542057
    0.0223659689    -0.0301778567     0.0463120331
   -0.0008162562    -0.0080336434    -0.0175046818
   -0.0118750752    -0.0049721753     0.0084180192
    0.0015692889     0.0462424313    -0.0137194684
   -0.0072037218     0.0051067342     0.0087151051
    0.0100071590     0.0086288484     0.0017842842
   -0.0025765017    -0.0034604049     0.0003776605
   -0.0017168502    -0.0117111425     0.0065926250
    0.0005219271     0.0037569416     0.0072894333
   -0.0009220506    -0.0038691713     0.0225092038
   -0.0225654590    -0.0249964731     0.0034197545
    0.0028286322     0.0201814542    -0.0100359633
    0.0072483058    -0.0039747603     0.0225610909
   -0.0071673844    -0.0034475083    -0.0054202984
   -0.0005512823    -0.0025956731    -0.0152624026
    0.0219182139     0.0085358380     0.0157330790
   -0.0036228947    -0.0014358771     0.0032325406
    0.0028726721    -0.0211829716     0.0166113153
    0.0095492091    -0.0111239272    -0.0126290462
   -0.0110675393     0.0071227893    -0.0050380922
   -0.0317119155     0.0209633830    -0.0050937543
   -0.0111613812     0.0076340549    -0.0203114630
    0.0165881124    -0.0229423660     0.0157849685
    0.0248082970     0.0207618397     0.0022047035
   -0.0004548376     0.0218163488     0.0346169840
   -0.0011903539     0.0176287854    -0.0204881853
    0.0144239129     0.0006272382    -0.0042201273
    0.0070165320     0.0059056087    -0.0001969695
    0.0101920408    -0.0050766693     0.0151389774
   -0.0122948048    -0.0106385259    -0.0258745429
    0.0051190351    -0.0184345730     0.0012239055
   -0.0339909434    -0.0127354641    -0.0052967921
    0.0054264512    -0.0077306699    -0.0042857689
   -0.0005609810    -0.0119355676    -0.0174412184
    0.0042946534     0.0288418061    -0.0071208965
   -0.0178341891    -0.0069969622    -0.0218889486
    0.0095410679     0.0088828704    -0.0015898843
   -0.0038740315    -0.0013383296     0.0011778493
    0.0019117223    -0.0223565362    -0.0048674552
    0.0391254872     0.0142608807    -0.0229843694
   -0.0101570351    -0.0279497796     0.0235178645
    0.0560205325    -0.0295544228     0.0175462375
   -0.0021862503     0.0557816046    -0.0025561087
    0.0012174864     0.0017251589     0.0065804739
    0.0001458397     0.0078055460     0.0040531454
   -0.0067707925    -0.0437962756     0.0188083879
   -0.0343718358    -0.0035056522    -0.0379548691
    0.0250303776     0.0118960337    -0.0037201245
    0.0189691443    -0.0045902516     0.0311025565
    0.0018684188     0.0032515015     0.0011653977
    0.0298900600     0.0067364447     0.0046487068
   -0.0221414633    -0.0089603480     0.0027835032
   -0.0160185391     0.0500439357    -0.0319250853
    0.0160634242     0.0444237394    -0.0373471249
   -0.0027448308     0.0161130022     0.0064990504
    0.0232590763    -0.0266288018     0.0293906672
    0.0066247539    -0.0194877396     0.0153121118
   -0.0175472134    -0.0253831873    -0.0101915560
    0.0391893769     0.0033793838     0.0071035104
   -0.0269992303    -0.0191269752    -0.0069140205
    0.0185509147     0.0339768825     0.0110310563
   -0.0032963867    -0.0025137896     0.0053642618
   -0.0166689302     0.0065415675    -0.0228022403
    0.0022694966     0.0062121373    -0.0027268487
   -0.0020258504    -0.0171017982     0.0014649066
    0.0132645974     0.0006319023     0.0172646040
   -0.0180345877    -0.0364656129    -0.0584384451
    0.0001802247    -0.0047281740     0.0175853782
    0.0543530152     0.0076905200     0.0188231132
    0.0087826458    -0.0143358160    -0.0080653734
    0.0023132369     0.0036163525     0.0363018579
   -0.0089873047     0.0157481589     0.0078644285
   -0.0100720898    -0.0037880091    -0.0090188617
   -0.0178989647     0.0342102788    -0.0110460213
   -0.0161885248     0.0154650971     0.0033403705
   -0.0261255712     0.0081281205    -0.0083409154
   -0.0424990121     0.0151529797    -0.0136236241
    0.0011989685    -0.0261474018     0.0099086628
   -0.0244815129    -0.0230740105     0.0131621264
   -0.0201838544    -0.0076727197    -0.0149327212
---------------------------------------------------
Net gradient:  9.887789e-10  5.774231e-09  1.281865e-08
Net torque:   -1.130898e-03  1.380996e-03  1.723067e-03


Gradient units are Hartree/Bohr
---------------------------------------------------
        dE/dX            dE/dY            dE/dZ
   -0.0014734967    -0.0150350714    -0.0280051454
    0.0029889543     0.0270862439    -0.0037097591
   -0.0063180690     0.0147048588    -0.0202909316
   -0.0031594337    -0.0262062119     0.0285542057
    0.0223659689    -0.0301778567     0.0463120331
   -0.0008162562    -0.0080336434    -0.0175046818
   -0.0118750752    -0.0049721753     0.0084180192
    0.0015692889     0.0462424313    -0.0137194684
   -0.0072037218     0.0051067342     0.0087151051
    0.0100071590     0.0086288484     0.0017842842
   -0.0025765017    -0.0034604049     0.0003776605
   -0.0017168502    -0.0117111425     0.0065926250
    0.0005219271     0.0037569416     0.0072894333
   -0.0009220506    -0.0038691713     0.0225092038
   -0.0225654590    -0.0249964731     0.0034197545
    0.0028286322     0.0201814542    -0.0100359633
    0.0072483058    -0.0039747603     0.0225610909
   -0.0071673844    -0.0034475083    -0.0054202984
   -0.0005512823    -0.0025956731    -0.0152624026
    0.0219182139     0.0085358380     0.0157330790
   -0.0036228947    -0.0014358771     0.0032325406
    0.0028726721    -0.0211829716     0.0166113153
    0.0095492091    -0.0111239272    -0.0126290462
   -0.0110675393     0.0071227893    -0.0050380922
   -0.0317119155     0.0209633830    -0.0050937543
   -0.0111613812     0.0076340549    -0.0203114630
    0.0165881124    -0.0229423660     0.0157849685
    0.0248082970     0.0207618397     0.0022047035
   -0.0004548376     0.0218163488     0.0346169840
   -0.0011903539     0.0176287854    -0.0204881853
    0.0144239129     0.0006272382    -0.0042201273
    0.0070165320     0.0059056087    -0.0001969695
    0.0101920408    -0.0050766693     0.0151389774
   -0.0122948048    -0.0106385259    -0.0258745429
    0.0051190351    -0.0184345730     0.0012239055
   -0.0339909434    -0.0127354641    -0.0052967921
    0.0054264512    -0.0077306699    -0.0042857689
   -0.0005609810    -0.0119355676    -0.0174412184
    0.0042946534     0.0288418061    -0.0071208965
   -0.0178341891    -0.0069969622    -0.0218889486
    0.0095410679     0.0088828704    -0.0015898843
   -0.0038740315    -0.0013383296     0.0011778493
    0.0019117223    -0.0223565362    -0.0048674552
    0.0391254872     0.0142608807    -0.0229843694
   -0.0101570351    -0.0279497796     0.0235178645
    0.0560205325    -0.0295544228     0.0175462375
   -0.0021862503     0.0557816046    -0.0025561087
    0.0012174864     0.0017251589     0.0065804739
    0.0001458397     0.0078055460     0.0040531454
   -0.0067707925    -0.0437962756     0.0188083879
   -0.0343718358    -0.0035056522    -0.0379548691
    0.0250303776     0.0118960337    -0.0037201245
    0.0189691443    -0.0045902516     0.0311025565
    0.0018684188     0.0032515015     0.0011653977
    0.0298900600     0.0067364447     0.0046487068
   -0.0221414633    -0.0089603480     0.0027835032
   -0.0160185391     0.0500439357    -0.0319250853
    0.0160634242     0.0444237394    -0.0373471249
   -0.0027448308     0.0161130022     0.0064990504
    0.0232590763    -0.0266288018     0.0293906672
    0.0066247539    -0.0194877396     0.0153121118
   -0.0175472134    -0.0253831873    -0.0101915560
    0.0391893769     0.0033793838     0.0071035104
   -0.0269992303    -0.0191269752    -0.0069140205
    0.0185509147     0.0339768825     0.0110310563
   -0.0032963867    -0.0025137896     0.0053642618
   -0.0166689302     0.0065415675    -0.0228022403
    0.0022694966     0.0062121373    -0.0027268487
   -0.0020258504    -0.0171017982     0.0014649066
    0.0132645974     0.0006319023     0.0172646040
   -0.0180345877    -0.0364656129    -0.0584384451
    0.0001802247    -0.0047281740     0.0175853782
    0.0543530152     0.0076905200     0.0188231132
    0.0087826458    -0.0143358160    -0.0080653734
    0.0023132369     0.0036163525     0.0363018579
   -0.0089873047     0.0157481589     0.0078644285
   -0.0100720898    -0.0037880091    -0.0090188617
   -0.0178989647     0.0342102788    -0.0110460213
   -0.0161885248     0.0154650971     0.0033403705
   -0.0261255712     0.0081281205    -0.0083409154
   -0.0424990121     0.0151529797    -0.0136236241
    0.0011989685    -0.0261474018     0.0099086628
   -0.0244815129    -0.0230740105     0.0131621264
   -0.0201838544    -0.0076727197    -0.0149327212
---------------------------------------------------
Net gradient:  9.887789e-10  5.774231e-09  1.281865e-08
Net torque:   -1.130898e-03  1.380996e-03  1.723067e-03

