Note: Failed to import the optional openff.evaluator package. 
Note: Failed to import the optional openff-toolkit package. 
Note: Failed to import the optional openff.recharge package.
#======================================================================#
#| [1m            Welcome to ForceBalance version 1.8.1! =D             [0m |#
#| [1m                 Force Field Optimization System                  [0m |#
#| [1m                                                                  [0m |#
#| [1m                             Authors:                             [0m |#
#| [1m                          Lee-Ping Wang                           [0m |#
#| [1m                  Yudong Qiu, Keri A. McKiernan                   [0m |#
#| [1m          Jeffrey R. Wagner, Hyesu Jang, Simon Boothroyd          [0m |#
#| [1m          Arthur Vigil, Erik G. Brandt, John Stoppelman           [0m |#
#| [1m                  Johnny Israeli, Matt Thompson                   [0m |#
#======================================================================#

                          [44m     [0m                                        
                       [44m        [0m      [43m     [0m                              
                    [44m        [0m   [44m  [0m    [43m         [0m                          
                 [44m       [0m    [44m      [0m      [43m         [0m                       
             [44m        [0m    [44m        [0m          [43m         [0m                    
          [44m        [0m    [44m        [0m                 [43m        [0m                 
       [44m        [0m    [44m       [0m                        [43m        [0m              
    [44m        [0m   [44m        [0m                              [43m         [0m          
   [44m      [0m   [44m        [0m               `.:+@@###@'          [43m         [0m       
    [44m [0m    [44m        [0m          ,;'+###############.             [43m     [0m       
      [44m        [0m         +################':`                    [43m [0m        
      [44m     [0m              `.,,...####+.                                  
                                ,#####      +##.               [44m   [0m   [44m   [0m
 [43m    [0m                            #####      ######             [44m   [0m   [44m   [0m
 [43m    [0m                ###'        ####'     :#####'             [44m   [0m   [44m   [0m
 [43m    [0m                :####@      ####.    ,####'               [44m   [0m   [44m   [0m
 [43m    [0m                 ######     ####    +###+                 [44m   [0m   [44m   [0m
 [43m    [0m                  #####     ####   ###;                   [44m   [0m   [44m   [0m
 [43m    [0m                   :##      ####  ++`                     [44m   [0m   [44m   [0m
 [43m    [0m                            ####``..:;+##############+`   [44m   [0m   [44m   [0m
 [43m    [0m             .,:;;'++##################################`  [44m   [0m   [44m   [0m
 [43m    [0m    `############################++++''';;;;;;;;;;;'';    [44m   [0m   [44m   [0m
 [43m    [0m      ,########':,.``       ####                          [44m   [0m   [44m   [0m
 [43m    [0m                            ####                          [44m   [0m   [44m   [0m
 [43m    [0m                            ####                          [44m   [0m   [44m   [0m
 [43m    [0m                            ####                          [44m   [0m   [44m   [0m
 [43m    [0m                            ####                          [44m   [0m   [44m   [0m
 [43m    [0m                            ####                          [44m   [0m   [44m   [0m
 [43m    [0m                            ####                          [44m   [0m   [44m   [0m
 [43m    [0m                            ####                          [44m   [0m   [44m   [0m
      [44m    [0m                       ####                                   
     [44m        [0m                    ####                                   
    [44m [0m    [44m       [0m                 ####                       [43m     [0m       
   [44m     [0m    [44m        [0m             ####                    [43m        [0m       
   [44m        [0m    [44m        [0m          ###                  [43m         [0m         
      [44m        [0m    [44m        [0m        +`               [43m        [0m             
          [44m        [0m   [44m        [0m                   [43m        [0m                
             [44m        [0m   [44m         [0m           [43m         [0m                   
                [44m        [0m    [44m       [0m      [43m         [0m                      
                   [44m        [0m    [44m   [0m    [43m        [0m                          
                      [44m        [0m       [43m      [0m                             
                          [44m      [0m      [43m  [0m                                
                             [44m  [0m                                         

Reading options from file: valid_1.in
#========================================================#
#| [95m  Options at their default values are not printed   [0m |#
#| [95m        Use 'verbose_options True' to Enable        [0m |#
#========================================================#
Reading force field from file: sol.frcmod
Reading force field from file: sol.mol2
#=========================================================#
#| [92m Starting parameter indices, physical values and IDs [0m |#
#=========================================================#
   0 [  1.0000e+02 ] : ANGLESK/HW-OW-HW
   1 [  1.0452e+02 ] : ANGLESB/HW-OW-HW
   2 [  1.7564e+00 ] : VDWS/OW
   3 [  2.9777e-01 ] : VDWT/OW
   4 [ -6.5120e-01 ] : COUL:SOL-1
   5 [  3.2560e-01 ] : COUL:SOL-2
-----------------------------------------------------------
#=========================================================#
#| [91m Rescaling Factors by Type (Lower Takes Precedence): [0m |#
#=========================================================#
   ANGLESK                              : 6.05928e+02
   ANGLESB                              : 5.72958e+01
   VDWS                                 : 5.29177e-02
   VDWT                                 : 2.47896e+00
   COUL                                 : 1.00000e+00
-----------------------------------------------------------
#========================================================#
#| [91m   Rescaling Types / Factors by Parameter Number:   [0m |#
#========================================================#
   0 [    ANGLESK                       : 6.05928e+02 ] : ANGLESK/HW-OW-HW
   1 [    ANGLESB                       : 5.72958e+01 ] : ANGLESB/HW-OW-HW
   2 [    VDWS                          : 5.29177e-02 ] : VDWS/OW
   3 [    VDWT                          : 2.47896e+00 ] : VDWT/OW
   4 [    COUL                          : 1.00000e+00 ] : COUL:SOL-1
   5 [    COUL                          : 1.00000e+00 ] : COUL:SOL-2
----------------------------------------------------------
Building charge constraints...
Parameter 4 occurs 1 times in molecule SOL in locations [0] (COUL:SOL-1)
Parameter 5 occurs 2 times in molecule SOL in locations [1, 2] (COUL:SOL-2 COUL:SOL-3)
#========================================================#
#| [92m               Setup for force field                [0m |#
#========================================================#
fnms                      ['sol.frcmod', 'sol.mol2'] 
----------------------------------------------------------
Relative energy fitting: Subtracting (MM - QM) energy gap from all relative energy calculations - this is the default.
The 'amberhome' option was not specified; using default.
Received an error message:

[====] [91mError Message[0m [====]
STOP PMEMD Terminated Abnormally!
[====] [91mEnd o'Message[0m [====]
/global/software/Amber/20-GCC-4.8.1/build2/bin/pmemd.cuda -h gave a return code of 1 (it may have crashed) -- carrying on
pmemd.cuda gave a nonzero returncode; CUDA environment variables likely missing
[1;91mPress Enter or wait 10 seconds (I assume no responsibility for what happens after this!)[0m
Cannot find a unique file with extension .mdin in /home/curtie/7_FF_fitting/0_ff-optimizer/1_active_learning/ff-optimizer/tests/full/model_2/1_opt/targets/valid_1 (0 found; )
[91mWriting amber-all.crd file with no periodic box information[0m
Fitting the forces on all atoms
#========================================================#
#| [92m             Setup for target valid_1 :             [0m |#
#========================================================#
leapcmd                   setup.leap 
name                      valid_1 
type                      ABINITIO_AMBER 
backup                    False 
tgtdir                    targets/valid_1 
shots                     10 
----------------------------------------------------------
Using parabolic regularization (Gaussian prior) with strength 0.0e+00 (+), 0.0e+00 (x)
#========================================================#
#| [92m           Setup for objective function :           [0m |#
#========================================================#

----------------------------------------------------------
#========================================================#
#| [92m                Setup for optimizer                 [0m |#
#========================================================#
jobtype                   SINGLE 
backup                    False 
input_file                valid_1.in 
----------------------------------------------------------
Calculation started at 2022-07-20 10:25 PM

#================================================================================================#
#|                Target: valid_1  Type: AbInitio_AMBER  Objective = 2.00235e+00                |#
#|                        Difference   Denominator     Percent                                  |#
#|  Observable            (Calc-Ref)     RMS (Ref)   Difference       Term   x Wt =   Contrib.  |#
#================================================================================================#
    Energy (kJ/mol)        1623.0797     1621.9465    100.0699%     1.0014    1.000     1.0014 
    Gradient (kJ/mol/A)   10661.1465    10656.0961    100.0474%     1.0009    1.000     1.0009 
--------------------------------------------------------------------------------------------------
Maximum force difference on atom 1 (H), frame 9, 10782.5629 kJ/mol/A
#====================================================================#
#| [94m                  Objective Function Breakdown                  [0m |#
#| [94m  Target Name              Residual  x  Weight  =  Contribution [0m |#
#====================================================================#
valid_1                        2.00235      1.000 [94m     2.00235e+00[0m 
Regularization                 0.00000      1.000 [94m     0.00000e+00[0m 
Total                                             [94m     2.00235e+00[0m 
----------------------------------------------------------------------
#========================================================#
#| [92m    Objective Function Single Point: 2.00234590     [0m |#
#========================================================#
Parameter file same as original; will not be printed to results folder.
Wall time since calculation start: 0.1 seconds
#========================================================#
#| [1;44;93m               Calculation Finished.                [0m |#
#| [1;44;93m     ---==(  May the Force be with you!  )==---     [0m |#
#========================================================#
