Note: Failed to import the optional openff.evaluator package. 
Note: Failed to import the optional openff-toolkit package. 
Note: Failed to import the optional openff.recharge package.
#======================================================================#
#| [1m            Welcome to ForceBalance version 1.8.1! =D             [0m |#
#| [1m                 Force Field Optimization System                  [0m |#
#| [1m                                                                  [0m |#
#| [1m                             Authors:                             [0m |#
#| [1m                          Lee-Ping Wang                           [0m |#
#| [1m                  Yudong Qiu, Keri A. McKiernan                   [0m |#
#| [1m          Jeffrey R. Wagner, Hyesu Jang, Simon Boothroyd          [0m |#
#| [1m          Arthur Vigil, Erik G. Brandt, John Stoppelman           [0m |#
#| [1m                  Johnny Israeli, Matt Thompson                   [0m |#
#======================================================================#

                          [44m     [0m                                        
                       [44m        [0m      [43m     [0m                              
                    [44m        [0m   [44m  [0m    [43m         [0m                          
                 [44m       [0m    [44m      [0m      [43m         [0m                       
             [44m        [0m    [44m        [0m          [43m         [0m                    
          [44m        [0m    [44m        [0m                 [43m        [0m                 
       [44m        [0m    [44m       [0m                        [43m        [0m              
    [44m        [0m   [44m        [0m                              [43m         [0m          
   [44m      [0m   [44m        [0m               `.:+@@###@'          [43m         [0m       
    [44m [0m    [44m        [0m          ,;'+###############.             [43m     [0m       
      [44m        [0m         +################':`                    [43m [0m        
      [44m     [0m              `.,,...####+.                                  
                                ,#####      +##.               [44m   [0m   [44m   [0m
 [43m    [0m                            #####      ######             [44m   [0m   [44m   [0m
 [43m    [0m                ###'        ####'     :#####'             [44m   [0m   [44m   [0m
 [43m    [0m                :####@      ####.    ,####'               [44m   [0m   [44m   [0m
 [43m    [0m                 ######     ####    +###+                 [44m   [0m   [44m   [0m
 [43m    [0m                  #####     ####   ###;                   [44m   [0m   [44m   [0m
 [43m    [0m                   :##      ####  ++`                     [44m   [0m   [44m   [0m
 [43m    [0m                            ####``..:;+##############+`   [44m   [0m   [44m   [0m
 [43m    [0m             .,:;;'++##################################`  [44m   [0m   [44m   [0m
 [43m    [0m    `############################++++''';;;;;;;;;;;'';    [44m   [0m   [44m   [0m
 [43m    [0m      ,########':,.``       ####                          [44m   [0m   [44m   [0m
 [43m    [0m                            ####                          [44m   [0m   [44m   [0m
 [43m    [0m                            ####                          [44m   [0m   [44m   [0m
 [43m    [0m                            ####                          [44m   [0m   [44m   [0m
 [43m    [0m                            ####                          [44m   [0m   [44m   [0m
 [43m    [0m                            ####                          [44m   [0m   [44m   [0m
 [43m    [0m                            ####                          [44m   [0m   [44m   [0m
 [43m    [0m                            ####                          [44m   [0m   [44m   [0m
      [44m    [0m                       ####                                   
     [44m        [0m                    ####                                   
    [44m [0m    [44m       [0m                 ####                       [43m     [0m       
   [44m     [0m    [44m        [0m             ####                    [43m        [0m       
   [44m        [0m    [44m        [0m          ###                  [43m         [0m         
      [44m        [0m    [44m        [0m        +`               [43m        [0m             
          [44m        [0m   [44m        [0m                   [43m        [0m                
             [44m        [0m   [44m         [0m           [43m         [0m                   
                [44m        [0m    [44m       [0m      [43m         [0m                      
                   [44m        [0m    [44m   [0m    [43m        [0m                          
                      [44m        [0m       [43m      [0m                             
                          [44m      [0m      [43m  [0m                                
                             [44m  [0m                                         

Reading options from file: valid_2.in
#========================================================#
#| [95m  Options at their default values are not printed   [0m |#
#| [95m        Use 'verbose_options True' to Enable        [0m |#
#========================================================#
Reading force field from file: pep.frcmod
Reading force field from file: pep.mol2
#=========================================================#
#| [92m Starting parameter indices, physical values and IDs [0m |#
#=========================================================#
   0 [  8.2516e+02 ] : BONDSK/CA-OA
   1 [  1.2265e+00 ] : BONDSB/CA-OA
   2 [  4.5432e+02 ] : BONDSK/CA-NA
   3 [  1.3620e+00 ] : BONDSB/CA-NA
   4 [  3.1700e+02 ] : BONDSK/CU-CA
   5 [  1.5220e+00 ] : BONDSB/CU-CA
   6 [  2.5431e+02 ] : BONDSK/CY-CU
   7 [  1.5196e+00 ] : BONDSB/CY-CU
   8 [  1.9330e+02 ] : BONDSK/CY-CA
   9 [  1.5158e+00 ] : BONDSB/CY-CA
  10 [  2.6728e+02 ] : BONDSK/NA-CY
  11 [  1.4471e+00 ] : BONDSB/NA-CY
  12 [  3.3700e+02 ] : BONDSK/NA-CU
  13 [  1.4490e+00 ] : BONDSB/NA-CU
  14 [  3.6608e+02 ] : BONDSK/CU-HD
  15 [  1.0966e+00 ] : BONDSB/CU-HD
  16 [  3.7919e+02 ] : BONDSK/CY-H2
  17 [  1.0947e+00 ] : BONDSB/CY-H2
  18 [  4.7995e+02 ] : BONDSK/NA-HA
  19 [  1.0151e+00 ] : BONDSB/NA-HA
  20 [  3.4000e+02 ] : BONDSK/CU-H2
  21 [  1.0900e+00 ] : BONDSB/CU-H2
  22 [  6.9778e+01 ] : ANGLESK/OA-CA-NA
  23 [  1.3267e+02 ] : ANGLESB/OA-CA-NA
  24 [  4.8605e+01 ] : ANGLESK/CA-NA-CY
  25 [  1.1975e+02 ] : ANGLESB/CA-NA-CY
  26 [  8.0000e+01 ] : ANGLESK/CU-CA-OA
  27 [  1.2040e+02 ] : ANGLESB/CU-CA-OA
  28 [  7.0000e+01 ] : ANGLESK/CU-CA-NA
  29 [  1.1660e+02 ] : ANGLESB/CU-CA-NA
  30 [  7.1373e+01 ] : ANGLESK/CU-CY-CA
  31 [  9.9790e+01 ] : ANGLESB/CU-CY-CA
  32 [  8.5540e+01 ] : ANGLESK/CY-CA-OA
  33 [  1.2638e+02 ] : ANGLESB/CY-CA-OA
  34 [  3.3928e+01 ] : ANGLESK/CY-CA-NA
  35 [  1.2677e+02 ] : ANGLESB/CY-CA-NA
  36 [  8.4476e+01 ] : ANGLESK/NA-CY-CU
  37 [  1.0428e+02 ] : ANGLESB/NA-CY-CU
  38 [  4.7023e+01 ] : ANGLESK/NA-CY-CA
  39 [  9.3680e+01 ] : ANGLESB/NA-CY-CA
  40 [  5.0000e+01 ] : ANGLESK/CA-NA-CU
  41 [  1.2190e+02 ] : ANGLESB/CA-NA-CU
  42 [  5.2920e+01 ] : ANGLESK/CA-NA-HA
  43 [  1.1786e+02 ] : ANGLESB/CA-NA-HA
  44 [  5.0000e+01 ] : ANGLESK/HD-CU-CA
  45 [  1.0950e+02 ] : ANGLESB/HD-CU-CA
  46 [  4.2620e+01 ] : ANGLESK/HD-CU-HD
  47 [  1.0238e+02 ] : ANGLESB/HD-CU-HD
  48 [  7.6678e+01 ] : ANGLESK/H2-CY-CU
  49 [  1.0390e+02 ] : ANGLESB/H2-CY-CU
  50 [  4.6124e+01 ] : ANGLESK/H2-CY-CA
  51 [  9.7567e+01 ] : ANGLESB/H2-CY-CA
  52 [  4.3555e+01 ] : ANGLESK/CY-CU-HD
  53 [  1.0248e+02 ] : ANGLESB/CY-CU-HD
  54 [  2.6752e+01 ] : ANGLESK/HA-NA-CY
  55 [  1.2064e+02 ] : ANGLESB/HA-NA-CY
  56 [  5.0287e+01 ] : ANGLESK/NA-CY-H2
  57 [  9.7960e+01 ] : ANGLESB/NA-CY-H2
  58 [  3.5000e+01 ] : ANGLESK/H2-CU-H2
  59 [  1.0950e+02 ] : ANGLESB/H2-CU-H2
  60 [  5.0000e+01 ] : ANGLESK/HA-NA-CU
  61 [  1.1804e+02 ] : ANGLESB/HA-NA-CU
  62 [  5.0000e+01 ] : ANGLESK/NA-CU-H2
  63 [  1.0950e+02 ] : ANGLESB/NA-CU-H2
  64 [ -4.6223e-01 ] : PDIHS2K/OA-CA-NA-CY
  65 [ -6.5671e-01 ] : PDIHS1K/CA-NA-CY-CU
  66 [  2.3635e+00 ] : PDIHS2K/CA-NA-CY-CU
  67 [  6.1596e-01 ] : PDIHS3K/CA-NA-CY-CU
  68 [  3.7610e-01 ] : PDIHS4K/CA-NA-CY-CU
  69 [ -5.1423e-01 ] : PDIHS1K/CA-NA-CY-CA
  70 [  1.5613e+00 ] : PDIHS2K/CA-NA-CY-CA
  71 [ -1.4404e-01 ] : PDIHS3K/CA-NA-CY-CA
  72 [ -1.3541e-01 ] : PDIHS4K/CA-NA-CY-CA
  73 [  2.5000e+00 ] : PDIHS2K/CU-CA-NA-CY
  74 [ -6.3212e-01 ] : PDIHS2K/CU-CY-CA-OA
  75 [ -1.8048e+00 ] : PDIHS1K/CU-CY-CA-NA
  76 [ -6.2710e-01 ] : PDIHS2K/CU-CY-CA-NA
  77 [  3.7571e-01 ] : PDIHS3K/CU-CY-CA-NA
  78 [  1.5821e-01 ] : PDIHS4K/CU-CY-CA-NA
  79 [  8.0448e+00 ] : PDIHS2K/CY-CA-NA-CY
  80 [ -5.6654e-01 ] : PDIHS2K/NA-CY-CA-OA
  81 [  1.5774e+00 ] : PDIHS1K/NA-CY-CA-NA
  82 [  1.4375e+00 ] : PDIHS2K/NA-CY-CA-NA
  83 [  1.2671e+00 ] : PDIHS3K/NA-CY-CA-NA
  84 [  1.1499e+00 ] : PDIHS4K/NA-CY-CA-NA
  85 [  2.5000e+00 ] : PDIHS2K/OA-CA-NA-CU
  86 [  2.5000e+00 ] : PDIHS2K/CY-CA-NA-CU
  87 [  6.2323e+01 ] : PDIHS1K/OA-CA-NA-HA
  88 [ -1.1382e+01 ] : PDIHS2K/OA-CA-NA-HA
  89 [  2.2022e+00 ] : PDIHS2K/CA-NA-CY-H2
  90 [  8.0000e-01 ] : PDIHS1K/HD-CU-CA-OA
  91 [ -1.3795e-18 ] : PDIHS2K/HD-CU-CA-OA
  92 [  8.0000e-02 ] : PDIHS3K/HD-CU-CA-OA
  93 [  1.9706e-17 ] : PDIHS2K/HD-CU-CA-NA
  94 [  2.5000e+00 ] : PDIHS2K/CU-CA-NA-HA
  95 [  3.1173e-02 ] : PDIHS3K/HD-CU-CY-CA
  96 [ -7.3946e-02 ] : PDIHS3K/H2-CY-CU-HD
  97 [  2.5275e+00 ] : PDIHS1K/H2-CY-CA-OA
  98 [  4.4441e-01 ] : PDIHS2K/H2-CY-CA-OA
  99 [  3.5959e-01 ] : PDIHS3K/H2-CY-CA-OA
 100 [ -2.1620e-01 ] : PDIHS2K/H2-CY-CA-NA
 101 [ -1.4839e+00 ] : PDIHS2K/CY-CA-NA-HA
 102 [ -7.6678e-01 ] : PDIHS2K/HA-NA-CY-H2
 103 [  4.4072e-01 ] : PDIHS2K/HA-NA-CY-CU
 104 [  1.0097e+00 ] : PDIHS2K/HA-NA-CY-CA
 105 [  4.2331e-01 ] : PDIHS3K/NA-CY-CU-HD
 106 [  0.0000e+00 ] : PDIHS2K/CA-NA-CU-H2
 107 [  0.0000e+00 ] : PDIHS2K/HA-NA-CU-H2
-----------------------------------------------------------
#=========================================================#
#| [91m Rescaling Factors by Type (Lower Takes Precedence): [0m |#
#=========================================================#
   BONDSK                               : 9.37583e+05
   BONDSB                               : 5.29177e-02
   ANGLESK                              : 6.05928e+02
   ANGLESB                              : 5.72958e+01
   PDIHS1K                              : 9.64853e+01
   PDIHS2K                              : 9.64853e+01
   PDIHS3K                              : 9.64853e+01
   PDIHS4K                              : 9.64853e+01
-----------------------------------------------------------
#========================================================#
#| [91m   Rescaling Types / Factors by Parameter Number:   [0m |#
#========================================================#
   0 [    BONDSK                        : 9.37583e+05 ] : BONDSK/CA-OA
   1 [    BONDSB                        : 5.29177e-02 ] : BONDSB/CA-OA
   2 [    BONDSK                        : 9.37583e+05 ] : BONDSK/CA-NA
   3 [    BONDSB                        : 5.29177e-02 ] : BONDSB/CA-NA
   4 [    BONDSK                        : 9.37583e+05 ] : BONDSK/CU-CA
   5 [    BONDSB                        : 5.29177e-02 ] : BONDSB/CU-CA
   6 [    BONDSK                        : 9.37583e+05 ] : BONDSK/CY-CU
   7 [    BONDSB                        : 5.29177e-02 ] : BONDSB/CY-CU
   8 [    BONDSK                        : 9.37583e+05 ] : BONDSK/CY-CA
   9 [    BONDSB                        : 5.29177e-02 ] : BONDSB/CY-CA
  10 [    BONDSK                        : 9.37583e+05 ] : BONDSK/NA-CY
  11 [    BONDSB                        : 5.29177e-02 ] : BONDSB/NA-CY
  12 [    BONDSK                        : 9.37583e+05 ] : BONDSK/NA-CU
  13 [    BONDSB                        : 5.29177e-02 ] : BONDSB/NA-CU
  14 [    BONDSK                        : 9.37583e+05 ] : BONDSK/CU-HD
  15 [    BONDSB                        : 5.29177e-02 ] : BONDSB/CU-HD
  16 [    BONDSK                        : 9.37583e+05 ] : BONDSK/CY-H2
  17 [    BONDSB                        : 5.29177e-02 ] : BONDSB/CY-H2
  18 [    BONDSK                        : 9.37583e+05 ] : BONDSK/NA-HA
  19 [    BONDSB                        : 5.29177e-02 ] : BONDSB/NA-HA
  20 [    BONDSK                        : 9.37583e+05 ] : BONDSK/CU-H2
  21 [    BONDSB                        : 5.29177e-02 ] : BONDSB/CU-H2
  22 [    ANGLESK                       : 6.05928e+02 ] : ANGLESK/OA-CA-NA
  23 [    ANGLESB                       : 5.72958e+01 ] : ANGLESB/OA-CA-NA
  24 [    ANGLESK                       : 6.05928e+02 ] : ANGLESK/CA-NA-CY
  25 [    ANGLESB                       : 5.72958e+01 ] : ANGLESB/CA-NA-CY
  26 [    ANGLESK                       : 6.05928e+02 ] : ANGLESK/CU-CA-OA
  27 [    ANGLESB                       : 5.72958e+01 ] : ANGLESB/CU-CA-OA
  28 [    ANGLESK                       : 6.05928e+02 ] : ANGLESK/CU-CA-NA
  29 [    ANGLESB                       : 5.72958e+01 ] : ANGLESB/CU-CA-NA
  30 [    ANGLESK                       : 6.05928e+02 ] : ANGLESK/CU-CY-CA
  31 [    ANGLESB                       : 5.72958e+01 ] : ANGLESB/CU-CY-CA
  32 [    ANGLESK                       : 6.05928e+02 ] : ANGLESK/CY-CA-OA
  33 [    ANGLESB                       : 5.72958e+01 ] : ANGLESB/CY-CA-OA
  34 [    ANGLESK                       : 6.05928e+02 ] : ANGLESK/CY-CA-NA
  35 [    ANGLESB                       : 5.72958e+01 ] : ANGLESB/CY-CA-NA
  36 [    ANGLESK                       : 6.05928e+02 ] : ANGLESK/NA-CY-CU
  37 [    ANGLESB                       : 5.72958e+01 ] : ANGLESB/NA-CY-CU
  38 [    ANGLESK                       : 6.05928e+02 ] : ANGLESK/NA-CY-CA
  39 [    ANGLESB                       : 5.72958e+01 ] : ANGLESB/NA-CY-CA
  40 [    ANGLESK                       : 6.05928e+02 ] : ANGLESK/CA-NA-CU
  41 [    ANGLESB                       : 5.72958e+01 ] : ANGLESB/CA-NA-CU
  42 [    ANGLESK                       : 6.05928e+02 ] : ANGLESK/CA-NA-HA
  43 [    ANGLESB                       : 5.72958e+01 ] : ANGLESB/CA-NA-HA
  44 [    ANGLESK                       : 6.05928e+02 ] : ANGLESK/HD-CU-CA
  45 [    ANGLESB                       : 5.72958e+01 ] : ANGLESB/HD-CU-CA
  46 [    ANGLESK                       : 6.05928e+02 ] : ANGLESK/HD-CU-HD
  47 [    ANGLESB                       : 5.72958e+01 ] : ANGLESB/HD-CU-HD
  48 [    ANGLESK                       : 6.05928e+02 ] : ANGLESK/H2-CY-CU
  49 [    ANGLESB                       : 5.72958e+01 ] : ANGLESB/H2-CY-CU
  50 [    ANGLESK                       : 6.05928e+02 ] : ANGLESK/H2-CY-CA
  51 [    ANGLESB                       : 5.72958e+01 ] : ANGLESB/H2-CY-CA
  52 [    ANGLESK                       : 6.05928e+02 ] : ANGLESK/CY-CU-HD
  53 [    ANGLESB                       : 5.72958e+01 ] : ANGLESB/CY-CU-HD
  54 [    ANGLESK                       : 6.05928e+02 ] : ANGLESK/HA-NA-CY
  55 [    ANGLESB                       : 5.72958e+01 ] : ANGLESB/HA-NA-CY
  56 [    ANGLESK                       : 6.05928e+02 ] : ANGLESK/NA-CY-H2
  57 [    ANGLESB                       : 5.72958e+01 ] : ANGLESB/NA-CY-H2
  58 [    ANGLESK                       : 6.05928e+02 ] : ANGLESK/H2-CU-H2
  59 [    ANGLESB                       : 5.72958e+01 ] : ANGLESB/H2-CU-H2
  60 [    ANGLESK                       : 6.05928e+02 ] : ANGLESK/HA-NA-CU
  61 [    ANGLESB                       : 5.72958e+01 ] : ANGLESB/HA-NA-CU
  62 [    ANGLESK                       : 6.05928e+02 ] : ANGLESK/NA-CU-H2
  63 [    ANGLESB                       : 5.72958e+01 ] : ANGLESB/NA-CU-H2
  64 [    PDIHS2K                       : 9.64853e+01 ] : PDIHS2K/OA-CA-NA-CY
  65 [    PDIHS1K                       : 9.64853e+01 ] : PDIHS1K/CA-NA-CY-CU
  66 [    PDIHS2K                       : 9.64853e+01 ] : PDIHS2K/CA-NA-CY-CU
  67 [    PDIHS3K                       : 9.64853e+01 ] : PDIHS3K/CA-NA-CY-CU
  68 [    PDIHS4K                       : 9.64853e+01 ] : PDIHS4K/CA-NA-CY-CU
  69 [    PDIHS1K                       : 9.64853e+01 ] : PDIHS1K/CA-NA-CY-CA
  70 [    PDIHS2K                       : 9.64853e+01 ] : PDIHS2K/CA-NA-CY-CA
  71 [    PDIHS3K                       : 9.64853e+01 ] : PDIHS3K/CA-NA-CY-CA
  72 [    PDIHS4K                       : 9.64853e+01 ] : PDIHS4K/CA-NA-CY-CA
  73 [    PDIHS2K                       : 9.64853e+01 ] : PDIHS2K/CU-CA-NA-CY
  74 [    PDIHS2K                       : 9.64853e+01 ] : PDIHS2K/CU-CY-CA-OA
  75 [    PDIHS1K                       : 9.64853e+01 ] : PDIHS1K/CU-CY-CA-NA
  76 [    PDIHS2K                       : 9.64853e+01 ] : PDIHS2K/CU-CY-CA-NA
  77 [    PDIHS3K                       : 9.64853e+01 ] : PDIHS3K/CU-CY-CA-NA
  78 [    PDIHS4K                       : 9.64853e+01 ] : PDIHS4K/CU-CY-CA-NA
  79 [    PDIHS2K                       : 9.64853e+01 ] : PDIHS2K/CY-CA-NA-CY
  80 [    PDIHS2K                       : 9.64853e+01 ] : PDIHS2K/NA-CY-CA-OA
  81 [    PDIHS1K                       : 9.64853e+01 ] : PDIHS1K/NA-CY-CA-NA
  82 [    PDIHS2K                       : 9.64853e+01 ] : PDIHS2K/NA-CY-CA-NA
  83 [    PDIHS3K                       : 9.64853e+01 ] : PDIHS3K/NA-CY-CA-NA
  84 [    PDIHS4K                       : 9.64853e+01 ] : PDIHS4K/NA-CY-CA-NA
  85 [    PDIHS2K                       : 9.64853e+01 ] : PDIHS2K/OA-CA-NA-CU
  86 [    PDIHS2K                       : 9.64853e+01 ] : PDIHS2K/CY-CA-NA-CU
  87 [    PDIHS1K                       : 9.64853e+01 ] : PDIHS1K/OA-CA-NA-HA
  88 [    PDIHS2K                       : 9.64853e+01 ] : PDIHS2K/OA-CA-NA-HA
  89 [    PDIHS2K                       : 9.64853e+01 ] : PDIHS2K/CA-NA-CY-H2
  90 [    PDIHS1K                       : 9.64853e+01 ] : PDIHS1K/HD-CU-CA-OA
  91 [    PDIHS2K                       : 9.64853e+01 ] : PDIHS2K/HD-CU-CA-OA
  92 [    PDIHS3K                       : 9.64853e+01 ] : PDIHS3K/HD-CU-CA-OA
  93 [    PDIHS2K                       : 9.64853e+01 ] : PDIHS2K/HD-CU-CA-NA
  94 [    PDIHS2K                       : 9.64853e+01 ] : PDIHS2K/CU-CA-NA-HA
  95 [    PDIHS3K                       : 9.64853e+01 ] : PDIHS3K/HD-CU-CY-CA
  96 [    PDIHS3K                       : 9.64853e+01 ] : PDIHS3K/H2-CY-CU-HD
  97 [    PDIHS1K                       : 9.64853e+01 ] : PDIHS1K/H2-CY-CA-OA
  98 [    PDIHS2K                       : 9.64853e+01 ] : PDIHS2K/H2-CY-CA-OA
  99 [    PDIHS3K                       : 9.64853e+01 ] : PDIHS3K/H2-CY-CA-OA
 100 [    PDIHS2K                       : 9.64853e+01 ] : PDIHS2K/H2-CY-CA-NA
 101 [    PDIHS2K                       : 9.64853e+01 ] : PDIHS2K/CY-CA-NA-HA
 102 [    PDIHS2K                       : 9.64853e+01 ] : PDIHS2K/HA-NA-CY-H2
 103 [    PDIHS2K                       : 9.64853e+01 ] : PDIHS2K/HA-NA-CY-CU
 104 [    PDIHS2K                       : 9.64853e+01 ] : PDIHS2K/HA-NA-CY-CA
 105 [    PDIHS3K                       : 9.64853e+01 ] : PDIHS3K/NA-CY-CU-HD
 106 [    PDIHS2K                       : 9.64853e+01 ] : PDIHS2K/CA-NA-CU-H2
 107 [    PDIHS2K                       : 9.64853e+01 ] : PDIHS2K/HA-NA-CU-H2
----------------------------------------------------------
Building charge constraints...
#========================================================#
#| [92m               Setup for force field                [0m |#
#========================================================#
fnms                      ['pep.frcmod', 'pep.mol2'] 
----------------------------------------------------------
Relative energy fitting: Subtracting (MM - QM) energy gap from all relative energy calculations - this is the default.
The 'amberhome' option was not specified; using default.
Received an error message:

[====] [91mError Message[0m [====]
STOP PMEMD Terminated Abnormally!
[====] [91mEnd o'Message[0m [====]
/global/software/Amber/20-GCC-4.8.1/build2/bin/pmemd.cuda -h gave a return code of 1 (it may have crashed) -- carrying on
pmemd.cuda gave a nonzero returncode; CUDA environment variables likely missing
[1;91mPress Enter or wait 10 seconds (I assume no responsibility for what happens after this!)[0m
Cannot find a unique file with extension .mdin in /home/curtie/7_FF_fitting/0_ff-optimizer/4_alanine_tetrapeptide/10_active_learning_10_conf/model_1/1_opt/targets/valid_1 (0 found; )
Fitting the forces on all atoms
#========================================================#
#| [92m             Setup for target valid_1 :             [0m |#
#========================================================#
leapcmd                   setup.leap 
name                      valid_1 
type                      ABINITIO_AMBER 
backup                    False 
tgtdir                    targets/valid_1 
shots                     400 
----------------------------------------------------------
Relative energy fitting: Subtracting (MM - QM) energy gap from all relative energy calculations - this is the default.
Received an error message:

[====] [91mError Message[0m [====]
STOP PMEMD Terminated Abnormally!
[====] [91mEnd o'Message[0m [====]
/global/software/Amber/20-GCC-4.8.1/build2/bin/pmemd.cuda -h gave a return code of 1 (it may have crashed) -- carrying on
pmemd.cuda gave a nonzero returncode; CUDA environment variables likely missing
[1;91mPress Enter or wait 10 seconds (I assume no responsibility for what happens after this!)[0m
Fitting the forces on all atoms
#========================================================#
#| [92m             Setup for target valid_2 :             [0m |#
#========================================================#
leapcmd                   setup.leap 
name                      valid_2 
type                      ABINITIO_AMBER 
backup                    False 
tgtdir                    targets/valid_2 
shots                     400 
----------------------------------------------------------
Using parabolic regularization (Gaussian prior) with strength 0.0e+00 (+), 0.0e+00 (x)
#========================================================#
#| [92m           Setup for objective function :           [0m |#
#========================================================#

----------------------------------------------------------
#========================================================#
#| [92m                Setup for optimizer                 [0m |#
#========================================================#
jobtype                   SINGLE 
backup                    False 
input_file                valid_2.in 
----------------------------------------------------------
Calculation started at 2022-12-08 05:25 PM

#================================================================================================#
#|                Target: valid_1  Type: AbInitio_AMBER  Objective = 3.65548e-01                |#
#|                        Difference   Denominator     Percent                                  |#
#|  Observable            (Calc-Ref)     RMS (Ref)   Difference       Term   x Wt =   Contrib.  |#
#================================================================================================#
    Energy (kJ/mol)          29.1308       64.6475     45.0609%     0.2030    1.000     0.2030 
    Gradient (kJ/mol/A)      92.8347      230.2949     40.3112%     0.1625    1.000     0.1625 
--------------------------------------------------------------------------------------------------
Maximum force difference on atom 5 (O), frame 399, 187.0191 kJ/mol/A

#================================================================================================#
#|                Target: valid_2  Type: AbInitio_AMBER  Objective = 4.00300e-01                |#
#|                        Difference   Denominator     Percent                                  |#
#|  Observable            (Calc-Ref)     RMS (Ref)   Difference       Term   x Wt =   Contrib.  |#
#================================================================================================#
    Energy (kJ/mol)          20.2125       41.0233     49.2709%     0.2428    1.000     0.2428 
    Gradient (kJ/mol/A)      77.8191      196.0618     39.6911%     0.1575    1.000     0.1575 
--------------------------------------------------------------------------------------------------
Maximum force difference on atom 5 (O), frame 399, 166.5576 kJ/mol/A
#====================================================================#
#| [94m                  Objective Function Breakdown                  [0m |#
#| [94m  Target Name              Residual  x  Weight  =  Contribution [0m |#
#====================================================================#
valid_1                        0.36555      0.500 [94m     1.82774e-01[0m 
valid_2                        0.40030      0.500 [94m     2.00150e-01[0m 
Regularization                 0.00000      1.000 [94m     0.00000e+00[0m 
Total                                             [94m     3.82924e-01[0m 
----------------------------------------------------------------------
#========================================================#
#| [92m    Objective Function Single Point: 0.38292406     [0m |#
#========================================================#
Parameter file same as original; will not be printed to results folder.
Wall time since calculation start: 1.4 seconds
#========================================================#
#| [1;44;93m               Calculation Finished.                [0m |#
#| [1;44;93m     ---==(  May the Force be with you!  )==---     [0m |#
#========================================================#
