
          -------------------------------------------------------
          Amber 20 SANDER                              2020
          -------------------------------------------------------

| Run on 02/27/2022 at 18:08:00

|   Executable path: sander
| Working directory: /home/curtie/7_FF_fitting/1_ForceBalance/2_playground/1_practice_h2o/2_sampling/3_cycle_3
|          Hostname: fire-09-06

  [-O]verwriting output

File Assignments:
|  MDIN: heat8.in                                                              
| MDOUT: 828_heat8.out                                                         
|INPCRD: 828_heat7.rst7                                                        
|  PARM: water.prmtop                                                          
|RESTRT: 828_heat8.rst7                                                        
|  REFC: refc                                                                  
| MDVEL: mdvel                                                                 
| MDFRC: mdfrc                                                                 
|  MDEN: mden                                                                  
| MDCRD: 828_heat8.nc                                                          
|MDINFO: mdinfo                                                                
|  MTMD: mtmd                                                                  
|INPDIP: inpdip                                                                
|RSTDIP: rstdip                                                                
|INPTRA: inptraj                                                               


 Here is the input file:

heat DASA                                                                      
 &cntrl                                                                        
  imin=0,irest=1,ntx=5,                                                        
  nstlim=10000,dt=0.001,                                                       
  ntc=1,ntf=1,                                                                 
  cut=999, ntb=0,                                                              
  ntpr=10000, ntwx=0,                                                          
  ntwv=0,                                                                      
  ntt=3, gamma_ln=10.00,                                                       
  tempi=350.0, temp0=400.0,                                                    
  ntr=0,                                                                       
  nmropt=0                                                                     
/                                                                              

--------------------------------------------------------------------------------
   1.  RESOURCE   USE: 
--------------------------------------------------------------------------------

| Flags:                                                                        
|    NONPERIODIC   ntb=0 and igb=0: Setting up nonperiodic simulation
|  *** cutoff > system size, list only builds once
|Largest sphere to fit in unit cell has radius =    31.938
| New format PARM file being parsed.
| Version =    1.000 Date = 02/27/22 Time = 18:07:30
 NATOM  =      18 NTYPES =       2 NBONH =      12 MBONA  =       0
 NTHETH =       0 MTHETA =       0 NPHIH =       0 MPHIA  =       0
 NHPARM =       0 NPARM  =       0 NNB   =      24 NRES   =       6
 NBONA  =       0 NTHETA =       0 NPHIA =       0 NUMBND =       1
 NUMANG =       0 NPTRA  =       0 NATYP =       2 NPHB   =       0
 IFBOX  =       0 NMXRS  =       3 IFCAP =       0 NEXTRA =       0
 NCOPY  =       0


|     Memory Use     Allocated
|     Real              504114
|     Hollerith             62
|     Integer            20387
|     Max Pairs            153
|     nblistReal           216
|     nblist Int       1151815
|       Total             8519 kbytes

| Note: 1-4 EEL scale factors are being read from the topology file.

| Note: 1-4 VDW scale factors are being read from the topology file.
| Duplicated    0 dihedrals
| Duplicated    0 dihedrals

--------------------------------------------------------------------------------
   2.  CONTROL  DATA  FOR  THE  RUN
--------------------------------------------------------------------------------

default_name                                                                    

General flags:
     imin    =       0, nmropt  =       0

Nature and format of input:
     ntx     =       5, irest   =       1, ntrx    =       1

Nature and format of output:
     ntxo    =       2, ntpr    =   10000, ntrx    =       1, ntwr    =   10000
     iwrap   =       0, ntwx    =       0, ntwv    =       0, ntwe    =       0
     ioutfm  =       1, ntwprt  =       0, idecomp =       0, rbornstat=      0

Potential function:
     ntf     =       1, ntb     =       0, igb     =       0, nsnb    =      25
     ipol    =       0, gbsa    =       0, iesp    =       0
     dielc   =   1.00000, cut     = 999.00000, intdiel =   1.00000

Frozen or restrained atoms:
     ibelly  =       0, ntr     =       0

Molecular dynamics:
     nstlim  =     10000, nscm    =      1000, nrespa  =         1
     t       =   0.00000, dt      =   0.00100, vlimit  =  20.00000

Langevin dynamics temperature regulation:
     ig      =   71277
     temp0   = 400.00000, tempi   = 350.00000, gamma_ln=  10.00000
|  INFO: Old style inpcrd file read


--------------------------------------------------------------------------------
   3.  ATOMIC COORDINATES AND VELOCITIES
--------------------------------------------------------------------------------

default_name                                                                    
 begin time read from input coords =    70.000 ps

 Number of triangulated 3-point waters found:        0

     Sum of charges from parm topology file =  -0.00000001
     Forcing neutrality...

--------------------------------------------------------------------------------
   4.  RESULTS
--------------------------------------------------------------------------------

|  # of SOLUTE  degrees of freedom (RNDFP):      54.
|  # of SOLVENT degrees of freedom (RNDFS):       0.
|  NDFMIN =      54.     NUM_NOSHAKE =      0     CORRECTED RNDFP =      54.
|  TOTAL # of degrees of freedom (RNDF) =      54.
 ---------------------------------------------------

     eedmeth=4: Setting switch to one everywhere

 ---------------------------------------------------
| Local SIZE OF NONBOND LIST =        141
| TOTAL SIZE OF NONBOND LIST =        141
| RE_POSITION Moving by   1.872164  0.132817  0.945888
| RE_POSITION Moving by  -0.179162 -0.727315 -0.778588
| RE_POSITION Moving by   0.274792  0.319457 -0.674686
| RE_POSITION Moving by  -0.429533 -2.140058 -0.387494
| RE_POSITION Moving by   1.554369  0.154026  2.038410
| RE_POSITION Moving by   0.335273  0.873974 -1.531895
| RE_POSITION Moving by  -0.815620  2.367247 -1.372604
| RE_POSITION Moving by  -0.575482  0.364800  0.762354
| RE_POSITION Moving by  -0.049006 -1.500082 -0.622404
| RE_POSITION Moving by   1.260205 -0.123780  0.006054

 NSTEP =    10000   TIME(PS) =      80.000  TEMP(K) =   401.07  PRESS =     0.0
 Etot   =       219.8762  EKtot   =        21.5190  EPtot      =       198.3572
 BOND   =         8.0435  ANGLE   =         0.0000  DIHED      =         0.0000
 1-4 NB =         0.0000  1-4 EEL =         0.0000  VDWAALS    =        -0.0700
 EELEC  =       190.3837  EHBOND  =         0.0000  RESTRAINT  =         0.0000
 ------------------------------------------------------------------------------


      A V E R A G E S   O V E R   10000 S T E P S


 NSTEP =    10000   TIME(PS) =      80.000  TEMP(K) =   400.79  PRESS =     0.0
 Etot   =       218.8856  EKtot   =        21.5039  EPtot      =       197.3817
 BOND   =         7.0879  ANGLE   =         0.0000  DIHED      =         0.0000
 1-4 NB =         0.0000  1-4 EEL =         0.0000  VDWAALS    =         0.2205
 EELEC  =       190.0732  EHBOND  =         0.0000  RESTRAINT  =         0.0000
 ------------------------------------------------------------------------------


      R M S  F L U C T U A T I O N S


 NSTEP =    10000   TIME(PS) =      80.000  TEMP(K) =    77.51  PRESS =     0.0
 Etot   =         5.3132  EKtot   =         4.1586  EPtot      =         3.1585
 BOND   =         2.7427  ANGLE   =         0.0000  DIHED      =         0.0000
 1-4 NB =         0.0000  1-4 EEL =         0.0000  VDWAALS    =         0.8052
 EELEC  =         3.1351  EHBOND  =         0.0000  RESTRAINT  =         0.0000
 ------------------------------------------------------------------------------


--------------------------------------------------------------------------------
   5.  TIMINGS
--------------------------------------------------------------------------------

|    Read coords time           0.00 ( 0.29% of Total)
|                Build the list             0.00 (29.64% of List )
|                Other                      0.00 (70.36% of List )
|             List time                  0.00 ( 0.23% of Nonbo)
|                   Short_ene time             0.43 (98.97% of Direc)
|                   Other                      0.00 ( 1.03% of Direc)
|                Direct Ewald time          0.44 (98.80% of Ewald)
|                Force Adjust               0.00 ( 0.15% of Ewald)
|                Virial junk                0.00 ( 0.26% of Ewald)
|                Start synchronizatio       0.00 ( 0.24% of Ewald)
|                Other                      0.00 ( 0.55% of Ewald)
|             Ewald time                 0.44 (99.15% of Nonbo)
|             IPS excludes               0.00 ( 0.10% of Nonbo)
|             Other                      0.00 ( 0.52% of Nonbo)
|          Nonbond force              0.45 (97.92% of Force)
|          Bond/Angle/Dihedral        0.00 ( 1.04% of Force)
|          Other                      0.00 ( 1.04% of Force)
|       Force time                 0.46 (84.61% of Runmd)
|       Verlet update time         0.08 (14.80% of Runmd)
|       Other                      0.00 ( 0.59% of Runmd)
|    Runmd Time                 0.54 (98.56% of Total)
|    Other                      0.01 ( 1.15% of Total)
| Total time                 0.55 (100.0% of ALL  )

| Number of list builds   :          1

| Highest rstack allocated:         80
| Highest istack allocated:         16

| Final Performance Info:
| -----------------------------------------------------
| Average timings for all steps:
|     Elapsed(s) =       0.54 Per Step(ms) =       0.05
|         ns/day =    1602.13   seconds/ns =      53.93
| -----------------------------------------------------

|           Job began  at 18:08:00.370  on 02/27/2022
|           Setup done at 18:08:00.378  on 02/27/2022
|           Run   done at 18:08:00.917  on 02/27/2022
|     wallclock() was called  270016 times

|3D-RISM memory allocation summary
|Type          Maximum        Current   
|Integer       0.00000 GB     0.00000 GB
|Real          0.00000 GB     0.00000 GB
|Logical       0.00000 GB     0.00000 GB
|Character     0.00000 GB     0.00000 GB
|---------------------------------------
|Total         0.00000 GB     0.00000 GB
