
          -------------------------------------------------------
          Amber 20 SANDER                              2020
          -------------------------------------------------------

| Run on 02/27/2022 at 18:07:57

|   Executable path: sander
| Working directory: /home/curtie/7_FF_fitting/1_ForceBalance/2_playground/1_practice_h2o/2_sampling/3_cycle_3
|          Hostname: fire-09-06

  [-O]verwriting output

File Assignments:
|  MDIN: heat2.in                                                              
| MDOUT: 828_heat2.out                                                         
|INPCRD: 828_heat1.rst7                                                        
|  PARM: water.prmtop                                                          
|RESTRT: 828_heat2.rst7                                                        
|  REFC: refc                                                                  
| MDVEL: mdvel                                                                 
| MDFRC: mdfrc                                                                 
|  MDEN: mden                                                                  
| MDCRD: 828_heat2.nc                                                          
|MDINFO: mdinfo                                                                
|  MTMD: mtmd                                                                  
|INPDIP: inpdip                                                                
|RSTDIP: rstdip                                                                
|INPTRA: inptraj                                                               


 Here is the input file:

heat DASA                                                                      
 &cntrl                                                                        
  imin=0,irest=1,ntx=5,                                                        
  nstlim=10000,dt=0.001,                                                       
  ntc=1,ntf=1,                                                                 
  cut=999, ntb=0,                                                              
  ntpr=10000, ntwx=0,                                                          
  ntwv=0,                                                                      
  ntt=3, gamma_ln=10.00,                                                       
  tempi=50.0, temp0=100.0,                                                     
  ntr=0,                                                                       
  nmropt=0                                                                     
/                                                                              

--------------------------------------------------------------------------------
   1.  RESOURCE   USE: 
--------------------------------------------------------------------------------

| Flags:                                                                        
|    NONPERIODIC   ntb=0 and igb=0: Setting up nonperiodic simulation
|  *** cutoff > system size, list only builds once
|Largest sphere to fit in unit cell has radius =    32.290
| New format PARM file being parsed.
| Version =    1.000 Date = 02/27/22 Time = 18:07:30
 NATOM  =      18 NTYPES =       2 NBONH =      12 MBONA  =       0
 NTHETH =       0 MTHETA =       0 NPHIH =       0 MPHIA  =       0
 NHPARM =       0 NPARM  =       0 NNB   =      24 NRES   =       6
 NBONA  =       0 NTHETA =       0 NPHIA =       0 NUMBND =       1
 NUMANG =       0 NPTRA  =       0 NATYP =       2 NPHB   =       0
 IFBOX  =       0 NMXRS  =       3 IFCAP =       0 NEXTRA =       0
 NCOPY  =       0


|     Memory Use     Allocated
|     Real              504007
|     Hollerith             62
|     Integer            20387
|     Max Pairs            153
|     nblistReal           216
|     nblist Int        881920
|       Total             7464 kbytes

| Note: 1-4 EEL scale factors are being read from the topology file.

| Note: 1-4 VDW scale factors are being read from the topology file.
| Duplicated    0 dihedrals
| Duplicated    0 dihedrals

--------------------------------------------------------------------------------
   2.  CONTROL  DATA  FOR  THE  RUN
--------------------------------------------------------------------------------

default_name                                                                    

General flags:
     imin    =       0, nmropt  =       0

Nature and format of input:
     ntx     =       5, irest   =       1, ntrx    =       1

Nature and format of output:
     ntxo    =       2, ntpr    =   10000, ntrx    =       1, ntwr    =   10000
     iwrap   =       0, ntwx    =       0, ntwv    =       0, ntwe    =       0
     ioutfm  =       1, ntwprt  =       0, idecomp =       0, rbornstat=      0

Potential function:
     ntf     =       1, ntb     =       0, igb     =       0, nsnb    =      25
     ipol    =       0, gbsa    =       0, iesp    =       0
     dielc   =   1.00000, cut     = 999.00000, intdiel =   1.00000

Frozen or restrained atoms:
     ibelly  =       0, ntr     =       0

Molecular dynamics:
     nstlim  =     10000, nscm    =      1000, nrespa  =         1
     t       =   0.00000, dt      =   0.00100, vlimit  =  20.00000

Langevin dynamics temperature regulation:
     ig      =   71277
     temp0   = 100.00000, tempi   =  50.00000, gamma_ln=  10.00000
|  INFO: Old style inpcrd file read


--------------------------------------------------------------------------------
   3.  ATOMIC COORDINATES AND VELOCITIES
--------------------------------------------------------------------------------

default_name                                                                    
 begin time read from input coords =    10.000 ps

 Number of triangulated 3-point waters found:        0

     Sum of charges from parm topology file =  -0.00000001
     Forcing neutrality...

--------------------------------------------------------------------------------
   4.  RESULTS
--------------------------------------------------------------------------------

|  # of SOLUTE  degrees of freedom (RNDFP):      54.
|  # of SOLVENT degrees of freedom (RNDFS):       0.
|  NDFMIN =      54.     NUM_NOSHAKE =      0     CORRECTED RNDFP =      54.
|  TOTAL # of degrees of freedom (RNDF) =      54.
 ---------------------------------------------------

     eedmeth=4: Setting switch to one everywhere

 ---------------------------------------------------
| Local SIZE OF NONBOND LIST =        141
| TOTAL SIZE OF NONBOND LIST =        141
| RE_POSITION Moving by   0.431741  0.907973  0.010227
| RE_POSITION Moving by   0.249824 -0.121603 -0.792160
| RE_POSITION Moving by  -0.169382 -0.606513 -0.186321
| RE_POSITION Moving by   0.229676 -0.703865  0.258211
| RE_POSITION Moving by   0.855705  0.551318  1.009690
| RE_POSITION Moving by  -0.750113  0.261888 -1.090709
| RE_POSITION Moving by  -0.010510  0.594708 -0.221210
| RE_POSITION Moving by  -0.534203  0.192240  0.479024
| RE_POSITION Moving by  -0.061621 -0.791392  0.749715
| RE_POSITION Moving by   0.358624 -0.228203 -1.210838

 NSTEP =    10000   TIME(PS) =      20.000  TEMP(K) =    62.76  PRESS =     0.0
 Etot   =       166.8195  EKtot   =         3.3674  EPtot      =       163.4521
 BOND   =         4.7437  ANGLE   =         0.0000  DIHED      =         0.0000
 1-4 NB =         0.0000  1-4 EEL =         0.0000  VDWAALS    =         6.9039
 EELEC  =       151.8045  EHBOND  =         0.0000  RESTRAINT  =         0.0000
 ------------------------------------------------------------------------------


      A V E R A G E S   O V E R   10000 S T E P S


 NSTEP =    10000   TIME(PS) =      20.000  TEMP(K) =   100.31  PRESS =     0.0
 Etot   =       169.4512  EKtot   =         5.3820  EPtot      =       164.0692
 BOND   =         6.3951  ANGLE   =         0.0000  DIHED      =         0.0000
 1-4 NB =         0.0000  1-4 EEL =         0.0000  VDWAALS    =         8.5826
 EELEC  =       149.0915  EHBOND  =         0.0000  RESTRAINT  =         0.0000
 ------------------------------------------------------------------------------


      R M S  F L U C T U A T I O N S


 NSTEP =    10000   TIME(PS) =      20.000  TEMP(K) =    19.37  PRESS =     0.0
 Etot   =         1.6474  EKtot   =         1.0395  EPtot      =         1.2062
 BOND   =         1.6124  ANGLE   =         0.0000  DIHED      =         0.0000
 1-4 NB =         0.0000  1-4 EEL =         0.0000  VDWAALS    =         2.0188
 EELEC  =         3.0419  EHBOND  =         0.0000  RESTRAINT  =         0.0000
 ------------------------------------------------------------------------------


--------------------------------------------------------------------------------
   5.  TIMINGS
--------------------------------------------------------------------------------

|    Read coords time           0.00 ( 0.29% of Total)
|                Build the list             0.00 (20.39% of List )
|                Other                      0.00 (79.61% of List )
|             List time                  0.00 ( 0.29% of Nonbo)
|                   Short_ene time             0.35 (98.77% of Direc)
|                   Other                      0.00 ( 1.23% of Direc)
|                Direct Ewald time          0.36 (98.69% of Ewald)
|                Force Adjust               0.00 ( 0.17% of Ewald)
|                Virial junk                0.00 ( 0.26% of Ewald)
|                Start synchronizatio       0.00 ( 0.25% of Ewald)
|                Other                      0.00 ( 0.63% of Ewald)
|             Ewald time                 0.36 (99.03% of Nonbo)
|             IPS excludes               0.00 ( 0.11% of Nonbo)
|             Other                      0.00 ( 0.56% of Nonbo)
|          Nonbond force              0.37 (97.31% of Force)
|          Bond/Angle/Dihedral        0.00 ( 1.32% of Force)
|          Other                      0.01 ( 1.37% of Force)
|       Force time                 0.38 (80.78% of Runmd)
|       Verlet update time         0.09 (18.72% of Runmd)
|       Other                      0.00 ( 0.50% of Runmd)
|    Runmd Time                 0.46 (98.01% of Total)
|    Other                      0.01 ( 1.70% of Total)
| Total time                 0.47 (100.0% of ALL  )

| Number of list builds   :          1

| Highest rstack allocated:         80
| Highest istack allocated:         16

| Final Performance Info:
| -----------------------------------------------------
| Average timings for all steps:
|     Elapsed(s) =       0.47 Per Step(ms) =       0.05
|         ns/day =    1856.56   seconds/ns =      46.54
| -----------------------------------------------------

|           Job began  at 18:07:57.427  on 02/27/2022
|           Setup done at 18:07:57.437  on 02/27/2022
|           Run   done at 18:07:57.902  on 02/27/2022
|     wallclock() was called  270016 times

|3D-RISM memory allocation summary
|Type          Maximum        Current   
|Integer       0.00000 GB     0.00000 GB
|Real          0.00000 GB     0.00000 GB
|Logical       0.00000 GB     0.00000 GB
|Character     0.00000 GB     0.00000 GB
|---------------------------------------
|Total         0.00000 GB     0.00000 GB
