Note: Failed to import the optional openff.evaluator package. 
Note: Failed to import the optional openff-toolkit package. 
Note: Failed to import the optional openff.recharge package.
#======================================================================#
#| [1m            Welcome to ForceBalance version 1.8.1! =D             [0m |#
#| [1m                 Force Field Optimization System                  [0m |#
#| [1m                                                                  [0m |#
#| [1m                             Authors:                             [0m |#
#| [1m                          Lee-Ping Wang                           [0m |#
#| [1m                  Yudong Qiu, Keri A. McKiernan                   [0m |#
#| [1m          Jeffrey R. Wagner, Hyesu Jang, Simon Boothroyd          [0m |#
#| [1m          Arthur Vigil, Erik G. Brandt, John Stoppelman           [0m |#
#| [1m                  Johnny Israeli, Matt Thompson                   [0m |#
#======================================================================#

                          [44m     [0m                                        
                       [44m        [0m      [43m     [0m                              
                    [44m        [0m   [44m  [0m    [43m         [0m                          
                 [44m       [0m    [44m      [0m      [43m         [0m                       
             [44m        [0m    [44m        [0m          [43m         [0m                    
          [44m        [0m    [44m        [0m                 [43m        [0m                 
       [44m        [0m    [44m       [0m                        [43m        [0m              
    [44m        [0m   [44m        [0m                              [43m         [0m          
   [44m      [0m   [44m        [0m               `.:+@@###@'          [43m         [0m       
    [44m [0m    [44m        [0m          ,;'+###############.             [43m     [0m       
      [44m        [0m         +################':`                    [43m [0m        
      [44m     [0m              `.,,...####+.                                  
                                ,#####      +##.               [44m   [0m   [44m   [0m
 [43m    [0m                            #####      ######             [44m   [0m   [44m   [0m
 [43m    [0m                ###'        ####'     :#####'             [44m   [0m   [44m   [0m
 [43m    [0m                :####@      ####.    ,####'               [44m   [0m   [44m   [0m
 [43m    [0m                 ######     ####    +###+                 [44m   [0m   [44m   [0m
 [43m    [0m                  #####     ####   ###;                   [44m   [0m   [44m   [0m
 [43m    [0m                   :##      ####  ++`                     [44m   [0m   [44m   [0m
 [43m    [0m                            ####``..:;+##############+`   [44m   [0m   [44m   [0m
 [43m    [0m             .,:;;'++##################################`  [44m   [0m   [44m   [0m
 [43m    [0m    `############################++++''';;;;;;;;;;;'';    [44m   [0m   [44m   [0m
 [43m    [0m      ,########':,.``       ####                          [44m   [0m   [44m   [0m
 [43m    [0m                            ####                          [44m   [0m   [44m   [0m
 [43m    [0m                            ####                          [44m   [0m   [44m   [0m
 [43m    [0m                            ####                          [44m   [0m   [44m   [0m
 [43m    [0m                            ####                          [44m   [0m   [44m   [0m
 [43m    [0m                            ####                          [44m   [0m   [44m   [0m
 [43m    [0m                            ####                          [44m   [0m   [44m   [0m
 [43m    [0m                            ####                          [44m   [0m   [44m   [0m
      [44m    [0m                       ####                                   
     [44m        [0m                    ####                                   
    [44m [0m    [44m       [0m                 ####                       [43m     [0m       
   [44m     [0m    [44m        [0m             ####                    [43m        [0m       
   [44m        [0m    [44m        [0m          ###                  [43m         [0m         
      [44m        [0m    [44m        [0m        +`               [43m        [0m             
          [44m        [0m   [44m        [0m                   [43m        [0m                
             [44m        [0m   [44m         [0m           [43m         [0m                   
                [44m        [0m    [44m       [0m      [43m         [0m                      
                   [44m        [0m    [44m   [0m    [43m        [0m                          
                      [44m        [0m       [43m      [0m                             
                          [44m      [0m      [43m  [0m                                
                             [44m  [0m                                         

Reading options from file: valid_4.in
#========================================================#
#| [95m  Options at their default values are not printed   [0m |#
#| [95m        Use 'verbose_options True' to Enable        [0m |#
#========================================================#
Reading force field from file: sol.frcmod
Reading force field from file: sol.mol2
#=========================================================#
#| [92m Starting parameter indices, physical values and IDs [0m |#
#=========================================================#
   0 [  1.0000e+02 ] : ANGLESK/HW-OW-HW
   1 [  1.0452e+02 ] : ANGLESB/HW-OW-HW
   2 [  1.6683e+00 ] : VDWS/OW
   3 [  3.2136e-01 ] : VDWT/OW
   4 [ -8.9423e-01 ] : COUL:SOL-1
   5 [  4.4711e-01 ] : COUL:SOL-2
-----------------------------------------------------------
#=========================================================#
#| [91m Rescaling Factors by Type (Lower Takes Precedence): [0m |#
#=========================================================#
   ANGLESK                              : 6.05928e+02
   ANGLESB                              : 5.72958e+01
   VDWS                                 : 5.29177e-02
   VDWT                                 : 2.47896e+00
   COUL                                 : 1.00000e+00
-----------------------------------------------------------
#========================================================#
#| [91m   Rescaling Types / Factors by Parameter Number:   [0m |#
#========================================================#
   0 [    ANGLESK                       : 6.05928e+02 ] : ANGLESK/HW-OW-HW
   1 [    ANGLESB                       : 5.72958e+01 ] : ANGLESB/HW-OW-HW
   2 [    VDWS                          : 5.29177e-02 ] : VDWS/OW
   3 [    VDWT                          : 2.47896e+00 ] : VDWT/OW
   4 [    COUL                          : 1.00000e+00 ] : COUL:SOL-1
   5 [    COUL                          : 1.00000e+00 ] : COUL:SOL-2
----------------------------------------------------------
Building charge constraints...
Parameter 4 occurs 1 times in molecule SOL in locations [0] (COUL:SOL-1)
Parameter 5 occurs 2 times in molecule SOL in locations [1, 2] (COUL:SOL-2 COUL:SOL-3)
#========================================================#
#| [92m               Setup for force field                [0m |#
#========================================================#
fnms                      ['sol.frcmod', 'sol.mol2'] 
----------------------------------------------------------
Relative energy fitting: Subtracting (MM - QM) energy gap from all relative energy calculations - this is the default.
The 'amberhome' option was not specified; using default.
Received an error message:

[====] [91mError Message[0m [====]
STOP PMEMD Terminated Abnormally!
[====] [91mEnd o'Message[0m [====]
/global/software/Amber/20-GCC-4.8.1/build2/bin/pmemd.cuda -h gave a return code of 1 (it may have crashed) -- carrying on
pmemd.cuda gave a nonzero returncode; CUDA environment variables likely missing
[1;91mPress Enter or wait 10 seconds (I assume no responsibility for what happens after this!)[0m
Cannot find a unique file with extension .mdin in /home/curtie/7_FF_fitting/1_ForceBalance/2_playground/1_practice_h2o/1_opt/targets/valid_1 (0 found; )
[91mWriting amber-all.crd file with no periodic box information[0m
Fitting the forces on all atoms
#========================================================#
#| [92m             Setup for target valid_1 :             [0m |#
#========================================================#
leapcmd                   setup.leap 
name                      valid_1 
type                      ABINITIO_AMBER 
backup                    False 
tgtdir                    targets/valid_1 
shots                     10 
----------------------------------------------------------
Relative energy fitting: Subtracting (MM - QM) energy gap from all relative energy calculations - this is the default.
Received an error message:

[====] [91mError Message[0m [====]
STOP PMEMD Terminated Abnormally!
[====] [91mEnd o'Message[0m [====]
/global/software/Amber/20-GCC-4.8.1/build2/bin/pmemd.cuda -h gave a return code of 1 (it may have crashed) -- carrying on
pmemd.cuda gave a nonzero returncode; CUDA environment variables likely missing
[1;91mPress Enter or wait 10 seconds (I assume no responsibility for what happens after this!)[0m
[91mWriting amber-all.crd file with no periodic box information[0m
Fitting the forces on all atoms
#========================================================#
#| [92m             Setup for target valid_2 :             [0m |#
#========================================================#
leapcmd                   setup.leap 
name                      valid_2 
type                      ABINITIO_AMBER 
backup                    False 
tgtdir                    targets/valid_2 
writelevel                1 
shots                     10 
----------------------------------------------------------
Relative energy fitting: Subtracting (MM - QM) energy gap from all relative energy calculations - this is the default.
Received an error message:

[====] [91mError Message[0m [====]
STOP PMEMD Terminated Abnormally!
[====] [91mEnd o'Message[0m [====]
/global/software/Amber/20-GCC-4.8.1/build2/bin/pmemd.cuda -h gave a return code of 1 (it may have crashed) -- carrying on
pmemd.cuda gave a nonzero returncode; CUDA environment variables likely missing
[1;91mPress Enter or wait 10 seconds (I assume no responsibility for what happens after this!)[0m
[91mWriting amber-all.crd file with no periodic box information[0m
Fitting the forces on all atoms
#========================================================#
#| [92m             Setup for target valid_3 :             [0m |#
#========================================================#
leapcmd                   setup.leap 
name                      valid_3 
type                      ABINITIO_AMBER 
backup                    False 
tgtdir                    targets/valid_3 
writelevel                1 
shots                     10 
----------------------------------------------------------
Relative energy fitting: Subtracting (MM - QM) energy gap from all relative energy calculations - this is the default.
Received an error message:

[====] [91mError Message[0m [====]
STOP PMEMD Terminated Abnormally!
[====] [91mEnd o'Message[0m [====]
/global/software/Amber/20-GCC-4.8.1/build2/bin/pmemd.cuda -h gave a return code of 1 (it may have crashed) -- carrying on
pmemd.cuda gave a nonzero returncode; CUDA environment variables likely missing
[1;91mPress Enter or wait 10 seconds (I assume no responsibility for what happens after this!)[0m
[91mWriting amber-all.crd file with no periodic box information[0m
Fitting the forces on all atoms
#========================================================#
#| [92m             Setup for target valid_4 :             [0m |#
#========================================================#
leapcmd                   setup.leap 
name                      valid_4 
type                      ABINITIO_AMBER 
backup                    False 
tgtdir                    targets/valid_4 
writelevel                1 
shots                     10 
----------------------------------------------------------
Using parabolic regularization (Gaussian prior) with strength 0.0e+00 (+), 0.0e+00 (x)
#========================================================#
#| [92m           Setup for objective function :           [0m |#
#========================================================#

----------------------------------------------------------
#========================================================#
#| [92m                Setup for optimizer                 [0m |#
#========================================================#
jobtype                   SINGLE 
backup                    False 
input_file                valid_4.in 
----------------------------------------------------------
Calculation started at 2022-02-27 06:28 PM

#================================================================================================#
#|                Target: valid_1  Type: AbInitio_AMBER  Objective = 1.44936e+00                |#
#|                        Difference   Denominator     Percent                                  |#
#|  Observable            (Calc-Ref)     RMS (Ref)   Difference       Term   x Wt =   Contrib.  |#
#================================================================================================#
    Energy (kJ/mol)          89.3630       90.2522     99.0148%     0.9804    1.000     0.9804 
    Gradient (kJ/mol/A)     185.6971      271.1646     68.4813%     0.4690    1.000     0.4690 
--------------------------------------------------------------------------------------------------
Maximum force difference on atom 15 (O), frame 9, 294.7046 kJ/mol/A

#================================================================================================#
#|                Target: valid_2  Type: AbInitio_AMBER  Objective = 1.40895e+00                |#
#|                        Difference   Denominator     Percent                                  |#
#|  Observable            (Calc-Ref)     RMS (Ref)   Difference       Term   x Wt =   Contrib.  |#
#================================================================================================#
    Energy (kJ/mol)          92.4073       96.0565     96.2010%     0.9255    1.000     0.9255 
    Gradient (kJ/mol/A)     185.7993      267.2079     69.5336%     0.4835    1.000     0.4835 
--------------------------------------------------------------------------------------------------
Maximum force difference on atom 9 (O), frame 9, 302.3160 kJ/mol/A

#================================================================================================#
#|                Target: valid_3  Type: AbInitio_AMBER  Objective = 1.34377e+00                |#
#|                        Difference   Denominator     Percent                                  |#
#|  Observable            (Calc-Ref)     RMS (Ref)   Difference       Term   x Wt =   Contrib.  |#
#================================================================================================#
    Energy (kJ/mol)          69.8946       75.4902     92.5877%     0.8572    1.000     0.8572 
    Gradient (kJ/mol/A)     189.7518      272.0411     69.7511%     0.4865    1.000     0.4865 
--------------------------------------------------------------------------------------------------
Maximum force difference on atom 9 (O), frame 9, 279.0633 kJ/mol/A

#================================================================================================#
#|                Target: valid_4  Type: AbInitio_AMBER  Objective = 1.39271e+00                |#
#|                        Difference   Denominator     Percent                                  |#
#|  Observable            (Calc-Ref)     RMS (Ref)   Difference       Term   x Wt =   Contrib.  |#
#================================================================================================#
    Energy (kJ/mol)          73.2595       78.7267     93.0555%     0.8659    1.000     0.8659 
    Gradient (kJ/mol/A)     186.8331      257.4188     72.5794%     0.5268    1.000     0.5268 
--------------------------------------------------------------------------------------------------
Maximum force difference on atom 6 (O), frame 9, 274.6636 kJ/mol/A
#====================================================================#
#| [94m                  Objective Function Breakdown                  [0m |#
#| [94m  Target Name              Residual  x  Weight  =  Contribution [0m |#
#====================================================================#
valid_1                        1.44936      0.250 [94m     3.62341e-01[0m 
valid_2                        1.40895      0.250 [94m     3.52239e-01[0m 
valid_3                        1.34377      0.250 [94m     3.35943e-01[0m 
valid_4                        1.39271      0.250 [94m     3.48177e-01[0m 
Regularization                 0.00000      1.000 [94m     0.00000e+00[0m 
Total                                             [94m     1.39870e+00[0m 
----------------------------------------------------------------------
#========================================================#
#| [92m    Objective Function Single Point: 1.39869922     [0m |#
#========================================================#
Parameter file same as original; will not be printed to results folder.
Wall time since calculation start: 0.2 seconds
#========================================================#
#| [1;44;93m               Calculation Finished.                [0m |#
#| [1;44;93m     ---==(  May the Force be with you!  )==---     [0m |#
#========================================================#
