
          -------------------------------------------------------
          Amber 20 SANDER                              2020
          -------------------------------------------------------

| Run on 02/27/2022 at 17:57:57

|   Executable path: sander
| Working directory: /home/curtie/7_FF_fitting/1_ForceBalance/2_playground/1_practice_h2o/2_sampling/2_cycle_2
|          Hostname: fire-09-06

  [-O]verwriting output

File Assignments:
|  MDIN: heat5.in                                                              
| MDOUT: 135_heat5.out                                                         
|INPCRD: 135_heat4.rst7                                                        
|  PARM: water.prmtop                                                          
|RESTRT: 135_heat5.rst7                                                        
|  REFC: refc                                                                  
| MDVEL: mdvel                                                                 
| MDFRC: mdfrc                                                                 
|  MDEN: mden                                                                  
| MDCRD: 135_heat5.nc                                                          
|MDINFO: mdinfo                                                                
|  MTMD: mtmd                                                                  
|INPDIP: inpdip                                                                
|RSTDIP: rstdip                                                                
|INPTRA: inptraj                                                               


 Here is the input file:

heat DASA                                                                      
 &cntrl                                                                        
  imin=0,irest=1,ntx=5,                                                        
  nstlim=10000,dt=0.001,                                                       
  ntc=1,ntf=1,                                                                 
  cut=999, ntb=0,                                                              
  ntpr=10000, ntwx=0,                                                          
  ntwv=0,                                                                      
  ntt=3, gamma_ln=10.00,                                                       
  tempi=200.0, temp0=250.0,                                                    
  ntr=0,                                                                       
  nmropt=0                                                                     
/                                                                              

--------------------------------------------------------------------------------
   1.  RESOURCE   USE: 
--------------------------------------------------------------------------------

| Flags:                                                                        
|    NONPERIODIC   ntb=0 and igb=0: Setting up nonperiodic simulation
|  *** cutoff > system size, list only builds once
|Largest sphere to fit in unit cell has radius =    32.294
| New format PARM file being parsed.
| Version =    1.000 Date = 02/27/22 Time = 17:57:28
 NATOM  =      18 NTYPES =       2 NBONH =      12 MBONA  =       0
 NTHETH =       0 MTHETA =       0 NPHIH =       0 MPHIA  =       0
 NHPARM =       0 NPARM  =       0 NNB   =      24 NRES   =       6
 NBONA  =       0 NTHETA =       0 NPHIA =       0 NUMBND =       1
 NUMANG =       0 NPTRA  =       0 NATYP =       2 NPHB   =       0
 IFBOX  =       0 NMXRS  =       3 IFCAP =       0 NEXTRA =       0
 NCOPY  =       0


|     Memory Use     Allocated
|     Real              504007
|     Hollerith             62
|     Integer            20387
|     Max Pairs            153
|     nblistReal           216
|     nblist Int        923929
|       Total             7628 kbytes

| Note: 1-4 EEL scale factors are being read from the topology file.

| Note: 1-4 VDW scale factors are being read from the topology file.
| Duplicated    0 dihedrals
| Duplicated    0 dihedrals

--------------------------------------------------------------------------------
   2.  CONTROL  DATA  FOR  THE  RUN
--------------------------------------------------------------------------------

default_name                                                                    

General flags:
     imin    =       0, nmropt  =       0

Nature and format of input:
     ntx     =       5, irest   =       1, ntrx    =       1

Nature and format of output:
     ntxo    =       2, ntpr    =   10000, ntrx    =       1, ntwr    =   10000
     iwrap   =       0, ntwx    =       0, ntwv    =       0, ntwe    =       0
     ioutfm  =       1, ntwprt  =       0, idecomp =       0, rbornstat=      0

Potential function:
     ntf     =       1, ntb     =       0, igb     =       0, nsnb    =      25
     ipol    =       0, gbsa    =       0, iesp    =       0
     dielc   =   1.00000, cut     = 999.00000, intdiel =   1.00000

Frozen or restrained atoms:
     ibelly  =       0, ntr     =       0

Molecular dynamics:
     nstlim  =     10000, nscm    =      1000, nrespa  =         1
     t       =   0.00000, dt      =   0.00100, vlimit  =  20.00000

Langevin dynamics temperature regulation:
     ig      =   71277
     temp0   = 250.00000, tempi   = 200.00000, gamma_ln=  10.00000
|  INFO: Old style inpcrd file read


--------------------------------------------------------------------------------
   3.  ATOMIC COORDINATES AND VELOCITIES
--------------------------------------------------------------------------------

default_name                                                                    
 begin time read from input coords =    40.000 ps

 Number of triangulated 3-point waters found:        0

     Sum of charges from parm topology file =  -0.00000001
     Forcing neutrality...

--------------------------------------------------------------------------------
   4.  RESULTS
--------------------------------------------------------------------------------

|  # of SOLUTE  degrees of freedom (RNDFP):      54.
|  # of SOLVENT degrees of freedom (RNDFS):       0.
|  NDFMIN =      54.     NUM_NOSHAKE =      0     CORRECTED RNDFP =      54.
|  TOTAL # of degrees of freedom (RNDF) =      54.
 ---------------------------------------------------

     eedmeth=4: Setting switch to one everywhere

 ---------------------------------------------------
| Local SIZE OF NONBOND LIST =        141
| TOTAL SIZE OF NONBOND LIST =        141
| RE_POSITION Moving by   0.750474  0.814874 -0.136899
| RE_POSITION Moving by  -0.021670  0.561158 -0.200011
| RE_POSITION Moving by  -0.110738 -0.972851 -0.349753
| RE_POSITION Moving by  -0.413293 -0.762575  0.569018
| RE_POSITION Moving by   1.575999  1.208595  1.329060
| RE_POSITION Moving by  -0.682056  0.598456 -0.642658
| RE_POSITION Moving by  -1.067660 -0.339608 -0.258072
| RE_POSITION Moving by  -0.377613 -0.307722  0.128301
| RE_POSITION Moving by   0.126992 -1.353501  0.825263
| RE_POSITION Moving by   0.297579  0.683834 -1.686957

 NSTEP =    10000   TIME(PS) =      50.000  TEMP(K) =   253.58  PRESS =     0.0
 Etot   =       179.0930  EKtot   =        13.6055  EPtot      =       165.4875
 BOND   =         7.0238  ANGLE   =         0.0000  DIHED      =         0.0000
 1-4 NB =         0.0000  1-4 EEL =         0.0000  VDWAALS    =         4.2374
 EELEC  =       154.2263  EHBOND  =         0.0000  RESTRAINT  =         0.0000
 ------------------------------------------------------------------------------


      A V E R A G E S   O V E R   10000 S T E P S


 NSTEP =    10000   TIME(PS) =      50.000  TEMP(K) =   253.89  PRESS =     0.0
 Etot   =       179.8240  EKtot   =        13.6221  EPtot      =       166.2019
 BOND   =         6.7461  ANGLE   =         0.0000  DIHED      =         0.0000
 1-4 NB =         0.0000  1-4 EEL =         0.0000  VDWAALS    =         4.3868
 EELEC  =       155.0689  EHBOND  =         0.0000  RESTRAINT  =         0.0000
 ------------------------------------------------------------------------------


      R M S  F L U C T U A T I O N S


 NSTEP =    10000   TIME(PS) =      50.000  TEMP(K) =    49.71  PRESS =     0.0
 Etot   =         4.4181  EKtot   =         2.6671  EPtot      =         3.4842
 BOND   =         2.3230  ANGLE   =         0.0000  DIHED      =         0.0000
 1-4 NB =         0.0000  1-4 EEL =         0.0000  VDWAALS    =         2.5856
 EELEC  =         5.4012  EHBOND  =         0.0000  RESTRAINT  =         0.0000
 ------------------------------------------------------------------------------


--------------------------------------------------------------------------------
   5.  TIMINGS
--------------------------------------------------------------------------------

|    Read coords time           0.00 ( 0.21% of Total)
|                Build the list             0.00 ( 6.72% of List )
|                Other                      0.00 (93.28% of List )
|             List time                  0.00 ( 0.92% of Nonbo)
|                   Short_ene time             0.38 (98.78% of Direc)
|                   Other                      0.00 ( 1.22% of Direc)
|                Direct Ewald time          0.38 (98.73% of Ewald)
|                Force Adjust               0.00 ( 0.17% of Ewald)
|                Virial junk                0.00 ( 0.28% of Ewald)
|                Start synchronizatio       0.00 ( 0.25% of Ewald)
|                Other                      0.00 ( 0.57% of Ewald)
|             Ewald time                 0.39 (98.45% of Nonbo)
|             IPS excludes               0.00 ( 0.11% of Nonbo)
|             Other                      0.00 ( 0.53% of Nonbo)
|          Nonbond force              0.39 (97.73% of Force)
|          Bond/Angle/Dihedral        0.00 ( 1.18% of Force)
|          Other                      0.00 ( 1.10% of Force)
|       Force time                 0.40 (83.11% of Runmd)
|       Verlet update time         0.08 (16.40% of Runmd)
|       Other                      0.00 ( 0.49% of Runmd)
|    Runmd Time                 0.48 (98.75% of Total)
|    Other                      0.01 ( 1.04% of Total)
| Total time                 0.49 (100.0% of ALL  )

| Number of list builds   :          1

| Highest rstack allocated:         80
| Highest istack allocated:         16

| Final Performance Info:
| -----------------------------------------------------
| Average timings for all steps:
|     Elapsed(s) =       0.48 Per Step(ms) =       0.05
|         ns/day =    1789.65   seconds/ns =      48.28
| -----------------------------------------------------

|           Job began  at 17:57:57.142  on 02/27/2022
|           Setup done at 17:57:57.148  on 02/27/2022
|           Run   done at 17:57:57.631  on 02/27/2022
|     wallclock() was called  270016 times

|3D-RISM memory allocation summary
|Type          Maximum        Current   
|Integer       0.00000 GB     0.00000 GB
|Real          0.00000 GB     0.00000 GB
|Logical       0.00000 GB     0.00000 GB
|Character     0.00000 GB     0.00000 GB
|---------------------------------------
|Total         0.00000 GB     0.00000 GB
