
          -------------------------------------------------------
          Amber 20 SANDER                              2020
          -------------------------------------------------------

| Run on 02/27/2022 at 17:57:58

|   Executable path: sander
| Working directory: /home/curtie/7_FF_fitting/1_ForceBalance/2_playground/1_practice_h2o/2_sampling/2_cycle_2
|          Hostname: fire-09-06

  [-O]verwriting output

File Assignments:
|  MDIN: heat7.in                                                              
| MDOUT: 135_heat7.out                                                         
|INPCRD: 135_heat6.rst7                                                        
|  PARM: water.prmtop                                                          
|RESTRT: 135_heat7.rst7                                                        
|  REFC: refc                                                                  
| MDVEL: mdvel                                                                 
| MDFRC: mdfrc                                                                 
|  MDEN: mden                                                                  
| MDCRD: 135_heat7.nc                                                          
|MDINFO: mdinfo                                                                
|  MTMD: mtmd                                                                  
|INPDIP: inpdip                                                                
|RSTDIP: rstdip                                                                
|INPTRA: inptraj                                                               


 Here is the input file:

heat DASA                                                                      
 &cntrl                                                                        
  imin=0,irest=1,ntx=5,                                                        
  nstlim=10000,dt=0.001,                                                       
  ntc=1,ntf=1,                                                                 
  cut=999, ntb=0,                                                              
  ntpr=10000, ntwx=0,                                                          
  ntwv=0,                                                                      
  ntt=3, gamma_ln=10.00,                                                       
  tempi=300.0, temp0=350.0,                                                    
  ntr=0,                                                                       
  nmropt=0                                                                     
/                                                                              

--------------------------------------------------------------------------------
   1.  RESOURCE   USE: 
--------------------------------------------------------------------------------

| Flags:                                                                        
|    NONPERIODIC   ntb=0 and igb=0: Setting up nonperiodic simulation
|  *** cutoff > system size, list only builds once
|Largest sphere to fit in unit cell has radius =    32.670
| New format PARM file being parsed.
| Version =    1.000 Date = 02/27/22 Time = 17:57:28
 NATOM  =      18 NTYPES =       2 NBONH =      12 MBONA  =       0
 NTHETH =       0 MTHETA =       0 NPHIH =       0 MPHIA  =       0
 NHPARM =       0 NPARM  =       0 NNB   =      24 NRES   =       6
 NBONA  =       0 NTHETA =       0 NPHIA =       0 NUMBND =       1
 NUMANG =       0 NPTRA  =       0 NATYP =       2 NPHB   =       0
 IFBOX  =       0 NMXRS  =       3 IFCAP =       0 NEXTRA =       0
 NCOPY  =       0


|     Memory Use     Allocated
|     Real              504015
|     Hollerith             62
|     Integer            20387
|     Max Pairs            153
|     nblistReal           216
|     nblist Int       1011880
|       Total             7972 kbytes

| Note: 1-4 EEL scale factors are being read from the topology file.

| Note: 1-4 VDW scale factors are being read from the topology file.
| Duplicated    0 dihedrals
| Duplicated    0 dihedrals

--------------------------------------------------------------------------------
   2.  CONTROL  DATA  FOR  THE  RUN
--------------------------------------------------------------------------------

default_name                                                                    

General flags:
     imin    =       0, nmropt  =       0

Nature and format of input:
     ntx     =       5, irest   =       1, ntrx    =       1

Nature and format of output:
     ntxo    =       2, ntpr    =   10000, ntrx    =       1, ntwr    =   10000
     iwrap   =       0, ntwx    =       0, ntwv    =       0, ntwe    =       0
     ioutfm  =       1, ntwprt  =       0, idecomp =       0, rbornstat=      0

Potential function:
     ntf     =       1, ntb     =       0, igb     =       0, nsnb    =      25
     ipol    =       0, gbsa    =       0, iesp    =       0
     dielc   =   1.00000, cut     = 999.00000, intdiel =   1.00000

Frozen or restrained atoms:
     ibelly  =       0, ntr     =       0

Molecular dynamics:
     nstlim  =     10000, nscm    =      1000, nrespa  =         1
     t       =   0.00000, dt      =   0.00100, vlimit  =  20.00000

Langevin dynamics temperature regulation:
     ig      =   71277
     temp0   = 350.00000, tempi   = 300.00000, gamma_ln=  10.00000
|  INFO: Old style inpcrd file read


--------------------------------------------------------------------------------
   3.  ATOMIC COORDINATES AND VELOCITIES
--------------------------------------------------------------------------------

default_name                                                                    
 begin time read from input coords =    60.000 ps

 Number of triangulated 3-point waters found:        0

     Sum of charges from parm topology file =  -0.00000001
     Forcing neutrality...

--------------------------------------------------------------------------------
   4.  RESULTS
--------------------------------------------------------------------------------

|  # of SOLUTE  degrees of freedom (RNDFP):      54.
|  # of SOLVENT degrees of freedom (RNDFS):       0.
|  NDFMIN =      54.     NUM_NOSHAKE =      0     CORRECTED RNDFP =      54.
|  TOTAL # of degrees of freedom (RNDF) =      54.
 ---------------------------------------------------

     eedmeth=4: Setting switch to one everywhere

 ---------------------------------------------------
| Local SIZE OF NONBOND LIST =        141
| TOTAL SIZE OF NONBOND LIST =        141
| RE_POSITION Moving by   0.223984  0.727000  0.069666
| RE_POSITION Moving by   0.988125  1.260397 -1.524703
| RE_POSITION Moving by   0.356097 -1.577127  1.461868
| RE_POSITION Moving by  -0.569451 -1.478003  0.326690
| RE_POSITION Moving by   1.597898  1.191694 -0.739572
| RE_POSITION Moving by   0.513137  0.532209  0.286087
| RE_POSITION Moving by  -1.852882  1.854670 -0.092475
| RE_POSITION Moving by  -0.854648  0.231328 -0.371149
| RE_POSITION Moving by   1.013913 -3.038522 -0.292602
| RE_POSITION Moving by  -0.871214  0.364536 -0.145214

 NSTEP =    10000   TIME(PS) =      70.000  TEMP(K) =   357.09  PRESS =     0.0
 Etot   =       208.2057  EKtot   =        19.1593  EPtot      =       189.0463
 BOND   =         9.5886  ANGLE   =         0.0000  DIHED      =         0.0000
 1-4 NB =         0.0000  1-4 EEL =         0.0000  VDWAALS    =         0.0286
 EELEC  =       179.4291  EHBOND  =         0.0000  RESTRAINT  =         0.0000
 ------------------------------------------------------------------------------


      A V E R A G E S   O V E R   10000 S T E P S


 NSTEP =    10000   TIME(PS) =      70.000  TEMP(K) =   354.74  PRESS =     0.0
 Etot   =       201.9770  EKtot   =        19.0331  EPtot      =       182.9439
 BOND   =         6.7546  ANGLE   =         0.0000  DIHED      =         0.0000
 1-4 NB =         0.0000  1-4 EEL =         0.0000  VDWAALS    =         0.4661
 EELEC  =       175.7232  EHBOND  =         0.0000  RESTRAINT  =         0.0000
 ------------------------------------------------------------------------------


      R M S  F L U C T U A T I O N S


 NSTEP =    10000   TIME(PS) =      70.000  TEMP(K) =    66.36  PRESS =     0.0
 Etot   =         4.7461  EKtot   =         3.5606  EPtot      =         3.1557
 BOND   =         2.6516  ANGLE   =         0.0000  DIHED      =         0.0000
 1-4 NB =         0.0000  1-4 EEL =         0.0000  VDWAALS    =         0.9671
 EELEC  =         3.4416  EHBOND  =         0.0000  RESTRAINT  =         0.0000
 ------------------------------------------------------------------------------


--------------------------------------------------------------------------------
   5.  TIMINGS
--------------------------------------------------------------------------------

|    Read coords time           0.00 ( 0.31% of Total)
|                Build the list             0.00 (28.35% of List )
|                Other                      0.00 (71.65% of List )
|             List time                  0.00 ( 0.23% of Nonbo)
|                   Short_ene time             0.39 (98.90% of Direc)
|                   Other                      0.00 ( 1.10% of Direc)
|                Direct Ewald time          0.39 (98.73% of Ewald)
|                Force Adjust               0.00 ( 0.15% of Ewald)
|                Virial junk                0.00 ( 0.27% of Ewald)
|                Start synchronizatio       0.00 ( 0.26% of Ewald)
|                Other                      0.00 ( 0.59% of Ewald)
|             Ewald time                 0.40 (99.15% of Nonbo)
|             IPS excludes               0.00 ( 0.11% of Nonbo)
|             Other                      0.00 ( 0.51% of Nonbo)
|          Nonbond force              0.40 (97.67% of Force)
|          Bond/Angle/Dihedral        0.00 ( 1.13% of Force)
|          Other                      0.00 ( 1.21% of Force)
|       Force time                 0.41 (83.58% of Runmd)
|       Verlet update time         0.08 (15.89% of Runmd)
|       Other                      0.00 ( 0.53% of Runmd)
|    Runmd Time                 0.49 (98.39% of Total)
|    Other                      0.01 ( 1.30% of Total)
| Total time                 0.50 (100.0% of ALL  )

| Number of list builds   :          1

| Highest rstack allocated:         80
| Highest istack allocated:         16

| Final Performance Info:
| -----------------------------------------------------
| Average timings for all steps:
|     Elapsed(s) =       0.49 Per Step(ms) =       0.05
|         ns/day =    1753.55   seconds/ns =      49.27
| -----------------------------------------------------

|           Job began  at 17:57:58.129  on 02/27/2022
|           Setup done at 17:57:58.137  on 02/27/2022
|           Run   done at 17:57:58.630  on 02/27/2022
|     wallclock() was called  270016 times

|3D-RISM memory allocation summary
|Type          Maximum        Current   
|Integer       0.00000 GB     0.00000 GB
|Real          0.00000 GB     0.00000 GB
|Logical       0.00000 GB     0.00000 GB
|Character     0.00000 GB     0.00000 GB
|---------------------------------------
|Total         0.00000 GB     0.00000 GB
