
          -------------------------------------------------------
          Amber 20 SANDER                              2020
          -------------------------------------------------------

| Run on 02/27/2022 at 17:57:31

|   Executable path: sander
| Working directory: /home/curtie/7_FF_fitting/1_ForceBalance/2_playground/1_practice_h2o/2_sampling/2_cycle_2
|          Hostname: fire-09-06

  [-O]verwriting output

File Assignments:
|  MDIN: heat7.in                                                              
| MDOUT: 253_heat7.out                                                         
|INPCRD: 253_heat6.rst7                                                        
|  PARM: water.prmtop                                                          
|RESTRT: 253_heat7.rst7                                                        
|  REFC: refc                                                                  
| MDVEL: mdvel                                                                 
| MDFRC: mdfrc                                                                 
|  MDEN: mden                                                                  
| MDCRD: 253_heat7.nc                                                          
|MDINFO: mdinfo                                                                
|  MTMD: mtmd                                                                  
|INPDIP: inpdip                                                                
|RSTDIP: rstdip                                                                
|INPTRA: inptraj                                                               


 Here is the input file:

heat DASA                                                                      
 &cntrl                                                                        
  imin=0,irest=1,ntx=5,                                                        
  nstlim=10000,dt=0.001,                                                       
  ntc=1,ntf=1,                                                                 
  cut=999, ntb=0,                                                              
  ntpr=10000, ntwx=0,                                                          
  ntwv=0,                                                                      
  ntt=3, gamma_ln=10.00,                                                       
  tempi=300.0, temp0=350.0,                                                    
  ntr=0,                                                                       
  nmropt=0                                                                     
/                                                                              

--------------------------------------------------------------------------------
   1.  RESOURCE   USE: 
--------------------------------------------------------------------------------

| Flags:                                                                        
|    NONPERIODIC   ntb=0 and igb=0: Setting up nonperiodic simulation
|  *** cutoff > system size, list only builds once
|Largest sphere to fit in unit cell has radius =    33.222
| New format PARM file being parsed.
| Version =    1.000 Date = 02/27/22 Time = 17:57:28
 NATOM  =      18 NTYPES =       2 NBONH =      12 MBONA  =       0
 NTHETH =       0 MTHETA =       0 NPHIH =       0 MPHIA  =       0
 NHPARM =       0 NPARM  =       0 NNB   =      24 NRES   =       6
 NBONA  =       0 NTHETA =       0 NPHIA =       0 NUMBND =       1
 NUMANG =       0 NPTRA  =       0 NATYP =       2 NPHB   =       0
 IFBOX  =       0 NMXRS  =       3 IFCAP =       0 NEXTRA =       0
 NCOPY  =       0


|     Memory Use     Allocated
|     Real              504015
|     Hollerith             62
|     Integer            20387
|     Max Pairs            153
|     nblistReal           216
|     nblist Int       1108210
|       Total             8348 kbytes

| Note: 1-4 EEL scale factors are being read from the topology file.

| Note: 1-4 VDW scale factors are being read from the topology file.
| Duplicated    0 dihedrals
| Duplicated    0 dihedrals

--------------------------------------------------------------------------------
   2.  CONTROL  DATA  FOR  THE  RUN
--------------------------------------------------------------------------------

default_name                                                                    

General flags:
     imin    =       0, nmropt  =       0

Nature and format of input:
     ntx     =       5, irest   =       1, ntrx    =       1

Nature and format of output:
     ntxo    =       2, ntpr    =   10000, ntrx    =       1, ntwr    =   10000
     iwrap   =       0, ntwx    =       0, ntwv    =       0, ntwe    =       0
     ioutfm  =       1, ntwprt  =       0, idecomp =       0, rbornstat=      0

Potential function:
     ntf     =       1, ntb     =       0, igb     =       0, nsnb    =      25
     ipol    =       0, gbsa    =       0, iesp    =       0
     dielc   =   1.00000, cut     = 999.00000, intdiel =   1.00000

Frozen or restrained atoms:
     ibelly  =       0, ntr     =       0

Molecular dynamics:
     nstlim  =     10000, nscm    =      1000, nrespa  =         1
     t       =   0.00000, dt      =   0.00100, vlimit  =  20.00000

Langevin dynamics temperature regulation:
     ig      =   71277
     temp0   = 350.00000, tempi   = 300.00000, gamma_ln=  10.00000
|  INFO: Old style inpcrd file read


--------------------------------------------------------------------------------
   3.  ATOMIC COORDINATES AND VELOCITIES
--------------------------------------------------------------------------------

default_name                                                                    
 begin time read from input coords =    60.000 ps

 Number of triangulated 3-point waters found:        0

     Sum of charges from parm topology file =  -0.00000001
     Forcing neutrality...

--------------------------------------------------------------------------------
   4.  RESULTS
--------------------------------------------------------------------------------

|  # of SOLUTE  degrees of freedom (RNDFP):      54.
|  # of SOLVENT degrees of freedom (RNDFS):       0.
|  NDFMIN =      54.     NUM_NOSHAKE =      0     CORRECTED RNDFP =      54.
|  TOTAL # of degrees of freedom (RNDF) =      54.
 ---------------------------------------------------

     eedmeth=4: Setting switch to one everywhere

 ---------------------------------------------------
| Local SIZE OF NONBOND LIST =        141
| TOTAL SIZE OF NONBOND LIST =        141
| RE_POSITION Moving by   0.767286  0.980035  0.283695
| RE_POSITION Moving by  -0.259624  1.170837 -1.543475
| RE_POSITION Moving by   0.221861 -0.789312  0.091791
| RE_POSITION Moving by  -0.094018 -2.278550  0.305695
| RE_POSITION Moving by   0.901523 -1.129802  2.466663
| RE_POSITION Moving by   0.441222  1.351906 -3.400624
| RE_POSITION Moving by  -1.192949  1.818644 -0.542603
| RE_POSITION Moving by  -0.716269  0.223804 -0.239857
| RE_POSITION Moving by   0.062277 -0.080636 -0.365397
| RE_POSITION Moving by   1.220303 -1.473509 -0.311358

 NSTEP =    10000   TIME(PS) =      70.000  TEMP(K) =   345.57  PRESS =     0.0
 Etot   =       204.8148  EKtot   =        18.5413  EPtot      =       186.2735
 BOND   =         7.6674  ANGLE   =         0.0000  DIHED      =         0.0000
 1-4 NB =         0.0000  1-4 EEL =         0.0000  VDWAALS    =        -0.0021
 EELEC  =       178.6083  EHBOND  =         0.0000  RESTRAINT  =         0.0000
 ------------------------------------------------------------------------------


      A V E R A G E S   O V E R   10000 S T E P S


 NSTEP =    10000   TIME(PS) =      70.000  TEMP(K) =   353.09  PRESS =     0.0
 Etot   =       203.9415  EKtot   =        18.9448  EPtot      =       184.9967
 BOND   =         6.3263  ANGLE   =         0.0000  DIHED      =         0.0000
 1-4 NB =         0.0000  1-4 EEL =         0.0000  VDWAALS    =         0.0585
 EELEC  =       178.6119  EHBOND  =         0.0000  RESTRAINT  =         0.0000
 ------------------------------------------------------------------------------


      R M S  F L U C T U A T I O N S


 NSTEP =    10000   TIME(PS) =      70.000  TEMP(K) =    68.56  PRESS =     0.0
 Etot   =         4.6007  EKtot   =         3.6783  EPtot      =         2.7583
 BOND   =         2.4661  ANGLE   =         0.0000  DIHED      =         0.0000
 1-4 NB =         0.0000  1-4 EEL =         0.0000  VDWAALS    =         0.6436
 EELEC  =         2.5595  EHBOND  =         0.0000  RESTRAINT  =         0.0000
 ------------------------------------------------------------------------------


--------------------------------------------------------------------------------
   5.  TIMINGS
--------------------------------------------------------------------------------

|    Read coords time           0.00 ( 0.20% of Total)
|                Build the list             0.00 (29.27% of List )
|                Other                      0.00 (70.73% of List )
|             List time                  0.00 ( 0.23% of Nonbo)
|                   Short_ene time             0.42 (98.97% of Direc)
|                   Other                      0.00 ( 1.03% of Direc)
|                Direct Ewald time          0.42 (98.85% of Ewald)
|                Force Adjust               0.00 ( 0.14% of Ewald)
|                Virial junk                0.00 ( 0.24% of Ewald)
|                Start synchronizatio       0.00 ( 0.23% of Ewald)
|                Other                      0.00 ( 0.54% of Ewald)
|             Ewald time                 0.43 (99.18% of Nonbo)
|             IPS excludes               0.00 ( 0.09% of Nonbo)
|             Other                      0.00 ( 0.49% of Nonbo)
|          Nonbond force              0.43 (97.89% of Force)
|          Bond/Angle/Dihedral        0.00 ( 1.06% of Force)
|          Other                      0.00 ( 1.05% of Force)
|       Force time                 0.44 (84.20% of Runmd)
|       Verlet update time         0.08 (15.37% of Runmd)
|       Other                      0.00 ( 0.43% of Runmd)
|    Runmd Time                 0.52 (98.76% of Total)
|    Other                      0.01 ( 1.03% of Total)
| Total time                 0.53 (100.0% of ALL  )

| Number of list builds   :          1

| Highest rstack allocated:         80
| Highest istack allocated:         16

| Final Performance Info:
| -----------------------------------------------------
| Average timings for all steps:
|     Elapsed(s) =       0.53 Per Step(ms) =       0.05
|         ns/day =    1645.13   seconds/ns =      52.52
| -----------------------------------------------------

|           Job began  at 17:57:31.448  on 02/27/2022
|           Setup done at 17:57:31.455  on 02/27/2022
|           Run   done at 17:57:31.979  on 02/27/2022
|     wallclock() was called  270016 times

|3D-RISM memory allocation summary
|Type          Maximum        Current   
|Integer       0.00000 GB     0.00000 GB
|Real          0.00000 GB     0.00000 GB
|Logical       0.00000 GB     0.00000 GB
|Character     0.00000 GB     0.00000 GB
|---------------------------------------
|Total         0.00000 GB     0.00000 GB
