
          -------------------------------------------------------
          Amber 20 SANDER                              2020
          -------------------------------------------------------

| Run on 02/27/2022 at 18:07:33

|   Executable path: sander
| Working directory: /home/curtie/7_FF_fitting/1_ForceBalance/2_playground/1_practice_h2o/2_sampling/3_cycle_3
|          Hostname: fire-09-06

  [-O]verwriting output

File Assignments:
|  MDIN: heat6.in                                                              
| MDOUT: 928_heat6.out                                                         
|INPCRD: 928_heat5.rst7                                                        
|  PARM: water.prmtop                                                          
|RESTRT: 928_heat6.rst7                                                        
|  REFC: refc                                                                  
| MDVEL: mdvel                                                                 
| MDFRC: mdfrc                                                                 
|  MDEN: mden                                                                  
| MDCRD: 928_heat6.nc                                                          
|MDINFO: mdinfo                                                                
|  MTMD: mtmd                                                                  
|INPDIP: inpdip                                                                
|RSTDIP: rstdip                                                                
|INPTRA: inptraj                                                               


 Here is the input file:

heat DASA                                                                      
 &cntrl                                                                        
  imin=0,irest=1,ntx=5,                                                        
  nstlim=10000,dt=0.001,                                                       
  ntc=1,ntf=1,                                                                 
  cut=999, ntb=0,                                                              
  ntpr=10000, ntwx=0,                                                          
  ntwv=0,                                                                      
  ntt=3, gamma_ln=10.00,                                                       
  tempi=250.0, temp0=300.0,                                                    
  ntr=0,                                                                       
  nmropt=0                                                                     
/                                                                              

--------------------------------------------------------------------------------
   1.  RESOURCE   USE: 
--------------------------------------------------------------------------------

| Flags:                                                                        
|    NONPERIODIC   ntb=0 and igb=0: Setting up nonperiodic simulation
|  *** cutoff > system size, list only builds once
|Largest sphere to fit in unit cell has radius =    31.581
| New format PARM file being parsed.
| Version =    1.000 Date = 02/27/22 Time = 18:07:30
 NATOM  =      18 NTYPES =       2 NBONH =      12 MBONA  =       0
 NTHETH =       0 MTHETA =       0 NPHIH =       0 MPHIA  =       0
 NHPARM =       0 NPARM  =       0 NNB   =      24 NRES   =       6
 NBONA  =       0 NTHETA =       0 NPHIA =       0 NUMBND =       1
 NUMANG =       0 NPTRA  =       0 NATYP =       2 NPHB   =       0
 IFBOX  =       0 NMXRS  =       3 IFCAP =       0 NEXTRA =       0
 NCOPY  =       0


|     Memory Use     Allocated
|     Real              504007
|     Hollerith             62
|     Integer            20387
|     Max Pairs            153
|     nblistReal           216
|     nblist Int        923929
|       Total             7628 kbytes

| Note: 1-4 EEL scale factors are being read from the topology file.

| Note: 1-4 VDW scale factors are being read from the topology file.
| Duplicated    0 dihedrals
| Duplicated    0 dihedrals

--------------------------------------------------------------------------------
   2.  CONTROL  DATA  FOR  THE  RUN
--------------------------------------------------------------------------------

default_name                                                                    

General flags:
     imin    =       0, nmropt  =       0

Nature and format of input:
     ntx     =       5, irest   =       1, ntrx    =       1

Nature and format of output:
     ntxo    =       2, ntpr    =   10000, ntrx    =       1, ntwr    =   10000
     iwrap   =       0, ntwx    =       0, ntwv    =       0, ntwe    =       0
     ioutfm  =       1, ntwprt  =       0, idecomp =       0, rbornstat=      0

Potential function:
     ntf     =       1, ntb     =       0, igb     =       0, nsnb    =      25
     ipol    =       0, gbsa    =       0, iesp    =       0
     dielc   =   1.00000, cut     = 999.00000, intdiel =   1.00000

Frozen or restrained atoms:
     ibelly  =       0, ntr     =       0

Molecular dynamics:
     nstlim  =     10000, nscm    =      1000, nrespa  =         1
     t       =   0.00000, dt      =   0.00100, vlimit  =  20.00000

Langevin dynamics temperature regulation:
     ig      =   71277
     temp0   = 300.00000, tempi   = 250.00000, gamma_ln=  10.00000
|  INFO: Old style inpcrd file read


--------------------------------------------------------------------------------
   3.  ATOMIC COORDINATES AND VELOCITIES
--------------------------------------------------------------------------------

default_name                                                                    
 begin time read from input coords =    50.000 ps

 Number of triangulated 3-point waters found:        0

     Sum of charges from parm topology file =  -0.00000001
     Forcing neutrality...

--------------------------------------------------------------------------------
   4.  RESULTS
--------------------------------------------------------------------------------

|  # of SOLUTE  degrees of freedom (RNDFP):      54.
|  # of SOLVENT degrees of freedom (RNDFS):       0.
|  NDFMIN =      54.     NUM_NOSHAKE =      0     CORRECTED RNDFP =      54.
|  TOTAL # of degrees of freedom (RNDF) =      54.
 ---------------------------------------------------

     eedmeth=4: Setting switch to one everywhere

 ---------------------------------------------------
| Local SIZE OF NONBOND LIST =        141
| TOTAL SIZE OF NONBOND LIST =        141
| RE_POSITION Moving by   1.300312  0.521185 -0.219308
| RE_POSITION Moving by  -0.037757  0.420255 -0.053505
| RE_POSITION Moving by  -0.339604 -0.834104 -0.565842
| RE_POSITION Moving by   0.826365  0.081059 -0.009934
| RE_POSITION Moving by   0.980867  0.422161  1.841891
| RE_POSITION Moving by   0.056044  0.158074 -0.521789
| RE_POSITION Moving by  -0.943316  0.129963 -0.349161
| RE_POSITION Moving by  -1.193325  0.785629 -0.062509
| RE_POSITION Moving by  -0.826609 -1.021156  0.856051
| RE_POSITION Moving by   1.773921 -0.255179 -1.696419

 NSTEP =    10000   TIME(PS) =      60.000  TEMP(K) =   294.08  PRESS =     0.0
 Etot   =       203.3939  EKtot   =        15.7785  EPtot      =       187.6155
 BOND   =         9.8711  ANGLE   =         0.0000  DIHED      =         0.0000
 1-4 NB =         0.0000  1-4 EEL =         0.0000  VDWAALS    =         1.4603
 EELEC  =       176.2840  EHBOND  =         0.0000  RESTRAINT  =         0.0000
 ------------------------------------------------------------------------------


      A V E R A G E S   O V E R   10000 S T E P S


 NSTEP =    10000   TIME(PS) =      60.000  TEMP(K) =   298.66  PRESS =     0.0
 Etot   =       195.5996  EKtot   =        16.0242  EPtot      =       179.5754
 BOND   =         7.5817  ANGLE   =         0.0000  DIHED      =         0.0000
 1-4 NB =         0.0000  1-4 EEL =         0.0000  VDWAALS    =         3.8243
 EELEC  =       168.1694  EHBOND  =         0.0000  RESTRAINT  =         0.0000
 ------------------------------------------------------------------------------


      R M S  F L U C T U A T I O N S


 NSTEP =    10000   TIME(PS) =      60.000  TEMP(K) =    55.91  PRESS =     0.0
 Etot   =         5.0305  EKtot   =         3.0001  EPtot      =         3.9806
 BOND   =         2.8157  ANGLE   =         0.0000  DIHED      =         0.0000
 1-4 NB =         0.0000  1-4 EEL =         0.0000  VDWAALS    =         2.8792
 EELEC  =         6.5590  EHBOND  =         0.0000  RESTRAINT  =         0.0000
 ------------------------------------------------------------------------------


--------------------------------------------------------------------------------
   5.  TIMINGS
--------------------------------------------------------------------------------

|    Read coords time           0.00 ( 0.32% of Total)
|                Build the list             0.00 (23.60% of List )
|                Other                      0.00 (76.40% of List )
|             List time                  0.00 ( 0.27% of Nonbo)
|                   Short_ene time             0.36 (98.81% of Direc)
|                   Other                      0.00 ( 1.19% of Direc)
|                Direct Ewald time          0.37 (98.68% of Ewald)
|                Force Adjust               0.00 ( 0.16% of Ewald)
|                Virial junk                0.00 ( 0.31% of Ewald)
|                Start synchronizatio       0.00 ( 0.26% of Ewald)
|                Other                      0.00 ( 0.59% of Ewald)
|             Ewald time                 0.37 (99.06% of Nonbo)
|             IPS excludes               0.00 ( 0.11% of Nonbo)
|             Other                      0.00 ( 0.56% of Nonbo)
|          Nonbond force              0.38 (97.60% of Force)
|          Bond/Angle/Dihedral        0.00 ( 1.19% of Force)
|          Other                      0.00 ( 1.21% of Force)
|       Force time                 0.39 (82.54% of Runmd)
|       Verlet update time         0.08 (16.94% of Runmd)
|       Other                      0.00 ( 0.52% of Runmd)
|    Runmd Time                 0.47 (98.32% of Total)
|    Other                      0.01 ( 1.36% of Total)
| Total time                 0.48 (100.0% of ALL  )

| Number of list builds   :          1

| Highest rstack allocated:         80
| Highest istack allocated:         16

| Final Performance Info:
| -----------------------------------------------------
| Average timings for all steps:
|     Elapsed(s) =       0.47 Per Step(ms) =       0.05
|         ns/day =    1842.54   seconds/ns =      46.89
| -----------------------------------------------------

|           Job began  at 18:07:33.091  on 02/27/2022
|           Setup done at 18:07:33.100  on 02/27/2022
|           Run   done at 18:07:33.568  on 02/27/2022
|     wallclock() was called  270016 times

|3D-RISM memory allocation summary
|Type          Maximum        Current   
|Integer       0.00000 GB     0.00000 GB
|Real          0.00000 GB     0.00000 GB
|Logical       0.00000 GB     0.00000 GB
|Character     0.00000 GB     0.00000 GB
|---------------------------------------
|Total         0.00000 GB     0.00000 GB
