
          -------------------------------------------------------
          Amber 20 PMEMD                              2020
          -------------------------------------------------------

| PMEMD implementation of SANDER, Release 18

|  Compiled date/time: Fri Jul 17 08:46:11 2020
| Run on 07/20/2022 at 22:27:48

|   Executable path: pmemd
| Working directory: /home/curtie/7_FF_fitting/0_ff-optimizer/1_active_learning/ff-optimizer/tests/full/model_1/2_sampling/2_cycle_2/train
|          Hostname: fire-09-06

  [-O]verwriting output

File Assignments:
|   MDIN: ../md.in                                                              
|  MDOUT: 0_.out                                                                
| INPCRD: 0_heat1.rst7                                                          
|   PARM: ../water.prmtop                                                       
| RESTRT: 0_md.rst7                                                             
|   REFC: refc                                                                  
|  MDVEL: 0_vel.nc                                                              
|   MDEN: mden                                                                  
|  MDCRD: 0.nc                                                                  
| MDINFO: mdinfo                                                                
|  MDFRC: mdfrc                                                                 


 Here is the input file:

the samply sample thingy                                                       
&cntrl                                                                         
  imin=0,irest=1,ntx=5,                                                        
  nstlim=1000,dt=0.0005,                                                       
  ntc=1,ntf=1,                                                                 
  cut=999, ntb=0,                                                              
  ntpr=100, ntwx=100,                                                          
  ntwv=1000,                                                                   
  ntt=0,                                                                       
  ntr=0,                                                                       
  nmropt=0,                                                                    
  ig=333333,                                                                   
  igb=6,                                                                       
/                                                                              


| irandom = 1, using AMBER's internal random number generator (default).
 
| Conditional Compilation Defines Used:
| PUBFFT
| BINTRAJ
| EMIL

| New format PARM file being parsed.
| Version =    1.000 Date = 07/20/22 Time = 22:27:47

| Note: 1-4 EEL scale factors are being read from the topology file.

| Note: 1-4 VDW scale factors are being read from the topology file.
| INFO:    Reading atomic numbers from topology file.
| Duplicated    0 dihedrals

| Duplicated    0 dihedrals

--------------------------------------------------------------------------------
   1.  RESOURCE   USE: 
--------------------------------------------------------------------------------

 NATOM  =       6 NTYPES =       2 NBONH =       4 MBONA  =       0
 NTHETH =       0 MTHETA =       0 NPHIH =       0 MPHIA  =       0
 NHPARM =       0 NPARM  =       0 NNB   =       8 NRES   =       2
 NBONA  =       0 NTHETA =       0 NPHIA =       0 NUMBND =       1
 NUMANG =       0 NPTRA  =       0 NATYP =       2 NPHB   =       0
 IFBOX  =       0 NMXRS  =       3 IFCAP =       0 NEXTRA =       0
 NCOPY  =       0

 Implicit solvent radii are modified Bondi radii (mbondi)                                                   
--------------------------------------------------------------------------------
   2.  CONTROL  DATA  FOR  THE  RUN
--------------------------------------------------------------------------------

default_name                                                                    

General flags:
     imin    =       0, nmropt  =       0

Nature and format of input:
     ntx     =       5, irest   =       1, ntrx    =       1

Nature and format of output:
     ntxo    =       2, ntpr    =     100, ntrx    =       1, ntwr    =    1000
     iwrap   =       0, ntwx    =     100, ntwv    =    1000, ntwe    =       0
     ioutfm  =       1, ntwprt  =       0, idecomp =       0, rbornstat=      0

Potential function:
     ntf     =       1, ntb     =       0, igb     =       6, nsnb    =      25
     ipol    =       0, gbsa    =       0, iesp    =       0
     dielc   =   1.00000, cut     = 999.00000, intdiel =   1.00000

Frozen or restrained atoms:
     ibelly  =       0, ntr     =       0

Molecular dynamics:
     nstlim  =      1000, nscm    =      1000, nrespa  =         1
     t       =   0.00000, dt      =   0.00050, vlimit  =  20.00000

| Intermolecular bonds treatment:
|     no_intermolecular_bonds =       1

| Energy averages sample interval:
|     ene_avg_sampling =     100

--------------------------------------------------------------------------------
   3.  ATOMIC COORDINATES AND VELOCITIES
--------------------------------------------------------------------------------

default_name                                                                    
 begin time read from input coords =     0.500 ps

 
 Number of triangulated 3-point waters found:        0
| Dynamic Memory, Types Used:
| Reals                 129
| Integers               96

--------------------------------------------------------------------------------
   4.  RESULTS
--------------------------------------------------------------------------------


 NSTEP =      100   TIME(PS) =       0.550  TEMP(K) =   446.90  PRESS =     0.0
 Etot   =         0.0189  EKtot   =         5.3285  EPtot      =        -5.3096
 BOND   =         0.4828  ANGLE   =         0.0000  DIHED      =         0.0000
 1-4 NB =         0.0000  1-4 EEL =         0.0000  VDWAALS    =         0.0212
 EELEC  =        -5.8136  EGB     =         0.0000  RESTRAINT  =         0.0000
 ------------------------------------------------------------------------------


 NSTEP =      200   TIME(PS) =       0.600  TEMP(K) =   353.30  PRESS =     0.0
 Etot   =         0.0122  EKtot   =         4.2124  EPtot      =        -4.2002
 BOND   =         0.3333  ANGLE   =         0.0000  DIHED      =         0.0000
 1-4 NB =         0.0000  1-4 EEL =         0.0000  VDWAALS    =        -0.1900
 EELEC  =        -4.3436  EGB     =         0.0000  RESTRAINT  =         0.0000
 ------------------------------------------------------------------------------


 NSTEP =      300   TIME(PS) =       0.650  TEMP(K) =   428.70  PRESS =     0.0
 Etot   =         0.0142  EKtot   =         5.1115  EPtot      =        -5.0973
 BOND   =         0.5237  ANGLE   =         0.0000  DIHED      =         0.0000
 1-4 NB =         0.0000  1-4 EEL =         0.0000  VDWAALS    =         0.2421
 EELEC  =        -5.8631  EGB     =         0.0000  RESTRAINT  =         0.0000
 ------------------------------------------------------------------------------


 NSTEP =      400   TIME(PS) =       0.700  TEMP(K) =   279.97  PRESS =     0.0
 Etot   =         0.0052  EKtot   =         3.3381  EPtot      =        -3.3329
 BOND   =         0.1550  ANGLE   =         0.0000  DIHED      =         0.0000
 1-4 NB =         0.0000  1-4 EEL =         0.0000  VDWAALS    =         2.9510
 EELEC  =        -6.4389  EGB     =         0.0000  RESTRAINT  =         0.0000
 ------------------------------------------------------------------------------


 NSTEP =      500   TIME(PS) =       0.750  TEMP(K) =   233.80  PRESS =     0.0
 Etot   =         0.0085  EKtot   =         2.7876  EPtot      =        -2.7791
 BOND   =         0.1507  ANGLE   =         0.0000  DIHED      =         0.0000
 1-4 NB =         0.0000  1-4 EEL =         0.0000  VDWAALS    =         0.4179
 EELEC  =        -3.3477  EGB     =         0.0000  RESTRAINT  =         0.0000
 ------------------------------------------------------------------------------


 NSTEP =      600   TIME(PS) =       0.800  TEMP(K) =   339.65  PRESS =     0.0
 Etot   =         0.0141  EKtot   =         4.0497  EPtot      =        -4.0357
 BOND   =         0.5131  ANGLE   =         0.0000  DIHED      =         0.0000
 1-4 NB =         0.0000  1-4 EEL =         0.0000  VDWAALS    =        -0.2774
 EELEC  =        -4.2714  EGB     =         0.0000  RESTRAINT  =         0.0000
 ------------------------------------------------------------------------------


 NSTEP =      700   TIME(PS) =       0.850  TEMP(K) =   201.06  PRESS =     0.0
 Etot   =         0.0074  EKtot   =         2.3972  EPtot      =        -2.3898
 BOND   =         0.1760  ANGLE   =         0.0000  DIHED      =         0.0000
 1-4 NB =         0.0000  1-4 EEL =         0.0000  VDWAALS    =        -0.2871
 EELEC  =        -2.2787  EGB     =         0.0000  RESTRAINT  =         0.0000
 ------------------------------------------------------------------------------


 NSTEP =      800   TIME(PS) =       0.900  TEMP(K) =   149.86  PRESS =     0.0
 Etot   =         0.0264  EKtot   =         1.7868  EPtot      =        -1.7604
 BOND   =         0.8856  ANGLE   =         0.0000  DIHED      =         0.0000
 1-4 NB =         0.0000  1-4 EEL =         0.0000  VDWAALS    =        -0.1139
 EELEC  =        -2.5320  EGB     =         0.0000  RESTRAINT  =         0.0000
 ------------------------------------------------------------------------------


 NSTEP =      900   TIME(PS) =       0.950  TEMP(K) =   238.71  PRESS =     0.0
 Etot   =         0.0317  EKtot   =         2.8462  EPtot      =        -2.8144
 BOND   =         1.1004  ANGLE   =         0.0000  DIHED      =         0.0000
 1-4 NB =         0.0000  1-4 EEL =         0.0000  VDWAALS    =         0.9971
 EELEC  =        -4.9119  EGB     =         0.0000  RESTRAINT  =         0.0000
 ------------------------------------------------------------------------------


   KE Trans =     0.0000   KE Rot =     0.0000   C.O.M. Vel =    0.000000

   Translational and rotational motion removed

   KE Trans =     0.0000   KE Rot =     0.0000   C.O.M. Vel =    0.000000

 NSTEP =     1000   TIME(PS) =       1.000  TEMP(K) =   309.20  PRESS =     0.0
 Etot   =         0.0291  EKtot   =         3.6866  EPtot      =        -3.6575
 BOND   =         1.2639  ANGLE   =         0.0000  DIHED      =         0.0000
 1-4 NB =         0.0000  1-4 EEL =         0.0000  VDWAALS    =         2.4617
 EELEC  =        -7.3831  EGB     =         0.0000  RESTRAINT  =         0.0000
 ------------------------------------------------------------------------------


      A V E R A G E S   O V E R      10 S T E P S


 NSTEP =     1000   TIME(PS) =       1.000  TEMP(K) =   298.11  PRESS =     0.0
 Etot   =         0.0168  EKtot   =         3.5545  EPtot      =        -3.5377
 BOND   =         0.5585  ANGLE   =         0.0000  DIHED      =         0.0000
 1-4 NB =         0.0000  1-4 EEL =         0.0000  VDWAALS    =         0.6223
 EELEC  =        -4.7184  EGB     =         0.0000  RESTRAINT  =         0.0000
 ------------------------------------------------------------------------------


      R M S  F L U C T U A T I O N S


 NSTEP =     1000   TIME(PS) =       1.000  TEMP(K) =    91.37  PRESS =     0.0
 Etot   =         0.0089  EKtot   =         1.0894  EPtot      =         1.0904
 BOND   =         0.3786  ANGLE   =         0.0000  DIHED      =         0.0000
 1-4 NB =         0.0000  1-4 EEL =         0.0000  VDWAALS    =         1.1105
 EELEC  =         1.5987  EGB     =         0.0000  RESTRAINT  =         0.0000
|E(PBS) =         0.0015
 ------------------------------------------------------------------------------

--------------------------------------------------------------------------------
   5.  TIMINGS
--------------------------------------------------------------------------------

|  NonSetup CPU Time in Major Routines:
|
|     Routine           Sec        %
|     ------------------------------
|     Nonbond           0.00   29.29
|     Bond              0.00   11.83
|     Angle             0.00    0.96
|     Dihedral          0.00    1.02
|     Shake             0.00    0.00
|     RunMD             0.00   37.41
|     Other             0.00   19.48
|     ------------------------------
|     Total             0.01

|  Generalized Born CPU Time:
|
|     Routine                 Sec        %
|     ------------------------------------
|     Radii Calc              0.00    0.00
|     Diagonal Calc           0.00    0.00
|     Off Diagonal Calc       0.00   25.04
|     GBSA LCPO Calc          0.00    0.00
|     ---------------------------------
|     Total                   0.00   25.04

|  Final Performance Info:
|     -----------------------------------------------------
|     Average timings for last     900 steps:
|     Elapsed(s) =       0.01 Per Step(ms) =       0.01
|         ns/day =    6627.79   seconds/ns =      13.04
|
|     Average timings for all steps:
|     Elapsed(s) =       0.01 Per Step(ms) =       0.01
|         ns/day =    5368.38   seconds/ns =      16.09
|     -----------------------------------------------------

|  Setup CPU time:            0.00 seconds
|  NonSetup CPU time:         0.01 seconds
|  Total CPU time:            0.01 seconds     0.00 hours

|  Setup wall time:           0    seconds
|  NonSetup wall time:        0    seconds
|  Total wall time:           0    seconds     0.00 hours
