Startfile from command line: tc_16.in


       ***********************************************************
       *                    TeraChem v1.9-2021.04-dev            *
       *                 Hg Version: 495ec1677c88+               *
       *                   Development Version                   *
       *           Chemistry at the Speed of Graphics!           *
       ***********************************************************
       * This program may only be used in connection with        *
       * a valid license from PetaChem, LLC. Use of this program *
       * or results thereof indicates acceptance of all terms    *
       * and conditions stated in the license and that a valid   *
       * license agreement between the user and PetaChem, LLC    *
       * exists. PetaChem, LLC does not warrant the correctness  *
       * of results or their suitability for any purpose.        *
       * Please email bugs, suggestions, and comments to         *
       *                  help@petachem.com                      *
       *                                                         *
       ***********************************************************


       ***********************************************************
       *  Compiled by henryw7      Fri Apr  9 18:30:10 PDT 2021  *
       *  Supported architectures: sm_30 sm_35 sm_52 sm_61 sm_70 *
       *  Cuda compilation tools, release 9.0, V9.0.176          *
       ***********************************************************


 Job started   Mon Nov 29 22:10:27 2021
 On fire-14-03 (available memory: 198539 MB)

######################################### RUNTIME INFO ##########################################
terachem tc_16.in 

NVRM version: NVIDIA UNIX x86_64 Kernel Module  460.32.03  Sun Dec 27 19:00:34 UTC 2020
GCC version:  gcc version 4.8.5 20150623 (Red Hat 4.8.5-28) (GCC) 

	linux-vdso.so.1 =>  (0x00007ffcbd122000)
	libcurl.so.4 => /usr/lib64/libcurl.so.4 (0x00007fd0d37e9000)
	libmpi.so.12 => /global/software/intel/2017.8.262/compilers_and_libraries_2017.8.262/linux/mpi/intel64/lib/libmpi.so.12 (0x00007fd0d2ab3000)
	libdftbplus.so => /global/software/TeraChem/2021.02-intel-2017.8.262-CUDA-9.0.176/lib/libdftbplus.so (0x00007fd0d25cc000)
	libfsockets.so => /global/software/TeraChem/2021.02-intel-2017.8.262-CUDA-9.0.176/lib/libfsockets.so (0x00007fd0d23c8000)
	libxmlf90.so => /global/software/TeraChem/2021.02-intel-2017.8.262-CUDA-9.0.176/lib/libxmlf90.so (0x00007fd0d21a5000)
	libthcbox.so.1 => /global/software/TeraChem/2021.02-intel-2017.8.262-CUDA-9.0.176/lib/libthcbox.so.1 (0x00007fd0d04f9000)
	libOpenMM.so => /global/software/OpenMM/7.4.1-intel-2017.0.098-CUDA-9.0.176/lib/libOpenMM.so (0x00007fd0cfe97000)
	libgpubox.so.1 => /global/software/TeraChem/2021.02-intel-2017.8.262-CUDA-9.0.176/lib/libgpubox.so.1 (0x00007fd0cfc84000)
	libtensorbox.so.1 => /global/software/TeraChem/2021.02-intel-2017.8.262-CUDA-9.0.176/lib/libtensorbox.so.1 (0x00007fd0cfa69000)
	libmoleculebox.so.1 => /global/software/TeraChem/2021.02-intel-2017.8.262-CUDA-9.0.176/lib/libmoleculebox.so.1 (0x00007fd0cf857000)
	libintbox.so.1 => /global/software/TeraChem/2021.02-intel-2017.8.262-CUDA-9.0.176/lib/libintbox.so.1 (0x00007fd0ab17d000)
	libsqmbox.so.1 => /global/software/TeraChem/2021.02-intel-2017.8.262-CUDA-9.0.176/lib/libsqmbox.so.1 (0x00007fd0aac44000)
	libgridbox.so.1 => /global/software/TeraChem/2021.02-intel-2017.8.262-CUDA-9.0.176/lib/libgridbox.so.1 (0x00007fd0aa6e7000)
	libdftbox.so.1 => /global/software/TeraChem/2021.02-intel-2017.8.262-CUDA-9.0.176/lib/libdftbox.so.1 (0x00007fd0aa405000)
	libcibox.so.1 => /global/software/TeraChem/2021.02-intel-2017.8.262-CUDA-9.0.176/lib/libcibox.so.1 (0x00007fd0a9cee000)
	libccbox.so.1 => /global/software/TeraChem/2021.02-intel-2017.8.262-CUDA-9.0.176/lib/libccbox.so.1 (0x00007fd0a9891000)
	libsimbox.so.1 => /global/software/TeraChem/2021.02-intel-2017.8.262-CUDA-9.0.176/lib/libsimbox.so.1 (0x00007fd0a9676000)
	liboptbox.so.1 => /global/software/TeraChem/2021.02-intel-2017.8.262-CUDA-9.0.176/lib/liboptbox.so.1 (0x00007fd0a943a000)
	libsandboxbox.so.1 => /global/software/TeraChem/2021.02-intel-2017.8.262-CUDA-9.0.176/lib/libsandboxbox.so.1 (0x00007fd0a9229000)
	libprotobuf.so.25 => /global/software/protobuf/3.14.0/lib/libprotobuf.so.25 (0x00007fd0a8d76000)
	libcommbox.so.1 => /global/software/TeraChem/2021.02-intel-2017.8.262-CUDA-9.0.176/lib/libcommbox.so.1 (0x00007fd0a8b1f000)
	libcuda.so.1 => /usr/lib64/libcuda.so.1 (0x00007fd0a7436000)
	libcudart.so.9.0 => /global/software/TeraChem/2021.02-intel-2017.8.262-CUDA-9.0.176/lib/libcudart.so.9.0 (0x00007fd0a71c9000)
	libcublas.so.9.0 => /global/software/TeraChem/2021.02-intel-2017.8.262-CUDA-9.0.176/lib/libcublas.so.9.0 (0x00007fd0a3d93000)
	libcufft.so.9.0 => /global/software/TeraChem/2021.02-intel-2017.8.262-CUDA-9.0.176/lib/libcufft.so.9.0 (0x00007fd09bcf1000)
	libcusparse.so.9.0 => /global/software/TeraChem/2021.02-intel-2017.8.262-CUDA-9.0.176/lib/libcusparse.so.9.0 (0x00007fd09858b000)
	libcrypto.so.10 => /usr/lib64/libcrypto.so.10 (0x00007fd09812a000)
	libssl.so.10 => /usr/lib64/libssl.so.10 (0x00007fd097eb7000)
	libstdc++.so.6 => /data/global/software/GCC/4.8.1/lib64/libstdc++.so.6 (0x00007fd097bb5000)
	libm.so.6 => /usr/lib64/libm.so.6 (0x00007fd0978b3000)
	libcilkrts.so.5 => /global/software/TeraChem/2021.02-intel-2017.8.262-CUDA-9.0.176/lib/libcilkrts.so.5 (0x00007fd097677000)
	libgcc_s.so.1 => /data/global/software/GCC/4.8.1/lib64/libgcc_s.so.1 (0x00007fd097461000)
	libpthread.so.0 => /usr/lib64/libpthread.so.0 (0x00007fd097245000)
	libc.so.6 => /usr/lib64/libc.so.6 (0x00007fd096e77000)
	/lib64/ld-linux-x86-64.so.2 (0x00007fd0d3a67000)
	libdl.so.2 => /usr/lib64/libdl.so.2 (0x00007fd096c73000)
	libidn.so.11 => /usr/lib64/libidn.so.11 (0x00007fd096a40000)
	libssh2.so.1 => /usr/lib64/libssh2.so.1 (0x00007fd096815000)
	libssl3.so => /usr/lib64/libssl3.so (0x00007fd0965c3000)
	libsmime3.so => /usr/lib64/libsmime3.so (0x00007fd09639c000)
	libnss3.so => /usr/lib64/libnss3.so (0x00007fd09606e000)
	libnssutil3.so => /usr/lib64/libnssutil3.so (0x00007fd095e3f000)
	libplds4.so => /usr/lib64/libplds4.so (0x00007fd095c3b000)
	libplc4.so => /usr/lib64/libplc4.so (0x00007fd095a35000)
	libnspr4.so => /usr/lib64/libnspr4.so (0x00007fd0957f7000)
	libgssapi_krb5.so.2 => /usr/lib64/libgssapi_krb5.so.2 (0x00007fd0955aa000)
	libkrb5.so.3 => /usr/lib64/libkrb5.so.3 (0x00007fd0952c1000)
	libk5crypto.so.3 => /usr/lib64/libk5crypto.so.3 (0x00007fd09508e000)
	libcom_err.so.2 => /usr/lib64/libcom_err.so.2 (0x00007fd094e8a000)
	liblber-2.4.so.2 => /usr/lib64/liblber-2.4.so.2 (0x00007fd094c7a000)
	libldap-2.4.so.2 => /usr/lib64/libldap-2.4.so.2 (0x00007fd094a25000)
	libz.so.1 => /usr/lib64/libz.so.1 (0x00007fd09480f000)
	librt.so.1 => /usr/lib64/librt.so.1 (0x00007fd094606000)
	libifport.so.5 => /global/software/intel/2017.8.262/compilers_and_libraries_2017.8.262/linux/compiler/lib/intel64/libifport.so.5 (0x00007fd0943d7000)
	libifcoremt.so.5 => /global/software/intel/2017.8.262/compilers_and_libraries_2017.8.262/linux/compiler/lib/intel64/libifcoremt.so.5 (0x00007fd094046000)
	libimf.so => /global/software/intel/2017.8.262/compilers_and_libraries_2017.8.262/linux/compiler/lib/intel64/libimf.so (0x00007fd093b59000)
	libsvml.so => /global/software/intel/2017.8.262/compilers_and_libraries_2017.8.262/linux/compiler/lib/intel64/libsvml.so (0x00007fd092c3b000)
	libiomp5.so => /global/software/intel/2017.8.262/compilers_and_libraries_2017.8.262/linux/compiler/lib/intel64/libiomp5.so (0x00007fd092896000)
	libintlc.so.5 => /global/software/intel/2017.8.262/compilers_and_libraries_2017.8.262/linux/compiler/lib/intel64/libintlc.so.5 (0x00007fd09262a000)
	libirng.so => /global/software/intel/2017.8.262/compilers_and_libraries_2017.8.262/linux/compiler/lib/intel64/libirng.so (0x00007fd0922b6000)
	libkrb5support.so.0 => /usr/lib64/libkrb5support.so.0 (0x00007fd0920a7000)
	libkeyutils.so.1 => /usr/lib64/libkeyutils.so.1 (0x00007fd091ea2000)
	libresolv.so.2 => /usr/lib64/libresolv.so.2 (0x00007fd091c89000)
	libsasl2.so.3 => /usr/lib64/libsasl2.so.3 (0x00007fd091a6b000)
	libselinux.so.1 => /usr/lib64/libselinux.so.1 (0x00007fd091844000)
	libcrypt.so.1 => /usr/lib64/libcrypt.so.1 (0x00007fd09160c000)
	libpcre.so.1 => /usr/lib64/libpcre.so.1 (0x00007fd0913aa000)
	libfreebl3.so => /usr/lib64/libfreebl3.so (0x00007fd0911a7000)
#################################################################################################

Cannot find license.dat file in the TeraChem installation directory /global/software/TeraChem/2021.02-intel-2017.8.262-CUDA-9.0.176


TRYING THE NETWORK LICENSE...
Connecting to license server '54.208.252.40' port '8877'...
Connected!
Checking your license...

**************************************************************
  Greetings, Martinez Group! You have 1000 licenses in total
  IN USE: 19
  AVAILABLE: 981
**************************************************************

Jobname: 16
Scratch directory: ./scr.16
Random number seed: 1802039952

XYZ coordinates 16.pdb
Molden File Output: ./scr.16/16.molden
Using basis set: 6-31gss
dmrgstart not found
Spin multiplicity: 1
DIIS will use up to 10 vectors.
Condition number limit for the DIIS overlap matrix is            0
WF convergence threshold: 3.00e-05
Using DIIS algorithm to converge WF
Maximum number of SCF iterations: 100
Incremental fock with rebuild every 8 iterations
Will switch to conventional Fock if diffuse functions are detected
X-matrix tolerance: 1.00e-04
PRECISION: DYNAMIC
DFT Functional requested: b3lyp
Method: B3LYP  with dispersion correction
  Hartree-Fock exact exchange:          0.20 
  Slater exchange functional:           0.80 
  Becke 1988 exchange functional:       0.72 
  Lee-Yang-Parr correlation functional: 0.81 
  VWN(I) correlation functional:        0.19 
Wavefunction: RESTRICTED

 DFT-D code reimplemented following the
 code by S.Grimme, University Bonn 
 based on DFTD3 V3.2 Rev 0         
 
Please cite DFT-D3 work done with this code as:
S. Grimme, J. Antony, S. Ehrlich and H. Krieg,
J. Chem. Phys. 132 (2010), 154104
If used with BJ-damping cite also
S. Grimme, S. Ehrlich and L. Goerigk,
J. Comput. Chem. 32 (2011), 1456-1465
For DFT-D2 the reference is
S. Grimme, J. Comput. Chem., 27 (2006), 1787-1799
DFT grid type: 1
Using dynamic DFT grids.
Initial guess generated by maximum overlap

********************************************
**** SINGLE POINT GRADIENT CALCULATIONS ****
********************************************
SCF:   Initial guess is taken from previous step

using 2 out of 2 CUDA devices
   Device 0:  GeForce GTX 1080 Ti, 11178MB, CC 6.1 -- CPU THREAD 0
   Device 1:  GeForce GTX 1080 Ti, 11178MB, CC 6.1 -- CPU THREAD 1
-------------------------------------------------------------------
Compiled with MAGMA support.  MAGMA parameters:
    Matrices larger than 5000 square will be treated with MAGMA
       (Change by setting the MagmaMinN environment variable)
    Magma will use 1 out of 2 GPUs
       (Change by setting the MagmaNGPUs environment variable)
-------------------------------------------------------------------
 CPU Memory Available: 96717.88 MegaWords 
 GPU Memory Available: 1141.31 MegaWords 
 Maximum recommended basis set size: 12200 basis functions
 (limited by GPU memory)
-------------------------------------------------------------------
Using d-functions. Configuring GPUs accordingly.
0: CUBLAS initialized, available GPU memory: 8271MB
1: CUBLAS initialized, available GPU memory: 8271MB


Basis set:       6-31gss
Total atoms:     84
Total charge:    0
Total electrons: 316 (158-alpha, 158-beta)
Number electrons modeled by ECPs: 0
Total orbitals:  840
Total AO shells: 378 (210 S-shells; 126 P-shells; 42 D-shells; 0 F-shells; 0 G-shells)
Spin multiplicity: 1
Nuclear repulsion energy (QM atoms): 5335.575723135353 a.u.

DFTD Energy:    -0.1820721 hartree
Setting up the DFT grid...
time to set the grid = 0.04 s
DFT grid points: 79054 (941 points/atom)
Setting up the DFT grid...
time to set the grid = 0.12 s
DFT grid points: 221238 (2633 points/atom)

                      *** Start SCF Iterations ***

 Iter     DIIS Error       Energy change      Electrons        XC Energy           Energy        Time(s)
----------------------------------------------------------------------------------------------------------
Purifying guess...Density matrix is not well-conditioned, rescale and purify
Purification run on GPU (mixed precision)  using TC2 purification.
Density matrix purification finished after a total of 24 matrix multiplies
THRESPDP set to 1.00e+00
                >>> SWITCHING TO GRID 1 <<<
   1     0.1997212250   -2017.6040929734   315.9923646100  -216.7199606170   -2017.6040929734     1.14  
                >>> SWITCHING TO GRID 0 <<<
   2     0.2803179584      +5.8351260708   315.9881150875  -231.3101986187   -2011.7689669026     1.09  
   3     0.2586096300      -6.3138646847   315.9882098494  -227.2604696254   -2018.0828315873     1.06  
   4     0.2151460817      -7.6670218152   315.9830650339  -225.8771250438   -2025.7498534025     1.10  
   5     0.1289434843      -2.6268774606   315.9833480674  -224.9147778625   -2028.3767308631     1.08  
   6     0.0612724878      -1.4587299874   315.9852921560  -225.3346370557   -2029.8354608506     1.03  
   7     0.0362166055      -0.1807352026   315.9844397347  -225.3975884554   -2030.0161960531     1.00  
   8     0.0149657039      -0.1612399097   315.9845384573  -225.2184833246   -2030.1774359628     0.97  
THRESPDP set to 2.63e-02
   9     0.0094080283      -0.0415143493   315.9844777523  -225.2188169251   -2030.2189503121     1.17  
  10     0.0036514310      -0.0028004105   315.9844756757  -225.2219744964   -2030.2217507226     0.91  
                >>> SWITCHING TO GRID 1 <<<
  11     0.0010625579      -0.0035746828   315.9995563263  -225.2336300125   -2030.2253254054     1.12  
  12     0.0003083387      -0.0001126848   315.9995591248  -225.2315117411   -2030.2254380902     1.10  
THRESPDP set to 7.07e-04
  13     0.0003114950      -0.0000114436   315.9995635468  -225.2282298986   -2030.2254495338     1.69  
  14     0.0001707931      -0.0000049717   315.9995645156  -225.2289213601   -2030.2254545055     1.30  
  15     0.0000431005      -0.0000031358   315.9995653465  -225.2285858845   -2030.2254576414     1.68  
  16     0.0000282777      -0.0000002469   315.9995653420  -225.2282778745   -2030.2254578882     1.67  
----------------------------------------------------------------------------------------------------------
FINAL ENERGY: -2030.2254578882 a.u.
DISPERSION CONTRIBUTION TO ENERGY: -0.1820721166 a.u.
HOMO-LUMO GAP: 2.187 eV
CENTER OF MASS: {6.705910, 3.737509, 9.968440} ANGS
DIPOLE MOMENT: {2.115397, 0.527354, -9.929828} (|D| = 10.166341) DEBYE

Running Mulliken population analysis...

Writing out molden info

Gradient units are Hartree/Bohr
---------------------------------------------------
        dE/dX            dE/dY            dE/dZ
   -0.0020646273     0.0061467006    -0.0006854490
   -0.0341565577     0.0325910447     0.0438483433
    0.0095305100     0.0059677261     0.0141438315
   -0.0350758033     0.0306315228     0.0215559803
    0.0179788817    -0.0158363313     0.0025030583
   -0.0024936710     0.0044958561     0.0101588209
    0.0002144766     0.0033442115     0.0016394511
    0.0033494034     0.0175248404     0.0001852551
    0.0185893364    -0.0067290225    -0.0330838293
   -0.0094401060    -0.0066687508     0.0188198168
    0.0034542917     0.0013336273    -0.0100732586
   -0.0127639556    -0.0089242598     0.0212247356
   -0.0081064956    -0.0006493784    -0.0113960995
   -0.0114427625     0.0067318600    -0.0090102066
    0.0516660168    -0.0295659851    -0.0093667888
    0.0036118817     0.0400341649    -0.0265527988
    0.0072046543    -0.0085347744     0.0003538259
    0.0194370939    -0.0416816686     0.0215406385
   -0.0085372259     0.0027640764     0.0103865549
   -0.0308111925     0.0423982925     0.0183683854
    0.0136470499    -0.0071988451    -0.0311757010
   -0.0283842357    -0.0064405572    -0.0036587214
    0.0136955831    -0.0165374396     0.0138359248
   -0.0183178625     0.0173363836    -0.0151466500
    0.0095204066     0.0713635863     0.0087807339
    0.0089438517    -0.0271788409     0.0064288307
   -0.0020670034     0.0024031318     0.0064067020
    0.0045787414    -0.0177463897    -0.0017381849
    0.0106472256    -0.0116939569    -0.0117236307
   -0.0318210859    -0.0074819211     0.0014348422
   -0.0076450020    -0.0002144445    -0.0060029804
    0.0364872458     0.0071770399     0.0222259973
    0.0062855224     0.0152226434    -0.0042951132
    0.0051784569    -0.0083285800    -0.0010935283
   -0.0162329551    -0.0042000850    -0.0178808199
    0.0042827108    -0.0102687351     0.0077051572
    0.0199414373    -0.0228114752    -0.0330153144
    0.0364475465    -0.0334498446    -0.0189901554
   -0.0291248056     0.0033046154     0.0060631186
    0.0230185756    -0.0165845962    -0.0273142336
    0.0874739586     0.0491965006     0.0555579760
   -0.0434268345    -0.0168725573    -0.0282285292
   -0.0033339410     0.0019846756     0.0083431225
    0.0393576412     0.0233861305     0.0333141652
    0.0036735639     0.0272475086    -0.0234885633
    0.0048499479     0.0135514683     0.0324603545
    0.0075722961     0.0184200958    -0.0175489116
   -0.0076592131    -0.0040219086    -0.0118772277
   -0.0085216208    -0.0041739454     0.0018136322
    0.0050308703     0.0031481750    -0.0017793950
   -0.0109588220    -0.0508259518    -0.0160859530
    0.0058536254     0.0126771378     0.0024107869
    0.0170163385    -0.0024968989     0.0409453763
   -0.0088813213     0.0315955929    -0.0024641247
    0.0268722214    -0.0155881694     0.0023844237
   -0.0113069688    -0.0163143374    -0.0035200077
   -0.0690484014     0.0143359178     0.0250842371
    0.0160476715    -0.0117268823    -0.0539085822
   -0.0194480808     0.0081451173     0.0122129423
    0.0206431714    -0.0801851002     0.0105444320
    0.0011892727     0.0081555233    -0.0054126302
    0.0060786485     0.0355002863     0.0097263537
   -0.0304239162    -0.0261480814    -0.0096868984
   -0.0139915402     0.0424376673     0.0171309910
    0.0041224922     0.0070934723     0.0020835008
    0.0047663181    -0.0151499854     0.0158222462
   -0.0160332281    -0.0286828275     0.0275788136
   -0.0012452687     0.0147645818    -0.0176053219
    0.0017572546    -0.0024115487    -0.0079777449
    0.0082982757     0.0146954047    -0.0356056447
   -0.0020713587     0.0200678992    -0.0333138669
   -0.0168379748     0.0081010421     0.0082711800
    0.0045561572    -0.0183958904     0.0021720806
   -0.0212778316    -0.0003716279     0.0092216315
    0.0224107975    -0.0176992624     0.0014068616
   -0.0077306839    -0.0130090160    -0.0184288588
   -0.0107522177     0.0105337677     0.0137690705
   -0.0049744804     0.0191714444     0.0219896731
   -0.0084096330    -0.0255796552    -0.0060059532
   -0.0121993030    -0.0068625629    -0.0145169380
    0.0192544544    -0.0140926178    -0.0216549381
   -0.0234188143    -0.0217453099     0.0019918254
   -0.0008475767    -0.0178528130     0.0210645255
    0.0067484999     0.0239520970    -0.0335966533
---------------------------------------------------
Net gradient: -1.059704e-09 -1.483032e-09 -1.779916e-10
Net torque:   -2.880542e-03 -4.446294e-03 -6.311734e-03

Total processing time: 23.69 sec 

 Job finished: Mon Nov 29 22:10:58 2021

