Startfile from command line: tc_18.in


       ***********************************************************
       *                    TeraChem v1.9-2021.04-dev            *
       *                 Hg Version: 495ec1677c88+               *
       *                   Development Version                   *
       *           Chemistry at the Speed of Graphics!           *
       ***********************************************************
       * This program may only be used in connection with        *
       * a valid license from PetaChem, LLC. Use of this program *
       * or results thereof indicates acceptance of all terms    *
       * and conditions stated in the license and that a valid   *
       * license agreement between the user and PetaChem, LLC    *
       * exists. PetaChem, LLC does not warrant the correctness  *
       * of results or their suitability for any purpose.        *
       * Please email bugs, suggestions, and comments to         *
       *                  help@petachem.com                      *
       *                                                         *
       ***********************************************************


       ***********************************************************
       *  Compiled by henryw7      Fri Apr  9 18:30:10 PDT 2021  *
       *  Supported architectures: sm_30 sm_35 sm_52 sm_61 sm_70 *
       *  Cuda compilation tools, release 9.0, V9.0.176          *
       ***********************************************************


 Job started   Mon Nov 29 22:11:01 2021
 On fire-14-03 (available memory: 198510 MB)

######################################### RUNTIME INFO ##########################################
terachem tc_18.in 

NVRM version: NVIDIA UNIX x86_64 Kernel Module  460.32.03  Sun Dec 27 19:00:34 UTC 2020
GCC version:  gcc version 4.8.5 20150623 (Red Hat 4.8.5-28) (GCC) 

	linux-vdso.so.1 =>  (0x00007ffd60786000)
	libcurl.so.4 => /usr/lib64/libcurl.so.4 (0x00007efe15212000)
	libmpi.so.12 => /global/software/intel/2017.8.262/compilers_and_libraries_2017.8.262/linux/mpi/intel64/lib/libmpi.so.12 (0x00007efe144dc000)
	libdftbplus.so => /global/software/TeraChem/2021.02-intel-2017.8.262-CUDA-9.0.176/lib/libdftbplus.so (0x00007efe13ff5000)
	libfsockets.so => /global/software/TeraChem/2021.02-intel-2017.8.262-CUDA-9.0.176/lib/libfsockets.so (0x00007efe13df1000)
	libxmlf90.so => /global/software/TeraChem/2021.02-intel-2017.8.262-CUDA-9.0.176/lib/libxmlf90.so (0x00007efe13bce000)
	libthcbox.so.1 => /global/software/TeraChem/2021.02-intel-2017.8.262-CUDA-9.0.176/lib/libthcbox.so.1 (0x00007efe11f22000)
	libOpenMM.so => /global/software/OpenMM/7.4.1-intel-2017.0.098-CUDA-9.0.176/lib/libOpenMM.so (0x00007efe118c0000)
	libgpubox.so.1 => /global/software/TeraChem/2021.02-intel-2017.8.262-CUDA-9.0.176/lib/libgpubox.so.1 (0x00007efe116ad000)
	libtensorbox.so.1 => /global/software/TeraChem/2021.02-intel-2017.8.262-CUDA-9.0.176/lib/libtensorbox.so.1 (0x00007efe11492000)
	libmoleculebox.so.1 => /global/software/TeraChem/2021.02-intel-2017.8.262-CUDA-9.0.176/lib/libmoleculebox.so.1 (0x00007efe11280000)
	libintbox.so.1 => /global/software/TeraChem/2021.02-intel-2017.8.262-CUDA-9.0.176/lib/libintbox.so.1 (0x00007efdecba6000)
	libsqmbox.so.1 => /global/software/TeraChem/2021.02-intel-2017.8.262-CUDA-9.0.176/lib/libsqmbox.so.1 (0x00007efdec66d000)
	libgridbox.so.1 => /global/software/TeraChem/2021.02-intel-2017.8.262-CUDA-9.0.176/lib/libgridbox.so.1 (0x00007efdec110000)
	libdftbox.so.1 => /global/software/TeraChem/2021.02-intel-2017.8.262-CUDA-9.0.176/lib/libdftbox.so.1 (0x00007efdebe2e000)
	libcibox.so.1 => /global/software/TeraChem/2021.02-intel-2017.8.262-CUDA-9.0.176/lib/libcibox.so.1 (0x00007efdeb717000)
	libccbox.so.1 => /global/software/TeraChem/2021.02-intel-2017.8.262-CUDA-9.0.176/lib/libccbox.so.1 (0x00007efdeb2ba000)
	libsimbox.so.1 => /global/software/TeraChem/2021.02-intel-2017.8.262-CUDA-9.0.176/lib/libsimbox.so.1 (0x00007efdeb09f000)
	liboptbox.so.1 => /global/software/TeraChem/2021.02-intel-2017.8.262-CUDA-9.0.176/lib/liboptbox.so.1 (0x00007efdeae63000)
	libsandboxbox.so.1 => /global/software/TeraChem/2021.02-intel-2017.8.262-CUDA-9.0.176/lib/libsandboxbox.so.1 (0x00007efdeac52000)
	libprotobuf.so.25 => /global/software/protobuf/3.14.0/lib/libprotobuf.so.25 (0x00007efdea79f000)
	libcommbox.so.1 => /global/software/TeraChem/2021.02-intel-2017.8.262-CUDA-9.0.176/lib/libcommbox.so.1 (0x00007efdea548000)
	libcuda.so.1 => /usr/lib64/libcuda.so.1 (0x00007efde8e5f000)
	libcudart.so.9.0 => /global/software/TeraChem/2021.02-intel-2017.8.262-CUDA-9.0.176/lib/libcudart.so.9.0 (0x00007efde8bf2000)
	libcublas.so.9.0 => /global/software/TeraChem/2021.02-intel-2017.8.262-CUDA-9.0.176/lib/libcublas.so.9.0 (0x00007efde57bc000)
	libcufft.so.9.0 => /global/software/TeraChem/2021.02-intel-2017.8.262-CUDA-9.0.176/lib/libcufft.so.9.0 (0x00007efddd71a000)
	libcusparse.so.9.0 => /global/software/TeraChem/2021.02-intel-2017.8.262-CUDA-9.0.176/lib/libcusparse.so.9.0 (0x00007efdd9fb4000)
	libcrypto.so.10 => /usr/lib64/libcrypto.so.10 (0x00007efdd9b53000)
	libssl.so.10 => /usr/lib64/libssl.so.10 (0x00007efdd98e0000)
	libstdc++.so.6 => /data/global/software/GCC/4.8.1/lib64/libstdc++.so.6 (0x00007efdd95de000)
	libm.so.6 => /usr/lib64/libm.so.6 (0x00007efdd92dc000)
	libcilkrts.so.5 => /global/software/TeraChem/2021.02-intel-2017.8.262-CUDA-9.0.176/lib/libcilkrts.so.5 (0x00007efdd90a0000)
	libgcc_s.so.1 => /data/global/software/GCC/4.8.1/lib64/libgcc_s.so.1 (0x00007efdd8e8a000)
	libpthread.so.0 => /usr/lib64/libpthread.so.0 (0x00007efdd8c6e000)
	libc.so.6 => /usr/lib64/libc.so.6 (0x00007efdd88a0000)
	/lib64/ld-linux-x86-64.so.2 (0x00007efe15490000)
	libdl.so.2 => /usr/lib64/libdl.so.2 (0x00007efdd869c000)
	libidn.so.11 => /usr/lib64/libidn.so.11 (0x00007efdd8469000)
	libssh2.so.1 => /usr/lib64/libssh2.so.1 (0x00007efdd823e000)
	libssl3.so => /usr/lib64/libssl3.so (0x00007efdd7fec000)
	libsmime3.so => /usr/lib64/libsmime3.so (0x00007efdd7dc5000)
	libnss3.so => /usr/lib64/libnss3.so (0x00007efdd7a97000)
	libnssutil3.so => /usr/lib64/libnssutil3.so (0x00007efdd7868000)
	libplds4.so => /usr/lib64/libplds4.so (0x00007efdd7664000)
	libplc4.so => /usr/lib64/libplc4.so (0x00007efdd745e000)
	libnspr4.so => /usr/lib64/libnspr4.so (0x00007efdd7220000)
	libgssapi_krb5.so.2 => /usr/lib64/libgssapi_krb5.so.2 (0x00007efdd6fd3000)
	libkrb5.so.3 => /usr/lib64/libkrb5.so.3 (0x00007efdd6cea000)
	libk5crypto.so.3 => /usr/lib64/libk5crypto.so.3 (0x00007efdd6ab7000)
	libcom_err.so.2 => /usr/lib64/libcom_err.so.2 (0x00007efdd68b3000)
	liblber-2.4.so.2 => /usr/lib64/liblber-2.4.so.2 (0x00007efdd66a3000)
	libldap-2.4.so.2 => /usr/lib64/libldap-2.4.so.2 (0x00007efdd644e000)
	libz.so.1 => /usr/lib64/libz.so.1 (0x00007efdd6238000)
	librt.so.1 => /usr/lib64/librt.so.1 (0x00007efdd602f000)
	libifport.so.5 => /global/software/intel/2017.8.262/compilers_and_libraries_2017.8.262/linux/compiler/lib/intel64/libifport.so.5 (0x00007efdd5e00000)
	libifcoremt.so.5 => /global/software/intel/2017.8.262/compilers_and_libraries_2017.8.262/linux/compiler/lib/intel64/libifcoremt.so.5 (0x00007efdd5a6f000)
	libimf.so => /global/software/intel/2017.8.262/compilers_and_libraries_2017.8.262/linux/compiler/lib/intel64/libimf.so (0x00007efdd5582000)
	libsvml.so => /global/software/intel/2017.8.262/compilers_and_libraries_2017.8.262/linux/compiler/lib/intel64/libsvml.so (0x00007efdd4664000)
	libiomp5.so => /global/software/intel/2017.8.262/compilers_and_libraries_2017.8.262/linux/compiler/lib/intel64/libiomp5.so (0x00007efdd42bf000)
	libintlc.so.5 => /global/software/intel/2017.8.262/compilers_and_libraries_2017.8.262/linux/compiler/lib/intel64/libintlc.so.5 (0x00007efdd4053000)
	libirng.so => /global/software/intel/2017.8.262/compilers_and_libraries_2017.8.262/linux/compiler/lib/intel64/libirng.so (0x00007efdd3cdf000)
	libkrb5support.so.0 => /usr/lib64/libkrb5support.so.0 (0x00007efdd3ad0000)
	libkeyutils.so.1 => /usr/lib64/libkeyutils.so.1 (0x00007efdd38cb000)
	libresolv.so.2 => /usr/lib64/libresolv.so.2 (0x00007efdd36b2000)
	libsasl2.so.3 => /usr/lib64/libsasl2.so.3 (0x00007efdd3494000)
	libselinux.so.1 => /usr/lib64/libselinux.so.1 (0x00007efdd326d000)
	libcrypt.so.1 => /usr/lib64/libcrypt.so.1 (0x00007efdd3035000)
	libpcre.so.1 => /usr/lib64/libpcre.so.1 (0x00007efdd2dd3000)
	libfreebl3.so => /usr/lib64/libfreebl3.so (0x00007efdd2bd0000)
#################################################################################################

Cannot find license.dat file in the TeraChem installation directory /global/software/TeraChem/2021.02-intel-2017.8.262-CUDA-9.0.176


TRYING THE NETWORK LICENSE...
Connecting to license server '54.208.252.40' port '8877'...
Connected!
Checking your license...

**************************************************************
  Greetings, Martinez Group! You have 1000 licenses in total
  IN USE: 19
  AVAILABLE: 981
**************************************************************

Jobname: 18
Scratch directory: ./scr.18
Random number seed: 745239398

XYZ coordinates 18.pdb
Molden File Output: ./scr.18/18.molden
Using basis set: 6-31gss
dmrgstart not found
Spin multiplicity: 1
DIIS will use up to 10 vectors.
Condition number limit for the DIIS overlap matrix is            0
WF convergence threshold: 3.00e-05
Using DIIS algorithm to converge WF
Maximum number of SCF iterations: 100
Incremental fock with rebuild every 8 iterations
Will switch to conventional Fock if diffuse functions are detected
X-matrix tolerance: 1.00e-04
PRECISION: DYNAMIC
DFT Functional requested: b3lyp
Method: B3LYP  with dispersion correction
  Hartree-Fock exact exchange:          0.20 
  Slater exchange functional:           0.80 
  Becke 1988 exchange functional:       0.72 
  Lee-Yang-Parr correlation functional: 0.81 
  VWN(I) correlation functional:        0.19 
Wavefunction: RESTRICTED

 DFT-D code reimplemented following the
 code by S.Grimme, University Bonn 
 based on DFTD3 V3.2 Rev 0         
 
Please cite DFT-D3 work done with this code as:
S. Grimme, J. Antony, S. Ehrlich and H. Krieg,
J. Chem. Phys. 132 (2010), 154104
If used with BJ-damping cite also
S. Grimme, S. Ehrlich and L. Goerigk,
J. Comput. Chem. 32 (2011), 1456-1465
For DFT-D2 the reference is
S. Grimme, J. Comput. Chem., 27 (2006), 1787-1799
DFT grid type: 1
Using dynamic DFT grids.
Initial guess generated by maximum overlap

********************************************
**** SINGLE POINT GRADIENT CALCULATIONS ****
********************************************
SCF:   Initial guess is taken from previous step

using 2 out of 2 CUDA devices
   Device 0:  GeForce GTX 1080 Ti, 11178MB, CC 6.1 -- CPU THREAD 0
   Device 1:  GeForce GTX 1080 Ti, 11178MB, CC 6.1 -- CPU THREAD 1
-------------------------------------------------------------------
Compiled with MAGMA support.  MAGMA parameters:
    Matrices larger than 5000 square will be treated with MAGMA
       (Change by setting the MagmaMinN environment variable)
    Magma will use 1 out of 2 GPUs
       (Change by setting the MagmaNGPUs environment variable)
-------------------------------------------------------------------
 CPU Memory Available: 96717.88 MegaWords 
 GPU Memory Available: 1141.31 MegaWords 
 Maximum recommended basis set size: 12200 basis functions
 (limited by GPU memory)
-------------------------------------------------------------------
Using d-functions. Configuring GPUs accordingly.
0: CUBLAS initialized, available GPU memory: 8271MB
1: CUBLAS initialized, available GPU memory: 8271MB


Basis set:       6-31gss
Total atoms:     84
Total charge:    0
Total electrons: 316 (158-alpha, 158-beta)
Number electrons modeled by ECPs: 0
Total orbitals:  840
Total AO shells: 378 (210 S-shells; 126 P-shells; 42 D-shells; 0 F-shells; 0 G-shells)
Spin multiplicity: 1
Nuclear repulsion energy (QM atoms): 5411.991045238365 a.u.

DFTD Energy:    -0.1867310 hartree
Setting up the DFT grid...
time to set the grid = 0.05 s
DFT grid points: 78903 (939 points/atom)
Setting up the DFT grid...
time to set the grid = 0.12 s
DFT grid points: 220652 (2626 points/atom)

                      *** Start SCF Iterations ***

 Iter     DIIS Error       Energy change      Electrons        XC Energy           Energy        Time(s)
----------------------------------------------------------------------------------------------------------
Purifying guess...Density matrix is not well-conditioned, rescale and purify
Purification run on GPU (mixed precision)  using TC2 purification.
Density matrix purification finished after a total of 24 matrix multiplies
THRESPDP set to 1.00e+00
                >>> SWITCHING TO GRID 1 <<<
   1     0.2152708321   -2017.5417896328   315.9690682988  -216.7732185457   -2017.5417896328     1.35  
                >>> SWITCHING TO GRID 0 <<<
   2     0.2682074301      +0.4000169630   315.9897148433  -231.2889064925   -2017.1417726698     1.23  
   3     0.1680630836      -9.2473822864   315.9906951225  -226.8240958627   -2026.3891549562     1.26  
   4     0.0416266212      -3.5157583797   315.9886879136  -225.0776178221   -2029.9049133359     1.05  
   5     0.0421204792      +0.0093806486   315.9886811081  -225.0059146386   -2029.8955326873     1.07  
   6     0.0145751971      -0.3230998299   315.9888284939  -225.3786713664   -2030.2186325171     1.00  
   7     0.0061715938      -0.0342770387   315.9889984361  -225.3667638808   -2030.2529095558     0.95  
   8     0.0019900384      -0.0069020953   315.9888947376  -225.2997929022   -2030.2598116511     0.93  
THRESPDP set to 7.07e-04
                >>> SWITCHING TO GRID 1 <<<
   9     0.0007642088      -0.0029145202   316.0005717571  -225.3103791073   -2030.2627261713     1.71  
  10     0.0003170086      -0.0001506684   316.0005703817  -225.3150500342   -2030.2628768397     1.61  
  11     0.0001732613      -0.0000122815   316.0005702828  -225.3146803557   -2030.2628891211     1.31  
  12     0.0001255441      -0.0000056134   316.0005697538  -225.3143107311   -2030.2628947346     1.34  
  13     0.0000341515      -0.0000026145   316.0005697336  -225.3144501455   -2030.2628973491     1.71  
  14     0.0000093643      -0.0000002206   316.0005698012  -225.3145442655   -2030.2628975697     1.73  
----------------------------------------------------------------------------------------------------------
FINAL ENERGY: -2030.2628975697 a.u.
DISPERSION CONTRIBUTION TO ENERGY: -0.1867310250 a.u.
HOMO-LUMO GAP: 2.576 eV
CENTER OF MASS: {6.912773, 3.231020, 10.235508} ANGS
DIPOLE MOMENT: {4.419912, 0.147741, -6.510219} (|D| = 7.870222) DEBYE

Running Mulliken population analysis...

Writing out molden info

Gradient units are Hartree/Bohr
---------------------------------------------------
        dE/dX            dE/dY            dE/dZ
    0.0175207675     0.0171939139    -0.0002294574
   -0.0245766650     0.0506079536    -0.0170597840
    0.0233563371    -0.0304421669     0.0080775509
    0.0295257677     0.0415720304    -0.0142390540
   -0.0188364705    -0.0077400527     0.0471201022
    0.0004627598     0.0021790661    -0.0136195553
    0.0035469514     0.0063220416    -0.0050397822
    0.0004715052     0.0060368269    -0.0189575167
   -0.0362837271    -0.0288715582     0.0017170409
    0.0376958437     0.0170803536    -0.0141025186
    0.0007952405    -0.0016346347     0.0242659338
    0.0179973891     0.0117939496    -0.0103014863
   -0.0318791056    -0.0190525404     0.0286128240
   -0.0005142085     0.0243420486    -0.0099912478
    0.0243759807    -0.0122157282    -0.0113126128
   -0.0291346555     0.0080799230     0.0140016003
   -0.0060562280    -0.0087229637     0.0191333409
   -0.0177802783     0.0319833625     0.0035674978
    0.0266561860     0.0016221121    -0.0166689694
    0.0273912436    -0.0187750186    -0.0527328042
   -0.0084369959     0.0053197747     0.0287056199
    0.0179532084    -0.0137625236    -0.0003830000
   -0.0258497450     0.0145139529     0.0088329413
    0.0080468793     0.0008069562     0.0054885669
   -0.0121174114     0.0272182194     0.0211761069
    0.0055991758    -0.0032398537     0.0043058314
    0.0013174150    -0.0010818161    -0.0245248962
   -0.0125745468    -0.0335245528     0.0066840281
   -0.0195173605    -0.0450828277     0.0293888418
    0.0179185252    -0.0144952794    -0.0101012091
    0.0022875158    -0.0007290330     0.0252329015
    0.0258963303     0.0269008214     0.0361746894
    0.0019398798    -0.0139998200     0.0273953144
   -0.0167297488    -0.0013337351     0.0123453681
    0.0074221075    -0.0023643482    -0.0846438053
   -0.0053999069     0.0477106686    -0.0402087826
    0.0151824251    -0.0220775151    -0.0190877979
   -0.0227136767    -0.0208071249     0.0232056294
   -0.0168781651    -0.0166362944    -0.0181142957
    0.0008046238    -0.0234428184     0.0133312111
    0.0292893412    -0.0088973118     0.0019706480
   -0.0001934005     0.0196422262     0.0065200146
   -0.0269523338     0.0328423954     0.0250868571
   -0.0093602703     0.0246089819    -0.0238927750
   -0.0159951166     0.0536368498     0.0031071103
    0.0284768158     0.0034024068     0.0098569373
   -0.0036305560     0.0051949478    -0.0081163830
    0.0042555416    -0.0129078989    -0.0052912481
    0.0182682115     0.0036521621    -0.0024465577
   -0.0048857126     0.0083145518     0.0055855107
    0.0040241195     0.0451548080    -0.0375538607
    0.0010191934    -0.0320897038    -0.0104314381
    0.0169500126    -0.0071806689     0.0048600574
   -0.0281852760    -0.0045470377     0.0292236898
   -0.0169847311    -0.0103023780    -0.0085208714
    0.0197115670    -0.0091719652     0.0098513987
    0.0078226020     0.0173273110     0.0154408840
    0.0006584742    -0.0200730754    -0.0128312358
    0.0147086121    -0.0008923620     0.0107378956
    0.0174232323    -0.0161424366     0.0107261495
   -0.0429839575    -0.0164704117    -0.0390684962
   -0.0004349949     0.0645604257     0.0301291295
   -0.0244194847    -0.0157634357    -0.0180798560
   -0.0446917989     0.0223665648     0.0214565902
    0.0116947731     0.0004804522    -0.0019211874
    0.0329375330    -0.0054444334     0.0084883146
    0.0213845469     0.0182635023     0.0023874806
    0.0280935773    -0.0314018765     0.0026058165
   -0.0332298955     0.0067069220    -0.0289908776
   -0.0242151529    -0.0030531611     0.0094007727
    0.0040815788     0.0395093596     0.0290811715
   -0.0225678833    -0.0222850600     0.0107241766
    0.0086691045    -0.0183734315    -0.0243792862
    0.0331433688    -0.0082749445    -0.0085164895
   -0.0010376775    -0.0016921967    -0.0018980876
   -0.0228614765     0.0116955481    -0.0037837093
    0.0064271277    -0.0188673595    -0.0075180560
   -0.0081710703    -0.0082678768    -0.0160441754
    0.0045147803     0.0000879310     0.0144768294
   -0.0063357978    -0.0136948983    -0.0040404633
    0.0126434328    -0.0086413519     0.0003393694
    0.0121128612    -0.0881825083     0.0125314739
   -0.0173199553     0.0125157119    -0.0056599907
    0.0072609699    -0.0085970441    -0.0130475987
---------------------------------------------------
Net gradient: -1.985493e-09 -2.883294e-10 -7.661331e-10
Net torque:   -4.684193e-03  1.915256e-03 -6.957100e-05

Total processing time: 23.10 sec 

 Job finished: Mon Nov 29 22:11:32 2021

