Startfile from command line: tc_1.in


       ***********************************************************
       *                    TeraChem v1.9-2021.04-dev            *
       *                 Hg Version: 495ec1677c88+               *
       *                   Development Version                   *
       *           Chemistry at the Speed of Graphics!           *
       ***********************************************************
       * This program may only be used in connection with        *
       * a valid license from PetaChem, LLC. Use of this program *
       * or results thereof indicates acceptance of all terms    *
       * and conditions stated in the license and that a valid   *
       * license agreement between the user and PetaChem, LLC    *
       * exists. PetaChem, LLC does not warrant the correctness  *
       * of results or their suitability for any purpose.        *
       * Please email bugs, suggestions, and comments to         *
       *                  help@petachem.com                      *
       *                                                         *
       ***********************************************************


       ***********************************************************
       *  Compiled by henryw7      Fri Apr  9 18:30:10 PDT 2021  *
       *  Supported architectures: sm_30 sm_35 sm_52 sm_61 sm_70 *
       *  Cuda compilation tools, release 9.0, V9.0.176          *
       ***********************************************************


 Job started   Mon Nov 29 22:08:44 2021
 On fire-13-00 (available memory: 205416 MB)

######################################### RUNTIME INFO ##########################################
terachem tc_1.in 

NVRM version: NVIDIA UNIX x86_64 Kernel Module  460.32.03  Sun Dec 27 19:00:34 UTC 2020
GCC version:  gcc version 4.8.5 20150623 (Red Hat 4.8.5-28) (GCC) 

	linux-vdso.so.1 =>  (0x00007fffdb117000)
	libcurl.so.4 => /usr/lib64/libcurl.so.4 (0x00007f8f7abc4000)
	libmpi.so.12 => /global/software/intel/2017.8.262/compilers_and_libraries_2017.8.262/linux/mpi/intel64/lib/libmpi.so.12 (0x00007f8f79e8e000)
	libdftbplus.so => /global/software/TeraChem/2021.02-intel-2017.8.262-CUDA-9.0.176/lib/libdftbplus.so (0x00007f8f799a7000)
	libfsockets.so => /global/software/TeraChem/2021.02-intel-2017.8.262-CUDA-9.0.176/lib/libfsockets.so (0x00007f8f797a3000)
	libxmlf90.so => /global/software/TeraChem/2021.02-intel-2017.8.262-CUDA-9.0.176/lib/libxmlf90.so (0x00007f8f79580000)
	libthcbox.so.1 => /global/software/TeraChem/2021.02-intel-2017.8.262-CUDA-9.0.176/lib/libthcbox.so.1 (0x00007f8f778d4000)
	libOpenMM.so => /global/software/OpenMM/7.4.1-intel-2017.0.098-CUDA-9.0.176/lib/libOpenMM.so (0x00007f8f77272000)
	libgpubox.so.1 => /global/software/TeraChem/2021.02-intel-2017.8.262-CUDA-9.0.176/lib/libgpubox.so.1 (0x00007f8f7705f000)
	libtensorbox.so.1 => /global/software/TeraChem/2021.02-intel-2017.8.262-CUDA-9.0.176/lib/libtensorbox.so.1 (0x00007f8f76e44000)
	libmoleculebox.so.1 => /global/software/TeraChem/2021.02-intel-2017.8.262-CUDA-9.0.176/lib/libmoleculebox.so.1 (0x00007f8f76c32000)
	libintbox.so.1 => /global/software/TeraChem/2021.02-intel-2017.8.262-CUDA-9.0.176/lib/libintbox.so.1 (0x00007f8f52558000)
	libsqmbox.so.1 => /global/software/TeraChem/2021.02-intel-2017.8.262-CUDA-9.0.176/lib/libsqmbox.so.1 (0x00007f8f5201f000)
	libgridbox.so.1 => /global/software/TeraChem/2021.02-intel-2017.8.262-CUDA-9.0.176/lib/libgridbox.so.1 (0x00007f8f51ac2000)
	libdftbox.so.1 => /global/software/TeraChem/2021.02-intel-2017.8.262-CUDA-9.0.176/lib/libdftbox.so.1 (0x00007f8f517e0000)
	libcibox.so.1 => /global/software/TeraChem/2021.02-intel-2017.8.262-CUDA-9.0.176/lib/libcibox.so.1 (0x00007f8f510c9000)
	libccbox.so.1 => /global/software/TeraChem/2021.02-intel-2017.8.262-CUDA-9.0.176/lib/libccbox.so.1 (0x00007f8f50c6c000)
	libsimbox.so.1 => /global/software/TeraChem/2021.02-intel-2017.8.262-CUDA-9.0.176/lib/libsimbox.so.1 (0x00007f8f50a51000)
	liboptbox.so.1 => /global/software/TeraChem/2021.02-intel-2017.8.262-CUDA-9.0.176/lib/liboptbox.so.1 (0x00007f8f50815000)
	libsandboxbox.so.1 => /global/software/TeraChem/2021.02-intel-2017.8.262-CUDA-9.0.176/lib/libsandboxbox.so.1 (0x00007f8f50604000)
	libprotobuf.so.25 => /global/software/protobuf/3.14.0/lib/libprotobuf.so.25 (0x00007f8f50151000)
	libcommbox.so.1 => /global/software/TeraChem/2021.02-intel-2017.8.262-CUDA-9.0.176/lib/libcommbox.so.1 (0x00007f8f4fefa000)
	libcuda.so.1 => /usr/lib64/libcuda.so.1 (0x00007f8f4e811000)
	libcudart.so.9.0 => /global/software/TeraChem/2021.02-intel-2017.8.262-CUDA-9.0.176/lib/libcudart.so.9.0 (0x00007f8f4e5a4000)
	libcublas.so.9.0 => /global/software/TeraChem/2021.02-intel-2017.8.262-CUDA-9.0.176/lib/libcublas.so.9.0 (0x00007f8f4b16e000)
	libcufft.so.9.0 => /global/software/TeraChem/2021.02-intel-2017.8.262-CUDA-9.0.176/lib/libcufft.so.9.0 (0x00007f8f430cc000)
	libcusparse.so.9.0 => /global/software/TeraChem/2021.02-intel-2017.8.262-CUDA-9.0.176/lib/libcusparse.so.9.0 (0x00007f8f3f966000)
	libcrypto.so.10 => /usr/lib64/libcrypto.so.10 (0x00007f8f3f505000)
	libssl.so.10 => /usr/lib64/libssl.so.10 (0x00007f8f3f292000)
	libstdc++.so.6 => /data/global/software/GCC/4.8.1/lib64/libstdc++.so.6 (0x00007f8f3ef90000)
	libm.so.6 => /usr/lib64/libm.so.6 (0x00007f8f3ec8e000)
	libcilkrts.so.5 => /global/software/TeraChem/2021.02-intel-2017.8.262-CUDA-9.0.176/lib/libcilkrts.so.5 (0x00007f8f3ea52000)
	libgcc_s.so.1 => /data/global/software/GCC/4.8.1/lib64/libgcc_s.so.1 (0x00007f8f3e83c000)
	libpthread.so.0 => /usr/lib64/libpthread.so.0 (0x00007f8f3e620000)
	libc.so.6 => /usr/lib64/libc.so.6 (0x00007f8f3e252000)
	/lib64/ld-linux-x86-64.so.2 (0x00007f8f7ae42000)
	libdl.so.2 => /usr/lib64/libdl.so.2 (0x00007f8f3e04e000)
	libidn.so.11 => /usr/lib64/libidn.so.11 (0x00007f8f3de1b000)
	libssh2.so.1 => /usr/lib64/libssh2.so.1 (0x00007f8f3dbf0000)
	libssl3.so => /usr/lib64/libssl3.so (0x00007f8f3d99e000)
	libsmime3.so => /usr/lib64/libsmime3.so (0x00007f8f3d777000)
	libnss3.so => /usr/lib64/libnss3.so (0x00007f8f3d449000)
	libnssutil3.so => /usr/lib64/libnssutil3.so (0x00007f8f3d21a000)
	libplds4.so => /usr/lib64/libplds4.so (0x00007f8f3d016000)
	libplc4.so => /usr/lib64/libplc4.so (0x00007f8f3ce10000)
	libnspr4.so => /usr/lib64/libnspr4.so (0x00007f8f3cbd2000)
	libgssapi_krb5.so.2 => /usr/lib64/libgssapi_krb5.so.2 (0x00007f8f3c985000)
	libkrb5.so.3 => /usr/lib64/libkrb5.so.3 (0x00007f8f3c69c000)
	libk5crypto.so.3 => /usr/lib64/libk5crypto.so.3 (0x00007f8f3c469000)
	libcom_err.so.2 => /usr/lib64/libcom_err.so.2 (0x00007f8f3c265000)
	liblber-2.4.so.2 => /usr/lib64/liblber-2.4.so.2 (0x00007f8f3c055000)
	libldap-2.4.so.2 => /usr/lib64/libldap-2.4.so.2 (0x00007f8f3be00000)
	libz.so.1 => /usr/lib64/libz.so.1 (0x00007f8f3bbea000)
	librt.so.1 => /usr/lib64/librt.so.1 (0x00007f8f3b9e1000)
	libifport.so.5 => /global/software/intel/2017.8.262/compilers_and_libraries_2017.8.262/linux/compiler/lib/intel64/libifport.so.5 (0x00007f8f3b7b2000)
	libifcoremt.so.5 => /global/software/intel/2017.8.262/compilers_and_libraries_2017.8.262/linux/compiler/lib/intel64/libifcoremt.so.5 (0x00007f8f3b421000)
	libimf.so => /global/software/intel/2017.8.262/compilers_and_libraries_2017.8.262/linux/compiler/lib/intel64/libimf.so (0x00007f8f3af34000)
	libsvml.so => /global/software/intel/2017.8.262/compilers_and_libraries_2017.8.262/linux/compiler/lib/intel64/libsvml.so (0x00007f8f3a016000)
	libiomp5.so => /global/software/intel/2017.8.262/compilers_and_libraries_2017.8.262/linux/compiler/lib/intel64/libiomp5.so (0x00007f8f39c71000)
	libintlc.so.5 => /global/software/intel/2017.8.262/compilers_and_libraries_2017.8.262/linux/compiler/lib/intel64/libintlc.so.5 (0x00007f8f39a05000)
	libirng.so => /global/software/intel/2017.8.262/compilers_and_libraries_2017.8.262/linux/compiler/lib/intel64/libirng.so (0x00007f8f39691000)
	libkrb5support.so.0 => /usr/lib64/libkrb5support.so.0 (0x00007f8f39482000)
	libkeyutils.so.1 => /usr/lib64/libkeyutils.so.1 (0x00007f8f3927d000)
	libresolv.so.2 => /usr/lib64/libresolv.so.2 (0x00007f8f39064000)
	libsasl2.so.3 => /usr/lib64/libsasl2.so.3 (0x00007f8f38e46000)
	libselinux.so.1 => /usr/lib64/libselinux.so.1 (0x00007f8f38c1f000)
	libcrypt.so.1 => /usr/lib64/libcrypt.so.1 (0x00007f8f389e7000)
	libpcre.so.1 => /usr/lib64/libpcre.so.1 (0x00007f8f38785000)
	libfreebl3.so => /usr/lib64/libfreebl3.so (0x00007f8f38582000)
#################################################################################################

Cannot find license.dat file in the TeraChem installation directory /global/software/TeraChem/2021.02-intel-2017.8.262-CUDA-9.0.176


TRYING THE NETWORK LICENSE...
Connecting to license server '54.208.252.40' port '8877'...
Connected!
Checking your license...

**************************************************************
  Greetings, Martinez Group! You have 1000 licenses in total
  IN USE: 16
  AVAILABLE: 984
**************************************************************

Jobname: 1
Scratch directory: ./scr.1
Random number seed: 1682857217

XYZ coordinates 1.pdb
Molden File Output: ./scr.1/1.molden
Using basis set: 6-31gss
dmrgstart not found
Spin multiplicity: 1
DIIS will use up to 10 vectors.
Condition number limit for the DIIS overlap matrix is            0
WF convergence threshold: 3.00e-05
Using DIIS algorithm to converge WF
Maximum number of SCF iterations: 100
Incremental fock with rebuild every 8 iterations
Will switch to conventional Fock if diffuse functions are detected
X-matrix tolerance: 1.00e-04
PRECISION: DYNAMIC
DFT Functional requested: b3lyp
Method: B3LYP  with dispersion correction
  Hartree-Fock exact exchange:          0.20 
  Slater exchange functional:           0.80 
  Becke 1988 exchange functional:       0.72 
  Lee-Yang-Parr correlation functional: 0.81 
  VWN(I) correlation functional:        0.19 
Wavefunction: RESTRICTED

 DFT-D code reimplemented following the
 code by S.Grimme, University Bonn 
 based on DFTD3 V3.2 Rev 0         
 
Please cite DFT-D3 work done with this code as:
S. Grimme, J. Antony, S. Ehrlich and H. Krieg,
J. Chem. Phys. 132 (2010), 154104
If used with BJ-damping cite also
S. Grimme, S. Ehrlich and L. Goerigk,
J. Comput. Chem. 32 (2011), 1456-1465
For DFT-D2 the reference is
S. Grimme, J. Comput. Chem., 27 (2006), 1787-1799
DFT grid type: 1
Using dynamic DFT grids.
Initial guess generated by maximum overlap

********************************************
**** SINGLE POINT GRADIENT CALCULATIONS ****
********************************************
SCF:   Initial guess is taken from previous step

using 2 out of 2 CUDA devices
   Device 0:  GeForce GTX 1080 Ti, 11178MB, CC 6.1 -- CPU THREAD 0
   Device 1:  GeForce GTX 1080 Ti, 11178MB, CC 6.1 -- CPU THREAD 1
-------------------------------------------------------------------
Compiled with MAGMA support.  MAGMA parameters:
    Matrices larger than 5000 square will be treated with MAGMA
       (Change by setting the MagmaMinN environment variable)
    Magma will use 1 out of 2 GPUs
       (Change by setting the MagmaNGPUs environment variable)
-------------------------------------------------------------------
 CPU Memory Available: 96717.88 MegaWords 
 GPU Memory Available: 1141.31 MegaWords 
 Maximum recommended basis set size: 12200 basis functions
 (limited by GPU memory)
-------------------------------------------------------------------
Using d-functions. Configuring GPUs accordingly.
0: CUBLAS initialized, available GPU memory: 8271MB
1: CUBLAS initialized, available GPU memory: 8271MB


Basis set:       6-31gss
Total atoms:     84
Total charge:    0
Total electrons: 316 (158-alpha, 158-beta)
Number electrons modeled by ECPs: 0
Total orbitals:  840
Total AO shells: 378 (210 S-shells; 126 P-shells; 42 D-shells; 0 F-shells; 0 G-shells)
Spin multiplicity: 1
Nuclear repulsion energy (QM atoms): 5326.838394450920 a.u.

DFTD Energy:    -0.1851928 hartree
Setting up the DFT grid...
time to set the grid = 0.05 s
DFT grid points: 78952 (939 points/atom)
Setting up the DFT grid...
time to set the grid = 0.11 s
DFT grid points: 220928 (2630 points/atom)

                      *** Start SCF Iterations ***

 Iter     DIIS Error       Energy change      Electrons        XC Energy           Energy        Time(s)
----------------------------------------------------------------------------------------------------------
Purifying guess...Density matrix is not well-conditioned, rescale and purify
Purification run on GPU (mixed precision)  using TC2 purification.
Density matrix purification finished after a total of 24 matrix multiplies
THRESPDP set to 1.00e+00
                >>> SWITCHING TO GRID 1 <<<
   1     0.2062619664   -2017.4162221626   315.9767715862  -216.8915231783   -2017.4162221626     1.30  
                >>> SWITCHING TO GRID 0 <<<
   2     0.2959893406     +15.4082193555   316.0007204467  -231.5763397763   -2002.0080028072     1.09  
   3     0.3499579316      +8.0282165399   316.0028409137  -228.7539636075   -1993.9797862673     1.33  
   4     0.1646098107     -31.5740885258   316.0040782366  -226.3439578672   -2025.5538747931     1.37  
   5     0.1093192052      -2.3773176271   316.0038824405  -225.0439648233   -2027.9311924202     1.35  
   6     0.0419478313      -1.8553561647   316.0042570743  -225.3286952307   -2029.7865485849     1.20  
   7     0.0473684098      -0.1338173624   316.0044320532  -225.3446828483   -2029.9203659473     1.18  
   8     0.0133401215      -0.2556322196   316.0041163061  -225.2382419303   -2030.1759981668     1.27  
THRESPDP set to 7.07e-04
   9     0.0049995161      -0.0345345111   316.0042406596  -225.2604783239   -2030.2105326779     1.71  
  10     0.0029419464      -0.0018354125   316.0042469222  -225.2653457712   -2030.2123680904     1.29  
                >>> SWITCHING TO GRID 1 <<<
  11     0.0007388134      -0.0013937233   315.9998264384  -225.2763779856   -2030.2137618136     1.60  
  12     0.0003369257      -0.0000776710   315.9998308356  -225.2730764309   -2030.2138394846     1.52  
  13     0.0002984738      -0.0000173969   315.9998324656  -225.2698545221   -2030.2138568815     1.55  
  14     0.0001259113      -0.0000090681   315.9998338472  -225.2723021103   -2030.2138659496     1.47  
  15     0.0000593249      -0.0000026150   315.9998341708  -225.2707559685   -2030.2138685646     1.44  
  16     0.0000204713      +0.0000002184   315.9998343331  -225.2706063852   -2030.2138683462     2.03  
----------------------------------------------------------------------------------------------------------
FINAL ENERGY: -2030.2138683462 a.u.
DISPERSION CONTRIBUTION TO ENERGY: -0.1851927541 a.u.
HOMO-LUMO GAP: 2.310 eV
CENTER OF MASS: {8.452569, 4.215372, 10.493482} ANGS
DIPOLE MOMENT: {3.822421, 9.361604, -3.131879} (|D| = 10.585802) DEBYE

Running Mulliken population analysis...

Writing out molden info

Gradient units are Hartree/Bohr
---------------------------------------------------
        dE/dX            dE/dY            dE/dZ
   -0.0146332317     0.0363647313     0.0656650879
   -0.0091801802    -0.0460531707     0.0148664118
    0.0297298729    -0.0009239387    -0.0142209359
    0.0356604616     0.0480673772     0.0032298906
   -0.0051631682    -0.0024203190    -0.0342671036
    0.0018039962    -0.0099127808     0.0217061493
   -0.0026924331    -0.0007810632     0.0014076312
   -0.0002779678     0.0204169065     0.0213702429
    0.0002026794    -0.0280678789    -0.0280799826
    0.0014218355    -0.0112748209    -0.0145116974
    0.0087521083    -0.0028474114    -0.0197694093
    0.0106153534     0.0014299347     0.0004475619
   -0.0677248186    -0.0474347139     0.0108477006
    0.0105290940    -0.0028467807    -0.0000293079
    0.0866534797     0.1433848420    -0.0293248123
    0.0046995074    -0.0541244109     0.0366924158
   -0.0324426048     0.0133483192    -0.0114198496
   -0.0019384884     0.0396402285    -0.0144443611
    0.0113190265    -0.0084761694    -0.0029048382
   -0.0342116235    -0.0468862173     0.0192814824
    0.0015835046     0.0093016699     0.0213311944
    0.0066938791     0.0218883162     0.0176445344
   -0.0032730678     0.0087269870    -0.0033416376
    0.0068242234    -0.0059453848     0.0078447325
   -0.0129896252    -0.0055175166    -0.0280998727
    0.0090580684    -0.0001812552     0.0190455815
    0.0215680762     0.0044734895    -0.0056680340
   -0.0259680112    -0.0131837919    -0.0089720488
    0.0080964248     0.0135938463     0.0415197175
   -0.0183937653    -0.0094383157    -0.0122786655
    0.0043323894    -0.0074248680    -0.0067291879
    0.0126025151    -0.0165653567     0.0691791815
    0.0021548691    -0.0060678306    -0.0411417299
   -0.0241866654    -0.0035530298    -0.0187681017
    0.0362328833     0.0099301564    -0.0241407054
   -0.0125371586     0.0266202970    -0.0142578606
   -0.0212589989     0.0286392284    -0.0161806980
   -0.0261985778    -0.0065641742    -0.0130758433
    0.0312614314     0.0058849743    -0.0101187181
    0.0105952432    -0.0310328502     0.0280344681
   -0.0403996444    -0.0282933483     0.0675515699
   -0.0059589056    -0.0194681922    -0.0346392456
    0.0251937213     0.0083080661     0.0341431361
   -0.0436253680    -0.0268214883     0.0087101149
    0.0115736972     0.0161245561    -0.0064176598
    0.0154917318    -0.0205869038    -0.0349763669
    0.0058536929    -0.1015761406    -0.0006682358
   -0.0014874746     0.0046616884    -0.0026220278
    0.0096600077     0.0348059066     0.0103290397
   -0.0029828431     0.0611436812    -0.0075561297
    0.0114325777     0.0270758694     0.0124570803
   -0.0063999068    -0.0037904921     0.0078401003
   -0.0010199646    -0.0202231432    -0.0093629057
   -0.0224987739     0.0010951920     0.0078128829
    0.0238932444    -0.0061055038     0.0087845646
   -0.0085191055     0.0033205544    -0.0496172562
   -0.0007276508     0.0193945535     0.0190890777
    0.0093447082    -0.0203080452     0.0319709414
    0.0257488872    -0.0032354380    -0.0354926386
   -0.0046230086     0.0050731255    -0.0014437722
   -0.0221204349    -0.0075989262    -0.0254798344
    0.0928454552     0.0163221049     0.0013546113
    0.0124143831     0.0060990869     0.0126390338
    0.0551961895     0.0074639906    -0.0222229282
   -0.0428850805     0.0099908820     0.0178121867
   -0.0095954092    -0.0422183364     0.0070948665
    0.0062173842     0.0316364930    -0.0499862492
   -0.0166271290    -0.0005221475     0.0121254965
   -0.0022036297    -0.0031283330    -0.0130635517
    0.0047681162     0.0072461993     0.0103686694
   -0.0207735657     0.0105253632    -0.0173635216
    0.0016838709     0.0207959793     0.0225925829
   -0.0014190489     0.0086482429    -0.0126295047
    0.0171117918     0.0075687454    -0.0005387900
    0.0049381429    -0.0091115810    -0.0006767410
    0.0188160441    -0.0206206095     0.0067528511
   -0.0180128619    -0.0079836487     0.0129685694
   -0.0926196023    -0.0517095518    -0.0129848425
    0.0021636900     0.0030212716     0.0050395952
   -0.0069390110     0.0076690054     0.0213846378
    0.0048928273    -0.0109942597    -0.0192710518
   -0.0176032552     0.0159840961    -0.0258419418
   -0.0099922383     0.0151460660     0.0100129655
    0.0004732128    -0.0090118854     0.0056520379
---------------------------------------------------
Net gradient:  3.275788e-10 -1.229106e-10 -3.821897e-10
Net torque:    2.093083e-03  1.088959e-03  3.579398e-03

Total processing time: 28.09 sec 

 Job finished: Mon Nov 29 22:09:17 2021

