Startfile from command line: tc_22.in


       ***********************************************************
       *                    TeraChem v1.9-2021.04-dev            *
       *                 Git Version: 495ec1677c88+               *
       *                   Development Version                   *
       *           Chemistry at the Speed of Graphics!           *
       ***********************************************************
       * This program may only be used in connection with        *
       * a valid license from PetaChem, LLC. Use of this program *
       * or results thereof indicates acceptance of all terms    *
       * and conditions stated in the license and that a valid   *
       * license agreement between the user and PetaChem, LLC    *
       * exists. PetaChem, LLC does not warrant the correctness  *
       * of results or their suitability for any purpose.        *
       * Please email bugs, suggestions, and comments to         *
       *                  help@petachem.com                      *
       *                                                         *
       ***********************************************************


       ***********************************************************
       *  Compiled by henryw7      Fri Apr  9 18:30:10 PDT 2021  *
       *  Supported architectures: sm_30 sm_35 sm_52 sm_61 sm_70 *
       *  Cuda compilation tools, release 9.0, V9.0.176          *
       ***********************************************************


 Job started   Mon Nov 29 22:11:34 2021
 On fire-14-03 (available memory: 198463 MB)

######################################### RUNTIME INFO ##########################################
terachem tc_22.in 

NVRM version: NVIDIA UNIX x86_64 Kernel Module  460.32.03  Sun Dec 27 19:00:34 UTC 2020
GCC version:  gcc version 4.8.5 20150623 (Red Hat 4.8.5-28) (GCC) 

	linux-vdso.so.1 =>  (0x00007ffeaaf84000)
	libcurl.so.4 => /usr/lib64/libcurl.so.4 (0x00007eff64dda000)
	libmpi.so.12 => /global/software/intel/2017.8.262/compilers_and_libraries_2017.8.262/linux/mpi/intel64/lib/libmpi.so.12 (0x00007eff640a4000)
	libdftbplus.so => /global/software/TeraChem/2021.02-intel-2017.8.262-CUDA-9.0.176/lib/libdftbplus.so (0x00007eff63bbd000)
	libfsockets.so => /global/software/TeraChem/2021.02-intel-2017.8.262-CUDA-9.0.176/lib/libfsockets.so (0x00007eff639b9000)
	libxmlf90.so => /global/software/TeraChem/2021.02-intel-2017.8.262-CUDA-9.0.176/lib/libxmlf90.so (0x00007eff63796000)
	libthcbox.so.1 => /global/software/TeraChem/2021.02-intel-2017.8.262-CUDA-9.0.176/lib/libthcbox.so.1 (0x00007eff61aea000)
	libOpenMM.so => /global/software/OpenMM/7.4.1-intel-2017.0.098-CUDA-9.0.176/lib/libOpenMM.so (0x00007eff61488000)
	libgpubox.so.1 => /global/software/TeraChem/2021.02-intel-2017.8.262-CUDA-9.0.176/lib/libgpubox.so.1 (0x00007eff61275000)
	libtensorbox.so.1 => /global/software/TeraChem/2021.02-intel-2017.8.262-CUDA-9.0.176/lib/libtensorbox.so.1 (0x00007eff6105a000)
	libmoleculebox.so.1 => /global/software/TeraChem/2021.02-intel-2017.8.262-CUDA-9.0.176/lib/libmoleculebox.so.1 (0x00007eff60e48000)
	libintbox.so.1 => /global/software/TeraChem/2021.02-intel-2017.8.262-CUDA-9.0.176/lib/libintbox.so.1 (0x00007eff3c76e000)
	libsqmbox.so.1 => /global/software/TeraChem/2021.02-intel-2017.8.262-CUDA-9.0.176/lib/libsqmbox.so.1 (0x00007eff3c235000)
	libgridbox.so.1 => /global/software/TeraChem/2021.02-intel-2017.8.262-CUDA-9.0.176/lib/libgridbox.so.1 (0x00007eff3bcd8000)
	libdftbox.so.1 => /global/software/TeraChem/2021.02-intel-2017.8.262-CUDA-9.0.176/lib/libdftbox.so.1 (0x00007eff3b9f6000)
	libcibox.so.1 => /global/software/TeraChem/2021.02-intel-2017.8.262-CUDA-9.0.176/lib/libcibox.so.1 (0x00007eff3b2df000)
	libccbox.so.1 => /global/software/TeraChem/2021.02-intel-2017.8.262-CUDA-9.0.176/lib/libccbox.so.1 (0x00007eff3ae82000)
	libsimbox.so.1 => /global/software/TeraChem/2021.02-intel-2017.8.262-CUDA-9.0.176/lib/libsimbox.so.1 (0x00007eff3ac67000)
	liboptbox.so.1 => /global/software/TeraChem/2021.02-intel-2017.8.262-CUDA-9.0.176/lib/liboptbox.so.1 (0x00007eff3aa2b000)
	libsandboxbox.so.1 => /global/software/TeraChem/2021.02-intel-2017.8.262-CUDA-9.0.176/lib/libsandboxbox.so.1 (0x00007eff3a81a000)
	libprotobuf.so.25 => /global/software/protobuf/3.14.0/lib/libprotobuf.so.25 (0x00007eff3a367000)
	libcommbox.so.1 => /global/software/TeraChem/2021.02-intel-2017.8.262-CUDA-9.0.176/lib/libcommbox.so.1 (0x00007eff3a110000)
	libcuda.so.1 => /usr/lib64/libcuda.so.1 (0x00007eff38a27000)
	libcudart.so.9.0 => /global/software/TeraChem/2021.02-intel-2017.8.262-CUDA-9.0.176/lib/libcudart.so.9.0 (0x00007eff387ba000)
	libcublas.so.9.0 => /global/software/TeraChem/2021.02-intel-2017.8.262-CUDA-9.0.176/lib/libcublas.so.9.0 (0x00007eff35384000)
	libcufft.so.9.0 => /global/software/TeraChem/2021.02-intel-2017.8.262-CUDA-9.0.176/lib/libcufft.so.9.0 (0x00007eff2d2e2000)
	libcusparse.so.9.0 => /global/software/TeraChem/2021.02-intel-2017.8.262-CUDA-9.0.176/lib/libcusparse.so.9.0 (0x00007eff29b7c000)
	libcrypto.so.10 => /usr/lib64/libcrypto.so.10 (0x00007eff2971b000)
	libssl.so.10 => /usr/lib64/libssl.so.10 (0x00007eff294a8000)
	libstdc++.so.6 => /data/global/software/GCC/4.8.1/lib64/libstdc++.so.6 (0x00007eff291a6000)
	libm.so.6 => /usr/lib64/libm.so.6 (0x00007eff28ea4000)
	libcilkrts.so.5 => /global/software/TeraChem/2021.02-intel-2017.8.262-CUDA-9.0.176/lib/libcilkrts.so.5 (0x00007eff28c68000)
	libgcc_s.so.1 => /data/global/software/GCC/4.8.1/lib64/libgcc_s.so.1 (0x00007eff28a52000)
	libpthread.so.0 => /usr/lib64/libpthread.so.0 (0x00007eff28836000)
	libc.so.6 => /usr/lib64/libc.so.6 (0x00007eff28468000)
	/lib64/ld-linux-x86-64.so.2 (0x00007eff65058000)
	libdl.so.2 => /usr/lib64/libdl.so.2 (0x00007eff28264000)
	libidn.so.11 => /usr/lib64/libidn.so.11 (0x00007eff28031000)
	libssh2.so.1 => /usr/lib64/libssh2.so.1 (0x00007eff27e06000)
	libssl3.so => /usr/lib64/libssl3.so (0x00007eff27bb4000)
	libsmime3.so => /usr/lib64/libsmime3.so (0x00007eff2798d000)
	libnss3.so => /usr/lib64/libnss3.so (0x00007eff2765f000)
	libnssutil3.so => /usr/lib64/libnssutil3.so (0x00007eff27430000)
	libplds4.so => /usr/lib64/libplds4.so (0x00007eff2722c000)
	libplc4.so => /usr/lib64/libplc4.so (0x00007eff27026000)
	libnspr4.so => /usr/lib64/libnspr4.so (0x00007eff26de8000)
	libgssapi_krb5.so.2 => /usr/lib64/libgssapi_krb5.so.2 (0x00007eff26b9b000)
	libkrb5.so.3 => /usr/lib64/libkrb5.so.3 (0x00007eff268b2000)
	libk5crypto.so.3 => /usr/lib64/libk5crypto.so.3 (0x00007eff2667f000)
	libcom_err.so.2 => /usr/lib64/libcom_err.so.2 (0x00007eff2647b000)
	liblber-2.4.so.2 => /usr/lib64/liblber-2.4.so.2 (0x00007eff2626b000)
	libldap-2.4.so.2 => /usr/lib64/libldap-2.4.so.2 (0x00007eff26016000)
	libz.so.1 => /usr/lib64/libz.so.1 (0x00007eff25e00000)
	librt.so.1 => /usr/lib64/librt.so.1 (0x00007eff25bf7000)
	libifport.so.5 => /global/software/intel/2017.8.262/compilers_and_libraries_2017.8.262/linux/compiler/lib/intel64/libifport.so.5 (0x00007eff259c8000)
	libifcoremt.so.5 => /global/software/intel/2017.8.262/compilers_and_libraries_2017.8.262/linux/compiler/lib/intel64/libifcoremt.so.5 (0x00007eff25637000)
	libimf.so => /global/software/intel/2017.8.262/compilers_and_libraries_2017.8.262/linux/compiler/lib/intel64/libimf.so (0x00007eff2514a000)
	libsvml.so => /global/software/intel/2017.8.262/compilers_and_libraries_2017.8.262/linux/compiler/lib/intel64/libsvml.so (0x00007eff2422c000)
	libiomp5.so => /global/software/intel/2017.8.262/compilers_and_libraries_2017.8.262/linux/compiler/lib/intel64/libiomp5.so (0x00007eff23e87000)
	libintlc.so.5 => /global/software/intel/2017.8.262/compilers_and_libraries_2017.8.262/linux/compiler/lib/intel64/libintlc.so.5 (0x00007eff23c1b000)
	libirng.so => /global/software/intel/2017.8.262/compilers_and_libraries_2017.8.262/linux/compiler/lib/intel64/libirng.so (0x00007eff238a7000)
	libkrb5support.so.0 => /usr/lib64/libkrb5support.so.0 (0x00007eff23698000)
	libkeyutils.so.1 => /usr/lib64/libkeyutils.so.1 (0x00007eff23493000)
	libresolv.so.2 => /usr/lib64/libresolv.so.2 (0x00007eff2327a000)
	libsasl2.so.3 => /usr/lib64/libsasl2.so.3 (0x00007eff2305c000)
	libselinux.so.1 => /usr/lib64/libselinux.so.1 (0x00007eff22e35000)
	libcrypt.so.1 => /usr/lib64/libcrypt.so.1 (0x00007eff22bfd000)
	libpcre.so.1 => /usr/lib64/libpcre.so.1 (0x00007eff2299b000)
	libfreebl3.so => /usr/lib64/libfreebl3.so (0x00007eff22798000)
#################################################################################################

Cannot find license.dat file in the TeraChem installation directory /global/software/TeraChem/2021.02-intel-2017.8.262-CUDA-9.0.176


TRYING THE NETWORK LICENSE...
Connecting to license server '54.208.252.40' port '8877'...
Connected!
Checking your license...

**************************************************************
  Greetings, Martinez Group! You have 1000 licenses in total
  IN USE: 20
  AVAILABLE: 980
**************************************************************

Jobname: 22
Scratch directory: ./scr.22
Random number seed: 1611871763

XYZ coordinates 22.pdb
Molden File Output: ./scr.22/22.molden
Using basis set: 6-31gss
dmrgstart not found
Spin multiplicity: 1
DIIS will use up to 10 vectors.
Condition number limit for the DIIS overlap matrix is            0
WF convergence threshold: 3.00e-05
Using DIIS algorithm to converge WF
Maximum number of SCF iterations: 100
Incremental fock with rebuild every 8 iterations
Will switch to conventional Fock if diffuse functions are detected
X-matrix tolerance: 1.00e-04
PRECISION: DYNAMIC
DFT Functional requested: b3lyp
Method: B3LYP  with dispersion correction
  Hartree-Fock exact exchange:          0.20 
  Slater exchange functional:           0.80 
  Becke 1988 exchange functional:       0.72 
  Lee-Yang-Parr correlation functional: 0.81 
  VWN(I) correlation functional:        0.19 
Wavefunction: RESTRICTED

 DFT-D code reimplemented following the
 code by S.Grimme, University Bonn 
 based on DFTD3 V3.2 Rev 0         
 
Please cite DFT-D3 work done with this code as:
S. Grimme, J. Antony, S. Ehrlich and H. Krieg,
J. Chem. Phys. 132 (2010), 154104
If used with BJ-damping cite also
S. Grimme, S. Ehrlich and L. Goerigk,
J. Comput. Chem. 32 (2011), 1456-1465
For DFT-D2 the reference is
S. Grimme, J. Comput. Chem., 27 (2006), 1787-1799
DFT grid type: 1
Using dynamic DFT grids.
Initial guess generated by maximum overlap

********************************************
**** SINGLE POINT GRADIENT CALCULATIONS ****
********************************************
SCF:   Initial guess is taken from previous step

using 2 out of 2 CUDA devices
   Device 0:  GeForce GTX 1080 Ti, 11178MB, CC 6.1 -- CPU THREAD 0
   Device 1:  GeForce GTX 1080 Ti, 11178MB, CC 6.1 -- CPU THREAD 1
-------------------------------------------------------------------
Compiled with MAGMA support.  MAGMA parameters:
    Matrices larger than 5000 square will be treated with MAGMA
       (Change by setting the MagmaMinN environment variable)
    Magma will use 1 out of 2 GPUs
       (Change by setting the MagmaNGPUs environment variable)
-------------------------------------------------------------------
 CPU Memory Available: 96717.88 MegaWords 
 GPU Memory Available: 1141.31 MegaWords 
 Maximum recommended basis set size: 12200 basis functions
 (limited by GPU memory)
-------------------------------------------------------------------
Using d-functions. Configuring GPUs accordingly.
0: CUBLAS initialized, available GPU memory: 8271MB
1: CUBLAS initialized, available GPU memory: 8271MB


Basis set:       6-31gss
Total atoms:     84
Total charge:    0
Total electrons: 316 (158-alpha, 158-beta)
Number electrons modeled by ECPs: 0
Total orbitals:  840
Total AO shells: 378 (210 S-shells; 126 P-shells; 42 D-shells; 0 F-shells; 0 G-shells)
Spin multiplicity: 1
Nuclear repulsion energy (QM atoms): 5352.261586216475 a.u.

DFTD Energy:    -0.1871895 hartree
Setting up the DFT grid...
time to set the grid = 0.05 s
DFT grid points: 78968 (940 points/atom)
Setting up the DFT grid...
time to set the grid = 0.12 s
DFT grid points: 220936 (2630 points/atom)

                      *** Start SCF Iterations ***

 Iter     DIIS Error       Energy change      Electrons        XC Energy           Energy        Time(s)
----------------------------------------------------------------------------------------------------------
Purifying guess...Purification run on GPU (mixed precision)  using TC2 purification.
Density matrix purification finished after a total of 0 matrix multiplies
THRESPDP set to 1.00e+00
                >>> SWITCHING TO GRID 1 <<<
   1     0.2660082662   -2017.6564258885   315.9954455626  -217.0300937729   -2017.6564258885     1.62  
                >>> SWITCHING TO GRID 0 <<<
   2     0.2429599154      -2.7245310922   315.9927789860  -231.3536538889   -2020.3809569807     1.44  
   3     0.2210284626      -7.1437254094   315.9947208120  -226.3233464238   -2027.5246823901     1.09  
   4     0.0429218621      -2.3433673964   315.9931730314  -224.9848911099   -2029.8680497865     1.08  
   5     0.0278623434      -0.2178565759   315.9931727729  -225.2374322193   -2030.0859063624     1.07  
   6     0.0096355379      -0.1312449871   315.9935540081  -225.5379102927   -2030.2171513494     1.07  
   7     0.0035679686      -0.0125398328   315.9934290259  -225.4626806018   -2030.2296911823     0.98  
   8     0.0006058283      -0.0021905065   315.9934277199  -225.4265100190   -2030.2318816887     0.86  
THRESPDP set to 7.07e-04
                >>> SWITCHING TO GRID 1 <<<
   9     0.0003315466      -0.0008776660   315.9979579377  -225.4390450161   -2030.2327593547     1.70  
  10     0.0002282773      -0.0000349225   315.9979582477  -225.4387901544   -2030.2327942772     1.31  
  11     0.0001947563      -0.0000056439   315.9979583876  -225.4387498402   -2030.2327999211     1.24  
  12     0.0001742493      -0.0000102931   315.9979594724  -225.4377854789   -2030.2328102142     1.30  
  13     0.0000303860      -0.0000021496   315.9979590408  -225.4382083041   -2030.2328123638     1.21  
  14     0.0000133460      -0.0000004760   315.9979589938  -225.4381388837   -2030.2328128398     1.68  
----------------------------------------------------------------------------------------------------------
FINAL ENERGY: -2030.2328128398 a.u.
DISPERSION CONTRIBUTION TO ENERGY: -0.1871894810 a.u.
HOMO-LUMO GAP: 2.071 eV
CENTER OF MASS: {6.835224, 3.842875, 10.100998} ANGS
DIPOLE MOMENT: {3.906108, -2.004895, -4.689922} (|D| = 6.424380) DEBYE

Running Mulliken population analysis...

Writing out molden info

Gradient units are Hartree/Bohr
---------------------------------------------------
        dE/dX            dE/dY            dE/dZ
    0.0355703992     0.0157296673     0.0082577248
   -0.0067744036     0.0105367653     0.0135384895
   -0.0112263098    -0.0165263659     0.0573335352
   -0.0586768238     0.0448339376    -0.0153570016
    0.0187113110    -0.0056133593    -0.0413514538
    0.0078510567     0.0138788556     0.0164057644
   -0.0074735137     0.0068416128     0.0068367355
   -0.0423305402     0.0098194683    -0.0135774066
    0.0242467388    -0.0074879282    -0.0216994030
   -0.0161607619    -0.0070531553     0.0053031454
    0.0000881489    -0.0061332176     0.0039195786
   -0.0033274995     0.0036552550     0.0022004939
   -0.0037347108    -0.0065761478    -0.0029706685
   -0.0125424205     0.0033300806    -0.0031840561
    0.0644070472    -0.0129697171     0.0008858736
    0.0505383671     0.0094606865    -0.0221366509
   -0.0224656726     0.0064766887    -0.0001127710
    0.0106842117     0.0308816635    -0.0269221456
   -0.0093207043    -0.0052682510     0.0198060694
   -0.0101285437    -0.0248987765     0.0522179706
    0.0055362288     0.0024680558    -0.0203618821
   -0.0234893901     0.0211341683     0.0290506949
    0.0387347490    -0.0175844816     0.0277600179
    0.0080357422    -0.0031756872    -0.0237558186
   -0.0012515795     0.0302950400    -0.0375319785
    0.0045194708    -0.0137153015     0.0090990269
   -0.0106080152    -0.0257621512     0.0002448741
    0.0038998445     0.0034045904     0.0037962621
   -0.0386525979     0.0270901739     0.0071537872
    0.0347987204     0.0381984154     0.0126265117
    0.0018101515     0.0019431267    -0.0166129179
    0.0256533908    -0.0317735789    -0.0066764329
    0.0109020429     0.0065144899     0.0024645094
   -0.0486147712    -0.0352227238    -0.0094560279
    0.0019357675     0.0114535074     0.0189356333
   -0.0150007076     0.0103774616    -0.0306427349
   -0.0034649101     0.0129228137    -0.0066953381
    0.1053086121    -0.0412588053    -0.0420690913
   -0.0253358534    -0.0248386607     0.0155611608
    0.0058969998    -0.0096672972     0.0273102185
   -0.0207323916     0.0510646460     0.0451525100
   -0.0135293714    -0.0300870377    -0.0172307081
   -0.0282150163    -0.0203476253     0.0118682576
    0.0329183112    -0.0272323104     0.0088877847
    0.0056471296    -0.0025675813    -0.0079057581
    0.0161386641    -0.0206229193    -0.0074383175
    0.0529623872    -0.0047650414    -0.0186649921
    0.0021334639     0.0129724762    -0.0053268271
   -0.0177695825    -0.0183704243     0.0065176306
   -0.0219722648     0.0099813520     0.0018440964
   -0.0424771263    -0.0545451166     0.0447977828
   -0.0151449188     0.0032712195    -0.0306863197
    0.0232100191     0.0401902893     0.0022915131
    0.0238951423     0.0000722984    -0.0210433893
    0.0135213500     0.0171609562    -0.0047727782
   -0.0355740907    -0.0198368157    -0.0066148624
    0.0064290635     0.0732749108     0.0172031754
   -0.0168022447     0.0032013591    -0.0165080248
   -0.0130007508    -0.0171330990    -0.0072290274
   -0.0303788641     0.0366344327    -0.0068445297
    0.0094899952    -0.0330850037    -0.0010891434
    0.0125642189    -0.0202523177     0.0079272801
   -0.0030447438     0.0137483570    -0.0017928492
    0.0655193810    -0.0307198200    -0.0271993751
   -0.0334057326     0.0175793243    -0.0261834842
   -0.0060889799     0.0239656904     0.0177275543
   -0.0128913191    -0.0216193597     0.0213264873
    0.0091563606    -0.0018025259     0.0139883648
   -0.0135461807     0.0031434434     0.0018418523
   -0.0111084939     0.0116709049    -0.0013261323
    0.0114209296     0.0158383305    -0.0748857500
    0.0078220952     0.0051456766    -0.0131815852
   -0.0012893694    -0.0145963627     0.0095325840
   -0.0015958741     0.0210986156     0.0986959277
    0.0151656354     0.0007101483     0.0060809244
    0.0273809416     0.0094099852    -0.0139577484
   -0.0492170410     0.0003032083    -0.0163288169
   -0.0218114353    -0.0459867572     0.0085835668
   -0.0252584069    -0.0043960341     0.0098385984
    0.0107280606    -0.0187533813    -0.0146670641
   -0.0008967296     0.0595695690     0.0167987538
    0.0223115858     0.0009142039    -0.0046023589
   -0.0112920273    -0.0266821111    -0.0019983085
   -0.0099210509    -0.0232406728    -0.0030207926
---------------------------------------------------
Net gradient:  2.862104e-11 -7.286303e-10 -1.210611e-10
Net torque:    6.916278e-04  3.733140e-04 -3.811472e-03

Total processing time: 22.40 sec 

 Job finished: Mon Nov 29 22:12:04 2021

