
          -------------------------------------------------------
          Amber 20 PMEMD                              2020
          -------------------------------------------------------

| PMEMD implementation of SANDER, Release 18

|  Compiled date/time: Fri Jul 17 08:46:11 2020
| Run on 07/20/2022 at 22:24:56

|   Executable path: pmemd
| Working directory: /home/curtie/7_FF_fitting/0_ff-optimizer/1_active_learning/ff-optimizer/tests/full/model_2/2_sampling/1_cycle_1/valid_1
|          Hostname: fire-09-06

  [-O]verwriting output

File Assignments:
|   MDIN: ../md.in                                                              
|  MDOUT: 1_.out                                                                
| INPCRD: 1_heat1.rst7                                                          
|   PARM: ../water.prmtop                                                       
| RESTRT: 1_md.rst7                                                             
|   REFC: refc                                                                  
|  MDVEL: 1_vel.nc                                                              
|   MDEN: mden                                                                  
|  MDCRD: 1.nc                                                                  
| MDINFO: mdinfo                                                                
|  MDFRC: mdfrc                                                                 


 Here is the input file:

the samply sample thingy                                                       
&cntrl                                                                         
  imin=0,irest=1,ntx=5,                                                        
  nstlim=1000,dt=0.0005,                                                       
  ntc=1,ntf=1,                                                                 
  cut=999, ntb=0,                                                              
  ntpr=100, ntwx=100,                                                          
  ntwv=1000,                                                                   
  ntt=0,                                                                       
  ntr=0,                                                                       
  nmropt=0,                                                                    
  ig=333333,                                                                   
  igb=6,                                                                       
/                                                                              


| irandom = 1, using AMBER's internal random number generator (default).
 
| Conditional Compilation Defines Used:
| PUBFFT
| BINTRAJ
| EMIL

| New format PARM file being parsed.
| Version =    1.000 Date = 07/20/22 Time = 22:24:55

| Note: 1-4 EEL scale factors are being read from the topology file.

| Note: 1-4 VDW scale factors are being read from the topology file.
| INFO:    Reading atomic numbers from topology file.
| Duplicated    0 dihedrals

| Duplicated    0 dihedrals

--------------------------------------------------------------------------------
   1.  RESOURCE   USE: 
--------------------------------------------------------------------------------

 NATOM  =       6 NTYPES =       2 NBONH =       4 MBONA  =       0
 NTHETH =       0 MTHETA =       0 NPHIH =       0 MPHIA  =       0
 NHPARM =       0 NPARM  =       0 NNB   =       8 NRES   =       2
 NBONA  =       0 NTHETA =       0 NPHIA =       0 NUMBND =       1
 NUMANG =       0 NPTRA  =       0 NATYP =       2 NPHB   =       0
 IFBOX  =       0 NMXRS  =       3 IFCAP =       0 NEXTRA =       0
 NCOPY  =       0

 Implicit solvent radii are modified Bondi radii (mbondi)                                                   
--------------------------------------------------------------------------------
   2.  CONTROL  DATA  FOR  THE  RUN
--------------------------------------------------------------------------------

default_name                                                                    

General flags:
     imin    =       0, nmropt  =       0

Nature and format of input:
     ntx     =       5, irest   =       1, ntrx    =       1

Nature and format of output:
     ntxo    =       2, ntpr    =     100, ntrx    =       1, ntwr    =    1000
     iwrap   =       0, ntwx    =     100, ntwv    =    1000, ntwe    =       0
     ioutfm  =       1, ntwprt  =       0, idecomp =       0, rbornstat=      0

Potential function:
     ntf     =       1, ntb     =       0, igb     =       6, nsnb    =      25
     ipol    =       0, gbsa    =       0, iesp    =       0
     dielc   =   1.00000, cut     = 999.00000, intdiel =   1.00000

Frozen or restrained atoms:
     ibelly  =       0, ntr     =       0

Molecular dynamics:
     nstlim  =      1000, nscm    =      1000, nrespa  =         1
     t       =   0.00000, dt      =   0.00050, vlimit  =  20.00000

| Intermolecular bonds treatment:
|     no_intermolecular_bonds =       1

| Energy averages sample interval:
|     ene_avg_sampling =     100

--------------------------------------------------------------------------------
   3.  ATOMIC COORDINATES AND VELOCITIES
--------------------------------------------------------------------------------

default_name                                                                    
 begin time read from input coords =     0.500 ps

 
 Number of triangulated 3-point waters found:        0
| Dynamic Memory, Types Used:
| Reals                 129
| Integers               96

--------------------------------------------------------------------------------
   4.  RESULTS
--------------------------------------------------------------------------------


 NSTEP =      100   TIME(PS) =       0.550  TEMP(K) =   613.08  PRESS =     0.0
 Etot   =        -0.1406  EKtot   =         7.3098  EPtot      =        -7.4504
 BOND   =         0.2889  ANGLE   =         0.0000  DIHED      =         0.0000
 1-4 NB =         0.0000  1-4 EEL =         0.0000  VDWAALS    =         0.6624
 EELEC  =        -8.4018  EGB     =         0.0000  RESTRAINT  =         0.0000
 ------------------------------------------------------------------------------


 NSTEP =      200   TIME(PS) =       0.600  TEMP(K) =   600.95  PRESS =     0.0
 Etot   =        -0.1338  EKtot   =         7.1652  EPtot      =        -7.2990
 BOND   =         0.7490  ANGLE   =         0.0000  DIHED      =         0.0000
 1-4 NB =         0.0000  1-4 EEL =         0.0000  VDWAALS    =         2.6455
 EELEC  =       -10.6935  EGB     =         0.0000  RESTRAINT  =         0.0000
 ------------------------------------------------------------------------------


 NSTEP =      300   TIME(PS) =       0.650  TEMP(K) =   387.77  PRESS =     0.0
 Etot   =        -0.1309  EKtot   =         4.6234  EPtot      =        -4.7544
 BOND   =         0.6741  ANGLE   =         0.0000  DIHED      =         0.0000
 1-4 NB =         0.0000  1-4 EEL =         0.0000  VDWAALS    =         0.1488
 EELEC  =        -5.5773  EGB     =         0.0000  RESTRAINT  =         0.0000
 ------------------------------------------------------------------------------


 NSTEP =      400   TIME(PS) =       0.700  TEMP(K) =   396.68  PRESS =     0.0
 Etot   =        -0.1097  EKtot   =         4.7297  EPtot      =        -4.8394
 BOND   =         1.3053  ANGLE   =         0.0000  DIHED      =         0.0000
 1-4 NB =         0.0000  1-4 EEL =         0.0000  VDWAALS    =         0.0116
 EELEC  =        -6.1564  EGB     =         0.0000  RESTRAINT  =         0.0000
 ------------------------------------------------------------------------------


 NSTEP =      500   TIME(PS) =       0.750  TEMP(K) =   255.94  PRESS =     0.0
 Etot   =        -0.1166  EKtot   =         3.0516  EPtot      =        -3.1682
 BOND   =         1.2717  ANGLE   =         0.0000  DIHED      =         0.0000
 1-4 NB =         0.0000  1-4 EEL =         0.0000  VDWAALS    =         3.2565
 EELEC  =        -7.6964  EGB     =         0.0000  RESTRAINT  =         0.0000
 ------------------------------------------------------------------------------


 NSTEP =      600   TIME(PS) =       0.800  TEMP(K) =   357.62  PRESS =     0.0
 Etot   =        -0.1207  EKtot   =         4.2639  EPtot      =        -4.3846
 BOND   =         1.0572  ANGLE   =         0.0000  DIHED      =         0.0000
 1-4 NB =         0.0000  1-4 EEL =         0.0000  VDWAALS    =         0.6274
 EELEC  =        -6.0693  EGB     =         0.0000  RESTRAINT  =         0.0000
 ------------------------------------------------------------------------------


 NSTEP =      700   TIME(PS) =       0.850  TEMP(K) =   365.25  PRESS =     0.0
 Etot   =        -0.1294  EKtot   =         4.3549  EPtot      =        -4.4843
 BOND   =         0.6150  ANGLE   =         0.0000  DIHED      =         0.0000
 1-4 NB =         0.0000  1-4 EEL =         0.0000  VDWAALS    =        -0.1794
 EELEC  =        -4.9199  EGB     =         0.0000  RESTRAINT  =         0.0000
 ------------------------------------------------------------------------------


 NSTEP =      800   TIME(PS) =       0.900  TEMP(K) =   507.44  PRESS =     0.0
 Etot   =        -0.1325  EKtot   =         6.0503  EPtot      =        -6.1829
 BOND   =         1.1275  ANGLE   =         0.0000  DIHED      =         0.0000
 1-4 NB =         0.0000  1-4 EEL =         0.0000  VDWAALS    =         0.1425
 EELEC  =        -7.4529  EGB     =         0.0000  RESTRAINT  =         0.0000
 ------------------------------------------------------------------------------


 NSTEP =      900   TIME(PS) =       0.950  TEMP(K) =   362.49  PRESS =     0.0
 Etot   =        -0.1478  EKtot   =         4.3221  EPtot      =        -4.4699
 BOND   =         0.2636  ANGLE   =         0.0000  DIHED      =         0.0000
 1-4 NB =         0.0000  1-4 EEL =         0.0000  VDWAALS    =         2.4430
 EELEC  =        -7.1764  EGB     =         0.0000  RESTRAINT  =         0.0000
 ------------------------------------------------------------------------------


   KE Trans =     0.0000   KE Rot =     0.0000   C.O.M. Vel =    0.000000

   Translational and rotational motion removed

   KE Trans =     0.0000   KE Rot =     0.0000   C.O.M. Vel =    0.000000

 NSTEP =     1000   TIME(PS) =       1.000  TEMP(K) =   522.25  PRESS =     0.0
 Etot   =        -0.1352  EKtot   =         6.2269  EPtot      =        -6.3621
 BOND   =         0.2441  ANGLE   =         0.0000  DIHED      =         0.0000
 1-4 NB =         0.0000  1-4 EEL =         0.0000  VDWAALS    =         0.6052
 EELEC  =        -7.2114  EGB     =         0.0000  RESTRAINT  =         0.0000
 ------------------------------------------------------------------------------


      A V E R A G E S   O V E R      10 S T E P S


 NSTEP =     1000   TIME(PS) =       1.000  TEMP(K) =   436.95  PRESS =     0.0
 Etot   =        -0.1297  EKtot   =         5.2098  EPtot      =        -5.3395
 BOND   =         0.7596  ANGLE   =         0.0000  DIHED      =         0.0000
 1-4 NB =         0.0000  1-4 EEL =         0.0000  VDWAALS    =         1.0364
 EELEC  =        -7.1355  EGB     =         0.0000  RESTRAINT  =         0.0000
 ------------------------------------------------------------------------------


      R M S  F L U C T U A T I O N S


 NSTEP =     1000   TIME(PS) =       1.000  TEMP(K) =   111.33  PRESS =     0.0
 Etot   =         0.0107  EKtot   =         1.3274  EPtot      =         1.3326
 BOND   =         0.3931  ANGLE   =         0.0000  DIHED      =         0.0000
 1-4 NB =         0.0000  1-4 EEL =         0.0000  VDWAALS    =         1.1876
 EELEC  =         1.5530  EGB     =         0.0000  RESTRAINT  =         0.0000
|E(PBS) =         0.0030
 ------------------------------------------------------------------------------

--------------------------------------------------------------------------------
   5.  TIMINGS
--------------------------------------------------------------------------------

|  NonSetup CPU Time in Major Routines:
|
|     Routine           Sec        %
|     ------------------------------
|     Nonbond           0.00   16.07
|     Bond              0.00   13.47
|     Angle             0.00    7.13
|     Dihedral          0.00    3.92
|     Shake             0.00    0.00
|     RunMD             0.00   53.04
|     Other             0.00    6.37
|     ------------------------------
|     Total             0.01

|  Generalized Born CPU Time:
|
|     Routine                 Sec        %
|     ------------------------------------
|     Radii Calc              0.00    0.00
|     Diagonal Calc           0.00    0.00
|     Off Diagonal Calc       0.00   10.01
|     GBSA LCPO Calc          0.00    0.00
|     ---------------------------------
|     Total                   0.00   10.01

|  Final Performance Info:
|     -----------------------------------------------------
|     Average timings for last     900 steps:
|     Elapsed(s) =       0.01 Per Step(ms) =       0.01
|         ns/day =    6553.33   seconds/ns =      13.18
|
|     Average timings for all steps:
|     Elapsed(s) =       0.01 Per Step(ms) =       0.01
|         ns/day =    4650.75   seconds/ns =      18.58
|     -----------------------------------------------------

|  Setup CPU time:            0.00 seconds
|  NonSetup CPU time:         0.01 seconds
|  Total CPU time:            0.01 seconds     0.00 hours

|  Setup wall time:           0    seconds
|  NonSetup wall time:        0    seconds
|  Total wall time:           0    seconds     0.00 hours
