
          -------------------------------------------------------
          Amber 20 PMEMD                              2020
          -------------------------------------------------------

| PMEMD implementation of SANDER, Release 18

|  Compiled date/time: Fri Jul 17 08:46:11 2020
| Run on 07/20/2022 at 22:24:56

|   Executable path: pmemd
| Working directory: /home/curtie/7_FF_fitting/0_ff-optimizer/1_active_learning/ff-optimizer/tests/full/model_2/2_sampling/1_cycle_1/valid_1
|          Hostname: fire-09-06

  [-O]verwriting output

File Assignments:
|   MDIN: ../heat1.in                                                           
|  MDOUT: 1_heat1.out                                                           
| INPCRD: 1_heat0.rst7                                                          
|   PARM: ../water.prmtop                                                       
| RESTRT: 1_heat1.rst7                                                          
|   REFC: refc                                                                  
|  MDVEL: mdvel                                                                 
|   MDEN: mden                                                                  
|  MDCRD: 1_heat1.nc                                                            
| MDINFO: mdinfo                                                                
|  MDFRC: mdfrc                                                                 


 Here is the input file:

heat DASA                                                                      
 &cntrl                                                                        
  imin=0,irest=0,ntx=1,                                                        
  nstlim=1000,dt=0.0005,                                                       
  ntc=1,ntf=1,                                                                 
  cut=999, ntb=0,                                                              
  ntpr=10000, ntwx=0,                                                          
  ntwv=0,                                                                      
  ntt=0,                                                                       
  ntr=0,                                                                       
  nmropt=0,                                                                    
  ig=333333,                                                                   
  igb=6,                                                                       
/                                                                              


| irandom = 1, using AMBER's internal random number generator (default).
 
| Conditional Compilation Defines Used:
| PUBFFT
| BINTRAJ
| EMIL

| New format PARM file being parsed.
| Version =    1.000 Date = 07/20/22 Time = 22:24:55

| Note: 1-4 EEL scale factors are being read from the topology file.

| Note: 1-4 VDW scale factors are being read from the topology file.
| INFO:    Reading atomic numbers from topology file.
| Duplicated    0 dihedrals

| Duplicated    0 dihedrals

--------------------------------------------------------------------------------
   1.  RESOURCE   USE: 
--------------------------------------------------------------------------------

 NATOM  =       6 NTYPES =       2 NBONH =       4 MBONA  =       0
 NTHETH =       0 MTHETA =       0 NPHIH =       0 MPHIA  =       0
 NHPARM =       0 NPARM  =       0 NNB   =       8 NRES   =       2
 NBONA  =       0 NTHETA =       0 NPHIA =       0 NUMBND =       1
 NUMANG =       0 NPTRA  =       0 NATYP =       2 NPHB   =       0
 IFBOX  =       0 NMXRS  =       3 IFCAP =       0 NEXTRA =       0
 NCOPY  =       0

 Implicit solvent radii are modified Bondi radii (mbondi)                                                   
--------------------------------------------------------------------------------
   2.  CONTROL  DATA  FOR  THE  RUN
--------------------------------------------------------------------------------

default_name                                                                    

General flags:
     imin    =       0, nmropt  =       0

Nature and format of input:
     ntx     =       1, irest   =       0, ntrx    =       1

Nature and format of output:
     ntxo    =       2, ntpr    =   10000, ntrx    =       1, ntwr    =    1000
     iwrap   =       0, ntwx    =       0, ntwv    =       0, ntwe    =       0
     ioutfm  =       1, ntwprt  =       0, idecomp =       0, rbornstat=      0

Potential function:
     ntf     =       1, ntb     =       0, igb     =       6, nsnb    =      25
     ipol    =       0, gbsa    =       0, iesp    =       0
     dielc   =   1.00000, cut     = 999.00000, intdiel =   1.00000

Frozen or restrained atoms:
     ibelly  =       0, ntr     =       0

Molecular dynamics:
     nstlim  =      1000, nscm    =      1000, nrespa  =         1
     t       =   0.00000, dt      =   0.00050, vlimit  =  20.00000

| Intermolecular bonds treatment:
|     no_intermolecular_bonds =       1

| Energy averages sample interval:
|     ene_avg_sampling =   10000

--------------------------------------------------------------------------------
   3.  ATOMIC COORDINATES AND VELOCITIES
--------------------------------------------------------------------------------

Written by ff_optimizer                                                         
 begin time read from input coords =     0.000 ps

 
 Number of triangulated 3-point waters found:        0
| Dynamic Memory, Types Used:
| Reals                 129
| Integers               96

--------------------------------------------------------------------------------
   4.  RESULTS
--------------------------------------------------------------------------------


 NSTEP =        0   TIME(PS) =       0.000  TEMP(K) =     0.00  PRESS =     0.0
 Etot   =        -0.1064  EKtot   =         0.0000  EPtot      =        -0.1064
 BOND   =         1.1141  ANGLE   =         0.0000  DIHED      =         0.0000
 1-4 NB =         0.0000  1-4 EEL =         0.0000  VDWAALS    =         3.2425
 EELEC  =        -4.4630  EGB     =         0.0000  RESTRAINT  =         0.0000
 ------------------------------------------------------------------------------


   KE Trans =     0.0000   KE Rot =     0.0000   C.O.M. Vel =    0.000000

   Translational and rotational motion removed

   KE Trans =     0.0000   KE Rot =     0.0000   C.O.M. Vel =    0.000000
--------------------------------------------------------------------------------
   5.  TIMINGS
--------------------------------------------------------------------------------

|  NonSetup CPU Time in Major Routines:
|
|     Routine           Sec        %
|     ------------------------------
|     Nonbond           0.00   40.77
|     Bond              0.00    8.06
|     Angle             0.00    6.38
|     Dihedral          0.00    9.69
|     Shake             0.00    0.00
|     RunMD             0.00   24.77
|     Other             0.00   10.34
|     ------------------------------
|     Total             0.00

|  Generalized Born CPU Time:
|
|     Routine                 Sec        %
|     ------------------------------------
|     Radii Calc              0.00    0.00
|     Diagonal Calc           0.00    0.00
|     Off Diagonal Calc       0.00   27.05
|     GBSA LCPO Calc          0.00    0.00
|     ---------------------------------
|     Total                   0.00   27.05

|  Final Performance Info:
|     -----------------------------------------------------
|     Average timings for last    1000 steps:
|     Elapsed(s) =       0.01 Per Step(ms) =       0.01
|         ns/day =    5968.47   seconds/ns =      14.48
|
|     Average timings for all steps:
|     Elapsed(s) =       0.01 Per Step(ms) =       0.01
|         ns/day =    5968.47   seconds/ns =      14.48
|     -----------------------------------------------------

|  Setup CPU time:            0.00 seconds
|  NonSetup CPU time:         0.00 seconds
|  Total CPU time:            0.01 seconds     0.00 hours

|  Setup wall time:           0    seconds
|  NonSetup wall time:        0    seconds
|  Total wall time:           0    seconds     0.00 hours
