| Startfile from command line: tc.in


|       ***********************************************************
|       *                 TeraChem v1.9-2023.11-dev               *
|       *                   Development Version                   *
|       *           Chemistry at the Speed of Graphics!           *
|       ***********************************************************
|       * This program may only be used in connection with        *
|       * a valid license from PetaChem, LLC. Use of this program *
|       * or results thereof indicates acceptance of all terms    *
|       * and conditions stated in the license and that a valid   *
|       * license agreement between the user and PetaChem, LLC    *
|       * exists. PetaChem, LLC does not warrant the correctness  *
|       * of results or their suitability for any purpose.        *
|       * Please email bugs, suggestions, and comments to         *
|       *                  help@petachem.com                      *
|       *                                                         *
|       ***********************************************************


|       ***********************************************************
|       *  Compiled by admin        2023-11-20T16:40:57-08:00     *
|       *  Supported architecture SMs: 52 61 70 80 90             *
|       *  Build cuda_12.2.r12.2/compiler.33053471_0              *
|       *  Git Version: a9eb8ff89612a9a1d48fcafd0c6ead58e98146ef  *
|       ***********************************************************


| Job started   Wed Apr 17 14:15:57 2024
| On fire-09-06 (available memory: 122544 MB)

| ######################################### RUNTIME INFO ##########################################
| terachem  tc.in 

|  NVRM version: NVIDIA UNIX x86_64 Kernel Module  525.89.02  Wed Feb  1 23:23:25 UTC 2023
|  GCC version:  gcc version 11.4.0 (Ubuntu 11.4.0-1ubuntu1~22.04) 

|  	linux-vdso.so.1 (0x00007fff11dae000)
|  	libcurl.so.4 => /lib/x86_64-linux-gnu/libcurl.so.4 (0x00007f87ca2b4000)
|  	libz.so.1 => /lib/x86_64-linux-gnu/libz.so.1 (0x00007f87ca298000)
|  	libmpi.so.12 => /global/software/TeraChem/2023.11-intel-2023.2.0-CUDA-12.2.1/lib/libmpi.so.12 (0x00007f87c8600000)
|  	libdftbplus.so => /global/software/TeraChem/2023.11-intel-2023.2.0-CUDA-12.2.1/lib/libdftbplus.so (0x00007f87c82a8000)
|  	libfsockets.so => /global/software/TeraChem/2023.11-intel-2023.2.0-CUDA-12.2.1/lib/libfsockets.so (0x00007f87ca290000)
|  	libxmlf90.so => /global/software/TeraChem/2023.11-intel-2023.2.0-CUDA-12.2.1/lib/libxmlf90.so (0x00007f87ca265000)
|  	libthcbox.so.1 => /global/software/TeraChem/2023.11-intel-2023.2.0-CUDA-12.2.1/lib/libthcbox.so.1 (0x00007f87c648b000)
|  	libOpenMM.so => /global/software/TeraChem/2023.11-intel-2023.2.0-CUDA-12.2.1/lib/libOpenMM.so (0x00007f87c6031000)
|  	libnvToolsExt.so.1 => /global/software/TeraChem/2023.11-intel-2023.2.0-CUDA-12.2.1/lib/libnvToolsExt.so.1 (0x00007f87c5e00000)
|  	libgpubox.so.1 => /global/software/TeraChem/2023.11-intel-2023.2.0-CUDA-12.2.1/lib/libgpubox.so.1 (0x00007f87ca258000)
|  	libcpubox.so.1 => /global/software/TeraChem/2023.11-intel-2023.2.0-CUDA-12.2.1/lib/libcpubox.so.1 (0x00007f87ca252000)
|  	libtensorbox.so.1 => /global/software/TeraChem/2023.11-intel-2023.2.0-CUDA-12.2.1/lib/libtensorbox.so.1 (0x00007f87ca236000)
|  	libiobox.so.1 => /global/software/TeraChem/2023.11-intel-2023.2.0-CUDA-12.2.1/lib/libiobox.so.1 (0x00007f87ca230000)
|  	libintbox.so.1 => /global/software/TeraChem/2023.11-intel-2023.2.0-CUDA-12.2.1/lib/libintbox.so.1 (0x00007f876dcb5000)
|  	libatmx2cbox.so.1 => /global/software/TeraChem/2023.11-intel-2023.2.0-CUDA-12.2.1/lib/libatmx2cbox.so.1 (0x00007f87ca16d000)
|  	libsqmbox.so.1 => /global/software/TeraChem/2023.11-intel-2023.2.0-CUDA-12.2.1/lib/libsqmbox.so.1 (0x00007f876d909000)
|  	libgridbox.so.1 => /global/software/TeraChem/2023.11-intel-2023.2.0-CUDA-12.2.1/lib/libgridbox.so.1 (0x00007f876cded000)
|  	libdftbox.so.1 => /global/software/TeraChem/2023.11-intel-2023.2.0-CUDA-12.2.1/lib/libdftbox.so.1 (0x00007f876ccfe000)
|  	libcibox.so.1 => /global/software/TeraChem/2023.11-intel-2023.2.0-CUDA-12.2.1/lib/libcibox.so.1 (0x00007f876c6b2000)
|  	libccbox.so.1 => /global/software/TeraChem/2023.11-intel-2023.2.0-CUDA-12.2.1/lib/libccbox.so.1 (0x00007f876c221000)
|  	libsimbox.so.1 => /global/software/TeraChem/2023.11-intel-2023.2.0-CUDA-12.2.1/lib/libsimbox.so.1 (0x00007f87ca14e000)
|  	liboptbox.so.1 => /global/software/TeraChem/2023.11-intel-2023.2.0-CUDA-12.2.1/lib/liboptbox.so.1 (0x00007f87ca119000)
|  	libprotobuf.so.25 => /global/software/TeraChem/2023.11-intel-2023.2.0-CUDA-12.2.1/lib/libprotobuf.so.25 (0x00007f876bf4e000)
|  	libcommbox.so.1 => /global/software/TeraChem/2023.11-intel-2023.2.0-CUDA-12.2.1/lib/libcommbox.so.1 (0x00007f876beed000)
|  	libssl.so.3 => /lib/x86_64-linux-gnu/libssl.so.3 (0x00007f876be49000)
|  	libcrypto.so.3 => /lib/x86_64-linux-gnu/libcrypto.so.3 (0x00007f876ba06000)
|  	libcuda.so.1 => /lib/x86_64-linux-gnu/libcuda.so.1 (0x00007f8769d26000)
|  	libcudart.so.12 => /global/software/TeraChem/2023.11-intel-2023.2.0-CUDA-12.2.1/lib/libcudart.so.12 (0x00007f8769a00000)
|  	libcublas.so.12 => /global/software/TeraChem/2023.11-intel-2023.2.0-CUDA-12.2.1/lib/libcublas.so.12 (0x00007f8763200000)
|  	libcufft.so.11 => /global/software/TeraChem/2023.11-intel-2023.2.0-CUDA-12.2.1/lib/libcufft.so.11 (0x00007f8758400000)
|  	libcusparse.so.12 => /global/software/TeraChem/2023.11-intel-2023.2.0-CUDA-12.2.1/lib/libcusparse.so.12 (0x00007f8748600000)
|  	libcusolver.so.11 => /global/software/TeraChem/2023.11-intel-2023.2.0-CUDA-12.2.1/lib/libcusolver.so.11 (0x00007f8741400000)
|  	libcublasLt.so.12 => /global/software/TeraChem/2023.11-intel-2023.2.0-CUDA-12.2.1/lib/libcublasLt.so.12 (0x00007f871ec00000)
|  	libimf.so => /global/software/TeraChem/2023.11-intel-2023.2.0-CUDA-12.2.1/lib/libimf.so (0x00007f871e816000)
|  	libsvml.so => /global/software/TeraChem/2023.11-intel-2023.2.0-CUDA-12.2.1/lib/libsvml.so (0x00007f871d1e7000)
|  	libirng.so => /global/software/TeraChem/2023.11-intel-2023.2.0-CUDA-12.2.1/lib/libirng.so (0x00007f871ce00000)
|  	libstdc++.so.6 => /lib/x86_64-linux-gnu/libstdc++.so.6 (0x00007f871cbd4000)
|  	libm.so.6 => /lib/x86_64-linux-gnu/libm.so.6 (0x00007f8748519000)
|  	libiomp5.so => /global/software/TeraChem/2023.11-intel-2023.2.0-CUDA-12.2.1/lib/libiomp5.so (0x00007f871c600000)
|  	libcilkrts.so.5 => /global/software/TeraChem/2023.11-intel-2023.2.0-CUDA-12.2.1/lib/libcilkrts.so.5 (0x00007f871c200000)
|  	libgcc_s.so.1 => /lib/x86_64-linux-gnu/libgcc_s.so.1 (0x00007f87ca0f3000)
|  	libintlc.so.5 => /global/software/TeraChem/2023.11-intel-2023.2.0-CUDA-12.2.1/lib/libintlc.so.5 (0x00007f8769cae000)
|  	libc.so.6 => /lib/x86_64-linux-gnu/libc.so.6 (0x00007f871bfd7000)
|  	/lib64/ld-linux-x86-64.so.2 (0x00007f87ca36c000)
|  	libnghttp2.so.14 => /lib/x86_64-linux-gnu/libnghttp2.so.14 (0x00007f87699d6000)
|  	libidn2.so.0 => /lib/x86_64-linux-gnu/libidn2.so.0 (0x00007f87c6010000)
|  	librtmp.so.1 => /lib/x86_64-linux-gnu/librtmp.so.1 (0x00007f87ca0d2000)
|  	libssh.so.4 => /lib/x86_64-linux-gnu/libssh.so.4 (0x00007f8763193000)
|  	libpsl.so.5 => /lib/x86_64-linux-gnu/libpsl.so.5 (0x00007f87699c2000)
|  	libgssapi_krb5.so.2 => /lib/x86_64-linux-gnu/libgssapi_krb5.so.2 (0x00007f876313f000)
|  	libldap-2.5.so.0 => /lib/x86_64-linux-gnu/libldap-2.5.so.0 (0x00007f87583a1000)
|  	liblber-2.5.so.0 => /lib/x86_64-linux-gnu/liblber-2.5.so.0 (0x00007f8748508000)
|  	libzstd.so.1 => /lib/x86_64-linux-gnu/libzstd.so.1 (0x00007f8741331000)
|  	libbrotlidec.so.1 => /lib/x86_64-linux-gnu/libbrotlidec.so.1 (0x00007f8763131000)
|  	librt.so.1 => /lib/x86_64-linux-gnu/librt.so.1 (0x00007f8769ca9000)
|  	libdl.so.2 => /lib/x86_64-linux-gnu/libdl.so.2 (0x00007f8748503000)
|  	libifport.so.5 => /global/software/TeraChem/2023.11-intel-2023.2.0-CUDA-12.2.1/lib/libifport.so.5 (0x00007f87484d9000)
|  	libifcoremt.so.5 => /global/software/TeraChem/2023.11-intel-2023.2.0-CUDA-12.2.1/lib/libifcoremt.so.5 (0x00007f871ca5a000)
|  	libpthread.so.0 => /lib/x86_64-linux-gnu/libpthread.so.0 (0x00007f87484d4000)
|  	libnvJitLink.so.12 => /global/software/TeraChem/2023.11-intel-2023.2.0-CUDA-12.2.1/lib/libnvJitLink.so.12 (0x00007f8718e00000)
|  	libunistring.so.2 => /lib/x86_64-linux-gnu/libunistring.so.2 (0x00007f871c456000)
|  	libgnutls.so.30 => /lib/x86_64-linux-gnu/libgnutls.so.30 (0x00007f8718c15000)
|  	libhogweed.so.6 => /lib/x86_64-linux-gnu/libhogweed.so.6 (0x00007f874848c000)
|  	libnettle.so.8 => /lib/x86_64-linux-gnu/libnettle.so.8 (0x00007f8748446000)
|  	libgmp.so.10 => /lib/x86_64-linux-gnu/libgmp.so.10 (0x00007f871d165000)
|  	libkrb5.so.3 => /lib/x86_64-linux-gnu/libkrb5.so.3 (0x00007f8718b4a000)
|  	libk5crypto.so.3 => /lib/x86_64-linux-gnu/libk5crypto.so.3 (0x00007f871d136000)
|  	libcom_err.so.2 => /lib/x86_64-linux-gnu/libcom_err.so.2 (0x00007f874132b000)
|  	libkrb5support.so.0 => /lib/x86_64-linux-gnu/libkrb5support.so.0 (0x00007f871d128000)
|  	libsasl2.so.2 => /lib/x86_64-linux-gnu/libsasl2.so.2 (0x00007f8718b2f000)
|  	libbrotlicommon.so.1 => /lib/x86_64-linux-gnu/libbrotlicommon.so.1 (0x00007f8718b0c000)
|  	libp11-kit.so.0 => /lib/x86_64-linux-gnu/libp11-kit.so.0 (0x00007f87189d1000)
|  	libtasn1.so.6 => /lib/x86_64-linux-gnu/libtasn1.so.6 (0x00007f871ca42000)
|  	libkeyutils.so.1 => /lib/x86_64-linux-gnu/libkeyutils.so.1 (0x00007f871d11f000)
|  	libresolv.so.2 => /lib/x86_64-linux-gnu/libresolv.so.2 (0x00007f871c442000)
|  	libffi.so.8 => /lib/x86_64-linux-gnu/libffi.so.8 (0x00007f871bfca000)
| #################################################################################################

| Checking Amazon Cloud instance ID...   Not found
| Cannot find license.dat file /global/software/TeraChem/2023.11-intel-2023.2.0-CUDA-12.2.1/license.dat


| TRYING THE NETWORK LICENSE...
| Connecting to license server '54.208.252.40' port '8877'...
| Connected!
| Checking your license...

| **************************************************************
|  Greetings, Martinez Group! You have 1000 licenses in total
|  IN USE: 12
|  AVAILABLE: 988
| **************************************************************

-----------------------------------
Processed Input file:
                   method b3lyp
                     dftd d3
                   charge 0
              coordinates 6.xyz
                    basis 6-31gss
                      run gradient
-----------------------------------
Jobname: 6
Scratch data will be generated
Scratch directory: ./scr.6
| Random number seed: 1288763360

XYZ coordinates 6.xyz
Molden File Output: ./scr.6/6.molden
Using basis set: 6-31gss
dmrgstart not found
Spin multiplicity: 1
DIIS will use up to 10 vectors.
Condition number limit for the DIIS overlap matrix is            0
WF convergence threshold: 3.00e-05
Using DIIS algorithm to converge WF
Maximum number of SCF iterations: 100
Incremental fock with rebuild every 8 iterations
Will switch to conventional Fock if diffuse functions are detected
X-matrix tolerance: 1.00e-04
PRECISION: DYNAMIC
TeraChem will select linear algebra engine
DFT Functional requested: b3lyp
Method: B3LYP  with dispersion correction
  Hartree-Fock exact exchange:          0.20 
  Slater exchange functional:           0.80 
  Becke 1988 exchange functional:       0.72 
  Lee-Yang-Parr correlation functional: 0.81 
  VWN(I) correlation functional:        0.19 
Wavefunction: RESTRICTED

 DFT-D code reimplemented following the
 code by S.Grimme, University Bonn 
 based on DFTD3 V3.2 Rev 0         
 
Please cite DFT-D3 work done with this code as:
S. Grimme, J. Antony, S. Ehrlich and H. Krieg,
J. Chem. Phys. 132 (2010), 154104
If used with BJ-damping cite also
S. Grimme, S. Ehrlich and L. Goerigk,
J. Comput. Chem. 32 (2011), 1456-1465
For DFT-D2 the reference is
S. Grimme, J. Comput. Chem., 27 (2006), 1787-1799
DFT grid type: 1
Using dynamic DFT grids.
Initial guess generated by maximum overlap

********************************************
**** SINGLE POINT GRADIENT CALCULATIONS ****
********************************************
SCF:   Initial guess is taken from previous step
Starting TensorBox...
| TeraChem will select linear algebra engine
| Using cuSolver for matrix diagonalization

| using 1 out of 1 CUDA devices
|   Device 0: NVIDIA GeForce RTX 3080, 10009MB, CC 8.6 -- CPU THREAD 0
| -------------------------------------------------------------------
| CPU Memory Available: 18127.88 MegaWords 
| GPU Memory Available: 995.18 MegaWords 
| Maximum recommended basis set size: 11200 basis functions
|  (limited by GPU memory)
| -------------------------------------------------------------------
| Initialize GPUBox with 128 MW of memory

****** QM coordinates ******
O         1.0290000000        -1.4350000000        -2.6010000000  
H         1.4660000000        -1.1650000000        -1.7610000000  
H         0.9590000000        -1.3840000000        -3.5750000000  
O        -0.7110000000         0.7960000000         0.0300000000  
H        -0.1010000000         1.5620000000         0.1230000000  
H        -1.2950000000         0.0440000000         0.0670000000  

Basis set:       6-31gss
Total atoms:     6
Total charge:    0
Total electrons: 20 (10-alpha, 10-beta)
Number electrons modeled by ECPs: 0
Total orbitals:  50
Total AO shells: 24 (14 S-shells; 8 P-shells; 2 D-shells; 0 F-shells; 0 G-shells)
Spin multiplicity: 1
Nuclear repulsion energy (QM atoms): 31.493070656195 a.u.

DFTD Energy:    -0.0014896 hartree
Setting up the DFT grid...
| time to set the grid = 0.00 s
DFT grid points: 6285 (1047 points/atom)
Setting up the DFT grid...
| time to set the grid = 0.00 s
DFT grid points: 17451 (2908 points/atom)

                      *** Start SCF Iterations ***

 Iter     DIIS Error       Energy change      Electrons        XC Energy           Energy        Time(s)
----------------------------------------------------------------------------------------------------------
| Purifying guess...
| Trace of guess  20.00000000, trace of guess*guess  20.00000000,  electron number  20.00000000 
| Guess is well-conditioned: purify...
| Purification run on CPU (double precision)  using TC2 purification.
| Density matrix purification finished after a total of 0 matrix multiplies
| THRESPDP set to 1.00e+00
|                 >>> SWITCHING TO GRID 1 <<<
|    1     0.4918379275    -151.9213599977    19.9999770345   -14.3992813091    -151.9213599977     0.11  
|                 >>> SWITCHING TO GRID 0 <<<
|    2     0.4482696067      -0.3010351009    20.0000870347   -15.9567670452    -152.2223950986     0.04  
|    3     0.0676154174      -0.5153330777    19.9998837146   -14.9937126933    -152.7377281764     0.04  
|    4     0.0081704332      -0.0112820695    19.9999109524   -15.0960604910    -152.7490102459     0.04  
|                 >>> SWITCHING TO GRID 1 <<<
|    5     0.0048125796      -0.0001326460    19.9999800764   -15.1037439071    -152.7491428919     0.06  
| THRESPDP set to 3.24e-02
|    6     0.0013489589      -0.0000307119    19.9999796142   -15.1056363127    -152.7491736039     0.06  
|    7     0.0000914465      -0.0000026970    19.9999796463   -15.1065363817    -152.7491763009     0.06  
|    8     0.0000073177      -0.0000001784    19.9999796471   -15.1066312277    -152.7491764793     0.06  
----------------------------------------------------------------------------------------------------------
FINAL ENERGY: -152.7491764793 a.u.
DISPERSION CONTRIBUTION TO ENERGY: -0.0014895831 a.u.
HOMO-LUMO GAP: 8.134 eV
CENTER OF MASS: {0.169996, -0.310127, -1.285612} ANGS
DIPOLE MOMENT: {0.790104, 0.739223, 0.048253} (|D| = 1.083072) DEBYE

Running Mulliken population analysis...


Gradient units are Hartree/Bohr
---------------------------------------------------
        dE/dX            dE/dY            dE/dZ
    0.0309017693     0.0296899356    -0.0178462098
   -0.0009394513    -0.0099361496     0.0520129562
   -0.0285559452    -0.0203272283    -0.0347962372
   -0.0211343165    -0.0266303024     0.0163847325
    0.0326227244     0.0416094334    -0.0061333222
   -0.0128947816    -0.0144056890    -0.0096219206
---------------------------------------------------
Net gradient: -8.946580e-10 -3.505497e-10 -1.034191e-09
Net torque:   -1.642275e-04 -1.265534e-04  7.452486e-05

Writing out molden info
| Total processing time: 0.63 sec 

| Job finished: Wed Apr 17 14:16:07 2024

