-I: Adding /global/software/Amber/20-GCC-4.8.1/build2/dat/leap/prep to search path.
-I: Adding /global/software/Amber/20-GCC-4.8.1/build2/dat/leap/lib to search path.
-I: Adding /global/software/Amber/20-GCC-4.8.1/build2/dat/leap/parm to search path.
-I: Adding /global/software/Amber/20-GCC-4.8.1/build2/dat/leap/cmd to search path.
-f: Source setup.leap.

Welcome to LEaP!
(no leaprc in search path)

Error: Could not open file setup.leap: not found
